******************************************************************************
            TI ARM Clang Linker Unix v3.2.1                    
******************************************************************************
>> Linked Fri Aug 16 14:45:32 2024

OUTPUT FILE NAME:   <hello_world.release.out>
ENTRY POINT SYMBOL: "_self_reset_start"  address: a0212128


MEMORY CONFIGURATION

         name            origin    length      used     unused   attr    fill
----------------------  --------  ---------  --------  --------  ----  --------
  R5F_TCMA_VEC          00000000   00000040  00000000  00000040  RWIX
  R5F_TCMA              00000040   00007fc0  00001270  00006d50  RWIX
  R5F_TCMB_VEC          41010000   00000040  00000040  00000000  RWIX
  R5F_TCMB              41010040   00007fc0  00001270  00006d50  RWIX
  DDR                   a0200000   00e00000  0003a282  00dc5d7e  RWIX


SEGMENT ALLOCATION MAP

run origin  load origin   length   init length attrs members
----------  ----------- ---------- ----------- ----- -------
00000040    41010040    00001270   00001270    r-x
  00000040    41010040    00000898   00000898    r-x .text.hwi
  000008d8    410108d8    00000548   00000548    r-x .text.cache
  00000e20    41010e20    00000338   00000338    r-x .text.mpu
  00001158    41011158    00000150   00000150    r-x .text.boot
  000012a8    410112a8    00000008   00000008    r-x .text:abort
41010000    41010000    00000040   00000000    rw-
  41010000    41010000    00000040   00000000    rw- .common:boot_vector
a0200000    a0200000    00012e40   00012e40    r-x
  a0200000    a0200000    00012e40   00012e40    r-x .text
a0212e40    a0212e40    000178a0   00000000    rw-
  a0212e40    a0212e40    0000f8a0   00000000    rw- .bss
  a02226e0    a02226e0    00008000   00000000    rw- .sysmem
a022a6e0    a022a6e0    00008020   00008020    r-x
  a022a6e0    a022a6e0    00005720   00005720    r-- .rodata
  a022fe00    a022fe00    000028c0   000028c0    r-- .const
  a02326c0    a02326c0    00000040   00000040    r-x .vectors
a0232700    a0232700    00001880   00001880    rw-
  a0232700    a0232700    00001880   00001880    rw- .data
a0233f80    a0233f80    00000f02   00000f02    r--
  a0233f80    a0233f80    00000f02   00000f02    r-- .boardcfg_data
a0ffac00    a0ffac00    00001400   00000000    r--
  a0ffac00    a0ffac00    00001000   00000000    r-- .irqstack
  a0ffbc00    a0ffbc00    00000100   00000000    r-- .fiqstack
  a0ffbd00    a0ffbd00    00000100   00000000    r-- .svcstack
  a0ffbe00    a0ffbe00    00000100   00000000    r-- .abortstack
  a0ffbf00    a0ffbf00    00000100   00000000    r-- .undefinedstack
a0ffc000    a0ffc000    00004000   00000000    rw-
  a0ffc000    a0ffc000    00004000   00000000    rw- .stack


SECTION ALLOCATION MAP

 output                                  attributes/
section   page    origin      length       input sections
--------  ----  ----------  ----------   ----------------
.vectors   0    a02326c0    00000040     
                  a02326c0    00000040     freertos.j722s.r5f.ti-arm-clang.release.lib : HwiP_armv7r_vectors_freertos_asm.obj (.vectors)

.text.hwi 
*          0    41010040    00000898     RUN ADDR = 00000040
                  41010040    00000408     freertos.j722s.r5f.ti-arm-clang.release.lib : HwiP_armv7r_vim.obj (.text.hwi)
                  41010448    0000022c                                                 : portASM.obj (.text.hwi)
                  41010674    000001ea                                                 : HwiP_armv7r_handlers_freertos.obj (.text.hwi)
                  4101085e    00000002     --HOLE-- [fill = 00000000]
                  41010860    00000070                                                 : HwiP_armv7r_asm.obj (.text.hwi)
                  410108d0    00000008                                                 : HwiP_armv7r_asm.obj (.tramp.HwiP_enableFIQ.1)

.text.cache 
*          0    410108d8    00000548     RUN ADDR = 000008d8
                  410108d8    00000458     freertos.j722s.r5f.ti-arm-clang.release.lib : CacheP_armv7r_asm.obj (.text.cache)
                  41010d30    000000d8                                                 : CacheP_armv7r.obj (.text.cache)
                  41010e08    00000008                                                 : CacheP_armv7r_asm.obj (.tramp.CacheP_invL1d.1)
                  41010e10    00000008                                                 : CacheP_armv7r_asm.obj (.tramp.CacheP_enableL1p.1)
                  41010e18    00000008                                                 : HwiP_armv7r_asm.obj (.tramp.HwiP_restore.1)

.text.mpu 
*          0    41010e20    00000338     RUN ADDR = 00000e20
                  41010e20    000001b8     freertos.j722s.r5f.ti-arm-clang.release.lib : MpuP_armv7r.obj (.text.mpu)
                  41010fd8    00000164                                                 : MpuP_armv7r_asm.obj (.text.mpu)
                  4101113c    00000008                                                 : MpuP_armv7r_asm.obj (.tramp.MpuP_setRegionAsm.1)
                  41011144    00000008                                                 : HwiP_armv7r_asm.obj (.tramp.HwiP_restore.2)
                  4101114c    00000008                                                 : MpuP_armv7r_asm.obj (.tramp.MpuP_isEnableAsm.1)
                  41011154    00000004     --HOLE-- [fill = 00000000]

.text.boot 
*          0    41011158    00000150     RUN ADDR = 00001158
                  41011158    000000fc     freertos.j722s.r5f.ti-arm-clang.release.lib : boot_armv7r_asm.obj (.text.boot)
                  41011254    0000001e                                                 : DebugP_log.obj (.text.boot)
                  41011272    0000000e     ti_dpl_config.obj (.text.boot)
                  41011280    00000008     libc.a : exit.c.obj (.tramp.exit.1)
                  41011288    0000000c     main.obj (.tramp.main.1)
                  41011294    00000008     libc.a : autoinit.c.obj (.tramp.__TI_auto_init_nobinit_nopinit.1)
                  4101129c    0000000c     freertos.j722s.r5f.ti-arm-clang.release.lib : boot_armv7r.obj (.tramp._system_pre_init.1)

.text:abort 
*          0    410112a8    00000008     RUN ADDR = 000012a8
                  410112a8    00000008     libc.a : exit.c.obj (.text:abort)

.text      0    a0200000    00012e40     
                  a0200000    000007c6     rm_pm_hal.j722s.wkup-r5f.ti-arm-clang.release.lib : pll.obj (.text.pll_calc)
                  a02007c6    000006c4                                                       : rm_udmap.obj (.text.rm_udmap_tx_ch_cfg)
                  a0200e8a    000006a0                                                       : rm_udmap.obj (.text.rm_udmap_rx_ch_cfg)
                  a020152a    00000002     ti_board_open_close.obj (.text.Board_driversClose)
                  a020152c    00000598     freertos.j722s.r5f.ti-arm-clang.release.lib : printf.obj (.text._vsnprintf)
                  a0201ac4    000004ee     drivers.j722s.wkup-r5f.ti-arm-clang.release.lib : uart_v0.obj (.text.UART_open)
                  a0201fb2    000004c6     rm_pm_hal.j722s.wkup-r5f.ti-arm-clang.release.lib : psc.obj (.text.lpsc_module_sync_state)
                  a0202478    00000414                                                       : rm_ra.obj (.text.rm_ra_cfg)
                  a020288c    000003d4                                                       : clk_pll_16fft.obj (.text.clk_pll_16fft_init)
                  a0202c60    00000398     freertos.j722s.r5f.ti-arm-clang.release.lib : printf.obj (.text._ftoa)
                  a0202ff8    00000008                                                 : printf.obj (.text._out_char)
                  a0203000    00000390     libc.a : strcmp32.S.obj (.text:strcmp)
                  a0203390    00000374     sciclient_direct.j722s.wkup-r5f.ti-arm-clang.release.lib : sciclient.obj (.text.Sciclient_serviceSecureProxy)
                  a0203704    00000004     ti_board_open_close.obj (.text.Board_driversOpen)
                  a0203708    00000310     freertos.j722s.r5f.ti-arm-clang.release.lib : printf.obj (.text._etoa)
                  a0203a18    0000030e     rm_pm_hal.j722s.wkup-r5f.ti-arm-clang.release.lib : rm_udmap.obj (.text.rm_udmap_flow_cfg)
                  a0203d26    00000002     ti_board_config.obj (.text.Board_init)
                  a0203d28    00000302     sciserver.j722s.wkup-r5f.ti-arm-clang.release.lib : sciserver.obj (.text.Sciserver_processtask)
                  a020402a    000002ce     rm_pm_hal.j722s.wkup-r5f.ti-arm-clang.release.lib : clk_pll_16fft.obj (.text.clk_pll_16fft_hsdiv_set_freq)
                  a02042f8    000002be                                                       : pll.obj (.text.pll_consider)
                  a02045b6    000002a0                                                       : clk_pll_16fft.obj (.text.clk_pll_16fft_program_freq)
                  a0204856    0000029e                                                       : clk_div.obj (.text.clk_div_set_freq)
                  a0204af4    00000286                                                       : rm_irq.obj (.text.rm_irq_release)
                  a0204d7a    0000026c                                                       : device_clk.obj (.text.dev_clk_set_freq)
                  a0204fe6    0000024e                                                       : rm_irq.obj (.text.rm_irq_set)
                  a0205234    00000222     drivers.j722s.wkup-r5f.ti-arm-clang.release.lib : uart_v0.obj (.text.UART_masterIsr)
                  a0205456    00000002     freertos.j722s.r5f.ti-arm-clang.release.lib : printf.obj (.text._out_null)
                  a0205458    0000021e                                                 : timers.obj (.text.prvTimerTask)
                  a0205676    00000204     sciclient_direct.j722s.wkup-r5f.ti-arm-clang.release.lib : sciclient_direct.obj (.text.Sciclient_service)
                  a020587a    000001fe     drivers.j722s.wkup-r5f.ti-arm-clang.release.lib : uart_v0.obj (.text.UART_write)
                  a0205a78    000001f8     sciclient_direct.j722s.wkup-r5f.ti-arm-clang.release.lib : sciclient.obj (.text.Sciclient_init)
                  a0205c70    000001ec     rm_pm_hal.j722s.wkup-r5f.ti-arm-clang.release.lib : psc.obj (.text.psc_pre_init)
                  a0205e5c    000001da                                                       : device.obj (.text.devices_init)
                  a0206036    000001c4     freertos.j722s.r5f.ti-arm-clang.release.lib : queue.obj (.text.xQueueSemaphoreTake)
                  a02061fa    000001c0                                                 : TimerP.obj (.text.TimerP_setup)
                  a02063ba    00000002     rm_pm_hal.j722s.wkup-r5f.ti-arm-clang.release.lib : ioremap.obj (.text.ioremap_internal)
                  a02063bc    000001b4     libc.a : memory.c.obj (.text.aligned_alloc)
                  a0206570    000001b0            : memory.c.obj (.text.free)
                  a0206720    000001b0     freertos.j722s.r5f.ti-arm-clang.release.lib : queue.obj (.text.xQueueGenericSend)
                  a02068d0    00000198     rm_pm_hal.j722s.wkup-r5f.ti-arm-clang.release.lib : clk.obj (.text.clk_init)
                  a0206a68    00000188     freertos.j722s.r5f.ti-arm-clang.release.lib : queue.obj (.text.xQueueReceive)
                  a0206bf0    0000017c                                                 : TaskP_freertos.obj (.text.TaskP_construct)
                  a0206d6c    00000172     rm_pm_hal.j722s.wkup-r5f.ti-arm-clang.release.lib : rm_udmap.obj (.text.rm_udmap_gcfg_cfg)
                  a0206ede    00000168                                                       : device_process.obj (.text.set_device_handler)
                  a0207046    00000168     freertos.j722s.r5f.ti-arm-clang.release.lib : tasks.obj (.text.xTaskIncrementTick)
                  a02071ae    00000162     sciserver.j722s.wkup-r5f.ti-arm-clang.release.lib : sciserver_tirtos.obj (.text.Sciserver_tirtosInit)
                  a0207310    0000015c     rm_pm_hal.j722s.wkup-r5f.ti-arm-clang.release.lib : rm_ir.obj (.text.rm_ir_configure)
                  a020746c    00000154     sciclient_direct.j722s.wkup-r5f.ti-arm-clang.release.lib : sciclient_direct.obj (.text.Sciclient_ProcessPmMessage)
                  a02075c0    00000152     freertos.j722s.r5f.ti-arm-clang.release.lib : printf.obj (.text._ntoa_format)
                  a0207712    00000150     rm_pm_hal.j722s.wkup-r5f.ti-arm-clang.release.lib : rm_ra.obj (.text.ra_set_ring_evt)
                  a0207862    0000014e     self_reset.j722s.wkup-r5f.ti-arm-clang.release.lib : dm_self_reset.obj (.text.dm_r5_self_reset)
                  a02079b0    00000146     drivers.j722s.wkup-r5f.ti-arm-clang.release.lib : uart_v0.obj (.text.UART_close)
                  a0207af6    00000146     rm_pm_hal.j722s.wkup-r5f.ti-arm-clang.release.lib : clk_pll_16fft.obj (.text.clk_pll_16fft_get_freq)
                  a0207c3c    00000144     libc.a : setvbuf.c.obj (.text.setvbuf)
                  a0207d80    00000142     rm_pm_hal.j722s.wkup-r5f.ti-arm-clang.release.lib : rm_ra.obj (.text.ra_get_ring_evt)
                  a0207ec2    00000138     freertos.j722s.r5f.ti-arm-clang.release.lib : ClockP_freertos_r5.obj (.text.ClockP_init)
                  a0207ffa    00000132     drivers.j722s.wkup-r5f.ti-arm-clang.release.lib : soc.obj (.text.SOC_moduleSetClockFrequency)
                  a020812c    0000012e     rm_pm_hal.j722s.wkup-r5f.ti-arm-clang.release.lib : device_clk.obj (.text.device_clk_get_parent)
                  a020825a    0000012e                                                       : rm_udmap.obj (.text.udmap_oes_index_validate)
                  a0208388    0000012c     sciclient_direct.j722s.wkup-r5f.ti-arm-clang.release.lib : sciclient_direct.obj (.text.Sciclient_ProcessRmMessage)
                  a02084b4    0000012c     rm_pm_hal.j722s.wkup-r5f.ti-arm-clang.release.lib : psc.obj (.text.psc_uninit)
                  a02085e0    00000128                                                       : clk_pll_16fft.obj (.text.clk_pll_16fft_internal_set_freq)
                  a0208708    00000126     freertos.j722s.r5f.ti-arm-clang.release.lib : queue.obj (.text.xQueueGenericSendFromISR)
                  a020882e    00000126                                                 : tasks.obj (.text.xTaskResumeAll)
                  a0208954    00000122     rm_pm_hal.j722s.wkup-r5f.ti-arm-clang.release.lib : rm_udmap.obj (.text.udmap_get_ch_evt)
                  a0208a76    0000011a                                                       : device_clk.obj (.text.device_clk_set_gated)
                  a0208b90    00000118                                                       : psc.obj (.text.psc_pd_get)
                  a0208ca8    00000118     libclang_rt.builtins.a : udivmoddi4.S.obj (.text)
                  a0208dc0    00000116     rm_pm_hal.j722s.wkup-r5f.ti-arm-clang.release.lib : rm_ia.obj (.text.rm_ia_vint_map)
                  a0208ed6    00000112                                                       : rm_udmap.obj (.text.udmap_set_ch_evt)
                  a0208fe8    00000110                                                       : clk_mux.obj (.text.clk_set_parent)
                  a02090f8    00000110                                                       : rm_core.obj (.text.rm_core_get_resource_range)
                  a0209208    0000010e                                                       : clk.obj (.text.clk_set_freq)
                  a0209316    0000010e     freertos.j722s.r5f.ti-arm-clang.release.lib : tasks.obj (.text.vTaskDelete)
                  a0209424    00000108                                                 : tasks.obj (.text.prvAddNewTaskToReadyList)
                  a020952c    00000106                                                 : queue.obj (.text.xQueueGiveFromISR)
                  a0209632    000000fc     rm_pm_hal.j722s.wkup-r5f.ti-arm-clang.release.lib : clk_pll_16fft.obj (.text.clk_pll_16fft_wait_for_lock)
                  a020972e    000000fc     freertos.j722s.r5f.ti-arm-clang.release.lib : queue.obj (.text.xQueueGenericCreateStatic)
                  a020982a    000000fa                                                 : queue.obj (.text.xQueueReceiveFromISR)
                  a0209924    000000f8     rm_pm_hal.j722s.wkup-r5f.ti-arm-clang.release.lib : rm_ia.obj (.text.ia_validate_evt)
                  a0209a1c    000000f8                                                       : rm_ia.obj (.text.rm_ia_init)
                  a0209b14    000000f6                                                       : psc.obj (.text.lpsc_module_wait)
                  a0209c0a    000000f6                                                       : map.obj (.text.map_add)
                  a0209d00    000000f6                                                       : rm_ia.obj (.text.rm_ia_vint_unmap)
                  a0209df6    000000f6     freertos.j722s.r5f.ti-arm-clang.release.lib : tasks.obj (.text.vTaskSwitchContext)
                  a0209eec    000000f4     rm_pm_hal.j722s.wkup-r5f.ti-arm-clang.release.lib : clk_div.obj (.text.clk_div_notify_freq)
                  a0209fe0    000000f4     libc.a : fputc.c.obj (.text.fputc)
                  a020a0d4    000000f2     rm_pm_hal.j722s.wkup-r5f.ti-arm-clang.release.lib : rm_udmap.obj (.text.rm_udmap_is_managed_resasg_utype)
                  a020a1c6    000000ec                                                       : psc.obj (.text.lpsc_module_put_internal)
                  a020a2b2    000000e0                                                       : psc.obj (.text.psc_post_init)
                  a020a392    000000dc                                                       : rm_ra.obj (.text.rm_ra_mon_cfg)
                  a020a46e    000000dc                                                       : sec_proxy.obj (.text.trans_message)
                  a020a54a    000000da                                                       : rm_ia.obj (.text.ia_set_oes_evt)
                  a020a624    000000da     freertos.j722s.r5f.ti-arm-clang.release.lib : tasks.obj (.text.vTaskPriorityDisinheritAfterTimeout)
                  a020a6fe    000000d8     rm_pm_hal.j722s.wkup-r5f.ti-arm-clang.release.lib : psc.obj (.text.psc_pd_put)
                  a020a7d6    000000d6                                                       : clk_div.obj (.text.clk_div_set_freq_static_parent)
                  a020a8ac    000000d4                                                       : clk_div.obj (.text.clk_div_reg_go_set_div)
                  a020a980    000000d4                                                       : div64.obj (.text.pm_div64)
                  a020aa54    000000d2                                                       : clk_pll_16fft.obj (.text.clk_pll_16fft_set_freq)
                  a020ab26    000000d2                                                       : rm_ia.obj (.text.ia_get_oes_evt)
                  a020abf8    000000d0                                                       : clock.obj (.text.get_clock_handler)
                  a020acc8    000000d0                                                       : rm_udmap.obj (.text.rm_udmap_flow_delegate)
                  a020ad98    000000ce     sciclient_direct.j722s.wkup-r5f.ti-arm-clang.release.lib : sciclient_direct.obj (.text.Sciclient_boardCfgParseHeader)
                  a020ae66    000000ce     rm_pm_hal.j722s.wkup-r5f.ti-arm-clang.release.lib : device_psc.obj (.text.soc_device_init)
                  a020af34    000000ce     freertos.j722s.r5f.ti-arm-clang.release.lib : heap_4.obj (.text.vPortFree)
                  a020b002    000000cc                                                 : timers.obj (.text.prvSampleTimeNow)
                  a020b0ce    000000cc     rm_pm_hal.j722s.wkup-r5f.ti-arm-clang.release.lib : clock.obj (.text.query_freq_handler)
                  a020b19a    000000ca                                                       : boardcfg-user.obj (.text.boardcfg_rm_receive_and_validate)
                  a020b264    000000c8     libc.a : getdevice.c.obj (.text.getdevice)
                  a020b32c    000000c6     freertos.j722s.r5f.ti-arm-clang.release.lib : tasks.obj (.text.xTaskCreateStatic)
                  a020b3f2    000000c6                                                 : tasks.obj (.text.xTaskPriorityDisinherit)
                  a020b4b8    000000c4     rm_pm_hal.j722s.wkup-r5f.ti-arm-clang.release.lib : device_clk.obj (.text.device_clk_set_parent)
                  a020b57c    000000c4                                                       : psc.obj (.text.lpsc_module_get_internal)
                  a020b640    000000c4     freertos.j722s.r5f.ti-arm-clang.release.lib : tasks.obj (.text.prvInitialiseNewTask)
                  a020b704    000000c4     rm_pm_hal.j722s.wkup-r5f.ti-arm-clang.release.lib : rm_ir.obj (.text.rm_ir_clear)
                  a020b7c8    000000c0                                                       : clk.obj (.text.clk_get)
                  a020b888    000000c0                                                       : clock.obj (.text.set_clock_handler)
                  a020b948    000000be                                                       : rm_core.obj (.text.rm_core_resasg_validate_resource)
                  a020ba06    000000be                                                       : rm_ra.obj (.text.rm_ra_init)
                  a020bac4    000000be                                                       : clock.obj (.text.set_freq_handler)
                  a020bb82    000000bc     sciclient_direct.j722s.wkup-r5f.ti-arm-clang.release.lib : sciclient_pm.obj (.text.Sciclient_pmQueryModuleClkFreq)
                  a020bc3e    000000bc     rm_pm_hal.j722s.wkup-r5f.ti-arm-clang.release.lib : rm_core.obj (.text.rm_core_init)
                  a020bcfa    000000ba     freertos.j722s.r5f.ti-arm-clang.release.lib : tasks.obj (.text.vTaskStartScheduler)
                  a020bdb4    000000b8     drivers.j722s.wkup-r5f.ti-arm-clang.release.lib : uart_v0.obj (.text.UART_divisorLatchWrite)
                  a020be6c    000000b8                                                     : uart_v0.obj (.text.UART_flushTxFifo)
                  a020bf24    000000b4     libc.a : fclose.c.obj (.text.__TI_closefile)
                  a020bfd8    000000b4            : fseek.c.obj (.text.fseeko)
                  a020c08c    000000b0     freertos.j722s.r5f.ti-arm-clang.release.lib : printf.obj (.text._ntoa_long_long)
                  a020c13c    000000b0     rm_pm_hal.j722s.wkup-r5f.ti-arm-clang.release.lib : device_prepare.obj (.text.device_prepare)
                  a020c1ec    000000b0                                                       : init.obj (.text.pm_init)
                  a020c29c    000000ae     sciclient_direct.j722s.wkup-r5f.ti-arm-clang.release.lib : sciclient.obj (.text.Sciclient_servicePrepareHeader)
                  a020c34a    00000006     sciserver.j722s.wkup-r5f.ti-arm-clang.release.lib : sciserver_secproxyTransfer.obj (.text.Sciserver_SproxyMsgRead)
                  a020c350    000000ae     sciclient_direct.j722s.wkup-r5f.ti-arm-clang.release.lib : sciclient_direct.obj (.text.boardcfgRmFindCertSize)
                  a020c3fe    000000ac     rm_pm_hal.j722s.wkup-r5f.ti-arm-clang.release.lib : rm_udmap.obj (.text.rm_udmap_init)
                  a020c4aa    000000aa     sciclient_direct.j722s.wkup-r5f.ti-arm-clang.release.lib : sciclient_pm.obj (.text.Sciclient_pmSetModuleClkFreq)
                  a020c554    000000aa                                                              : sciclient.obj (.text.Sciclient_serviceGetThreadIds)
                  a020c5fe    000000aa     drivers.j722s.wkup-r5f.ti-arm-clang.release.lib : uart_v0.obj (.text.UART_procLineStatusErr)
                  a020c6a8    000000aa     rm_pm_hal.j722s.wkup-r5f.ti-arm-clang.release.lib : psc.obj (.text.psc_pd_wait)
                  a020c752    000000a8                                                       : device_process.obj (.text.get_device_handler)
                  a020c7fa    000000a8                                                       : rm_ir.obj (.text.ir_clear_rom_mapping)
                  a020c8a2    000000a8                                                       : rm_ra.obj (.text.rm_ra_validate_ring_index)
                  a020c94a    000000a8                                                       : rm_udmap.obj (.text.udmap_check_index_range)
                  a020c9f2    000000a8     freertos.j722s.r5f.ti-arm-clang.release.lib : tasks.obj (.text.xTaskPriorityInherit)
                  a020ca9a    000000a8                                                 : tasks.obj (.text.xTaskRemoveFromEventList)
                  a020cb42    000000a6                                                 : TaskP_freertos.obj (.text.TaskP_loadUpdateAll)
                  a020cbe8    000000a6                                                 : printf.obj (.text._out_rev)
                  a020cc8e    000000a6     rm_pm_hal.j722s.wkup-r5f.ti-arm-clang.release.lib : clk_pll_16fft.obj (.text.clk_pll_16fft_postdiv_set_div)
                  a020cd34    000000a6                                                       : psc.obj (.text.lpsc_module_set_local_reset)
                  a020cdda    00000002                                                       : mmr_lock.obj (.text.mmr_lock_all)
                  a020cddc    000000a4     libc.a : memory.c.obj (.text.split)
                  a020ce80    000000a2     freertos.j722s.r5f.ti-arm-clang.release.lib : tasks.obj (.text.xTaskCheckForTimeOut)
                  a020cf22    00000002     rm_pm_hal.j722s.wkup-r5f.ti-arm-clang.release.lib : map.obj (.text.u32_get_bytes)
                  a020cf24    000000a0     libsysbm.a : hostrename.c.obj (.text.HOSTrename)
                  a020cfc4    000000a0     rm_pm_hal.j722s.wkup-r5f.ti-arm-clang.release.lib : device_pm.obj (.text.device_set_state)
                  a020d064    000000a0     freertos.j722s.r5f.ti-arm-clang.release.lib : tasks.obj (.text.prvAddCurrentTaskToDelayedList)
                  a020d104    0000009e     rm_pm_hal.j722s.wkup-r5f.ti-arm-clang.release.lib : clk.obj (.text.clk_generic_set_freq_parent)
                  a020d1a2    0000009e     freertos.j722s.r5f.ti-arm-clang.release.lib : tasks.obj (.text.eTaskGetState)
                  a020d240    0000009c     libc.a : _io_perm.c.obj (.text.__TI_wrt_ok)
                  a020d2dc    0000009c     rm_pm_hal.j722s.wkup-r5f.ti-arm-clang.release.lib : clk_div.obj (.text.clk_div_reg_set_div)
                  a020d378    0000009c                                                       : clk_pll_16fft.obj (.text.clk_pll_16fft_postdiv_set_freq)
                  a020d414    0000009c                                                       : psc.obj (.text.lpsc_module_set_module_reset)
                  a020d4b0    00000098     libsysbm.a : hostlseek.c.obj (.text.HOSTlseek)
                  a020d548    00000098     rm_pm_hal.j722s.wkup-r5f.ti-arm-clang.release.lib : clk_mux.obj (.text.clk_mux_set_parent)
                  a020d5e0    00000098                                                       : clk_pll_16fft.obj (.text.clk_pll_16fft_get_state)
                  a020d678    00000096     sciclient_direct.j722s.wkup-r5f.ti-arm-clang.release.lib : sciclient.obj (.text.Sciclient_ISR)
                  a020d70e    00000096     rm_pm_hal.j722s.wkup-r5f.ti-arm-clang.release.lib : clk.obj (.text.clk_notify_sibling_freq)
                  a020d7a4    00000096                                                       : rm_irq.obj (.text.irq_trace_remaining_params)
                  a020d83a    00000096                                                       : rm_udmap.obj (.text.udmap_check_flow_index)
                  a020d8d0    00000096     freertos.j722s.r5f.ti-arm-clang.release.lib : tasks.obj (.text.vTaskGetInfo)
                  a020d966    00000002                                                 : port.obj (.text.vPortConfigTimerForRunTimeStats)
                  a020d968    00000094     libsysbm.a : hostopen.c.obj (.text.HOSTopen)
                  a020d9fc    00000094     drivers.j722s.wkup-r5f.ti-arm-clang.release.lib : uart_v0.obj (.text.UART_init)
                  a020da90    00000092     sciclient_direct.j722s.wkup-r5f.ti-arm-clang.release.lib : sciclient_boardcfg.obj (.text.Sciclient_boardCfgRm)
                  a020db22    00000092     freertos.j722s.r5f.ti-arm-clang.release.lib : port.obj (.text.pxPortInitialiseStack)
                  a020dbb4    00000092     rm_pm_hal.j722s.wkup-r5f.ti-arm-clang.release.lib : rm_ra.obj (.text.ra_check_index_range)
                  a020dc46    00000090                                                       : psc.obj (.text.psc_drop_pwr_up_ref)
                  a020dcd6    0000008e     sciclient_direct.j722s.wkup-r5f.ti-arm-clang.release.lib : sciclient_boardcfg.obj (.text.Sciclient_boardCfgPm)
                  a020dd64    0000008c     libc.a : fflush.c.obj (.text.__TI_doflush)
                  a020ddf0    0000008c     freertos.j722s.r5f.ti-arm-clang.release.lib : printf.obj (.text._ntoa_long)
                  a020de7c    0000008c     libsysbm.a : close.c.obj (.text.close)
                  a020df08    00000086     sciclient_direct.j722s.wkup-r5f.ti-arm-clang.release.lib : sciclient_pm.obj (.text.Sciclient_pmGetModuleClkNumParent)
                  a020df8e    00000086                                                              : sciclient_pm.obj (.text.Sciclient_pmGetModuleClkParent)
                  a020e014    00000086     freertos.j722s.r5f.ti-arm-clang.release.lib : timers.obj (.text.xTimerCreateTimerTask)
                  a020e09a    00000002                                                 : port.obj (.text.vPortEndScheduler)
                  a020e09c    00000084     libsysbm.a : hostread.c.obj (.text.HOSTread)
                  a020e120    00000084                : hostwrite.c.obj (.text.HOSTwrite)
                  a020e1a4    00000084     sciclient_direct.j722s.wkup-r5f.ti-arm-clang.release.lib : sciclient_pm.obj (.text.Sciclient_pmModuleGetClkStatus)
                  a020e228    00000084                                                              : sciclient_secureproxy.obj (.text.Sciclient_sendMessage)
                  a020e2ac    00000084     rm_pm_hal.j722s.wkup-r5f.ti-arm-clang.release.lib : psc.obj (.text.lpsc_module_clk_put)
                  a020e330    00000084     sciserver.j722s.wkup-r5f.ti-arm-clang.release.lib : sciserver_init.obj (.text.sciServer_init)
                  a020e3b4    00000082     sciclient_direct.j722s.wkup-r5f.ti-arm-clang.release.lib : sciclient_pm.obj (.text.Sciclient_pmGetModuleState)
                  a020e436    00000082     rm_pm_hal.j722s.wkup-r5f.ti-arm-clang.release.lib : clk_dev.obj (.text.clk_from_device_get_state)
                  a020e4b8    00000082                                                       : clock.obj (.text.get_clock_parent_handler)
                  a020e53a    00000082                                                       : clock.obj (.text.get_num_clock_parents_handler)
                  a020e5bc    00000082                                                       : rm_ra.obj (.text.rm_ra_is_managed_resasg_utype)
                  a020e63e    00000080     main.obj (.text.main)
                  a020e6be    00000080     freertos.j722s.r5f.ti-arm-clang.release.lib : queue.obj (.text.prvCopyDataToQueue)
                  a020e73e    00000080     rm_pm_hal.j722s.wkup-r5f.ti-arm-clang.release.lib : rm_ir.obj (.text.rm_ir_get_outp)
                  a020e7be    00000080                                                       : clock.obj (.text.set_clock_parent_handler)
                  a020e83e    00000080     freertos.j722s.r5f.ti-arm-clang.release.lib : queue.obj (.text.xQueueGenericReset)
                  a020e8be    0000007e     sciclient_direct.j722s.wkup-r5f.ti-arm-clang.release.lib : sciclient_pm.obj (.text.Sciclient_pmModuleClkRequest)
                  a020e93c    0000007e                                                              : sciclient_pm.obj (.text.Sciclient_pmSetModuleClkParent)
                  a020e9ba    0000007e     rm_pm_hal.j722s.wkup-r5f.ti-arm-clang.release.lib : clk.obj (.text.clk_put)
                  a020ea38    0000007e                                                       : device_clk.obj (.text.device_clk_init)
                  a020eab6    0000007c                                                       : psc.obj (.text.lpsc_module_set_reset_iso)
                  a020eb32    0000007a                                                       : device_clk.obj (.text.get_dev_clk)
                  a020ebac    0000007a     freertos.j722s.r5f.ti-arm-clang.release.lib : timers.obj (.text.prvCheckForValidListAndQueue)
                  a020ec26    0000007a     rm_pm_hal.j722s.wkup-r5f.ti-arm-clang.release.lib : rm_irq.obj (.text.rm_irq_oes_src_register)
                  a020eca0    00000076     freertos.j722s.r5f.ti-arm-clang.release.lib : DebugP_freertos.obj (.text._DebugP_logZone)
                  a020ed16    00000076     rm_pm_hal.j722s.wkup-r5f.ti-arm-clang.release.lib : clk_mux.obj (.text.clk_mux_get_parent)
                  a020ed8c    00000076                                                       : device_psc.obj (.text.soc_device_get_state)
                  a020ee02    00000076     freertos.j722s.r5f.ti-arm-clang.release.lib : timers.obj (.text.xTimerGenericCommand)
                  a020ee78    00000074     sciserver.j722s.wkup-r5f.ti-arm-clang.release.lib : sciserver_secproxyTransfer.obj (.text.Sciserver_SproxyTxIsReady)
                  a020eeec    00000074     rm_pm_hal.j722s.wkup-r5f.ti-arm-clang.release.lib : clock.obj (.text.get_freq_handler)
                  a020ef60    00000074                                                       : rm_ia.obj (.text.ia_unmap_clear_rom_mapping)
                  a020efd4    00000072     freertos.j722s.r5f.ti-arm-clang.release.lib : queue.obj (.text.prvUnlockQueue)
                  a020f046    00000072     rm_pm_hal.j722s.wkup-r5f.ti-arm-clang.release.lib : rm_udmap.obj (.text.udmap_clear_rom_oes)
                  a020f0b8    00000072     freertos.j722s.r5f.ti-arm-clang.release.lib : queue.obj (.text.xQueueCreateCountingSemaphoreStatic)
                  a020f12a    00000070     sciclient_direct.j722s.wkup-r5f.ti-arm-clang.release.lib : sciclient.obj (.text.Sciclient_configPrmsInit)
                  a020f19a    00000070     freertos.j722s.r5f.ti-arm-clang.release.lib : SemaphoreP_freertos.obj (.text.SemaphoreP_constructBinary)
                  a020f20a    00000070     rm_pm_hal.j722s.wkup-r5f.ti-arm-clang.release.lib : clk_div.obj (.text.clk_div_reg_get_div)
                  a020f27a    00000070                                                       : psc.obj (.text.lpsc_module_clk_get)
                  a020f2ea    00000070                                                       : rm_core.obj (.text.rm_core_resasg_get_utype_index)
                  a020f35a    0000006e     drivers.j722s.wkup-r5f.ti-arm-clang.release.lib : soc.obj (.text.SOC_moduleClockEnable)
                  a020f3c8    0000006e     sciserver.j722s.wkup-r5f.ti-arm-clang.release.lib : sciserver_tirtos.obj (.text.Sciserver_tirtosUserMsgTask)
                  a020f436    0000006e     rm_pm_hal.j722s.wkup-r5f.ti-arm-clang.release.lib : rm_core.obj (.text.core_resasg_get_range)
                  a020f4a4    0000006e                                                       : device_process.obj (.text.set_device_resets_handler)
                  a020f512    00000002     freertos.j722s.r5f.ti-arm-clang.release.lib : port.obj (.text.vPortValidateInterruptPriority)
                  a020f514    0000006c     libsysbm.a : hostunlink.c.obj (.text.HOSTunlink)
                  a020f580    0000006c     drivers.j722s.wkup-r5f.ti-arm-clang.release.lib : uart_v0.obj (.text.UART_writeCancelNoCB)
                  a020f5ec    0000006c     rm_pm_hal.j722s.wkup-r5f.ti-arm-clang.release.lib : clk.obj (.text.clk_notify_freq)
                  a020f658    0000006c                                                       : resource.obj (.text.resource_get)
                  a020f6c4    0000006a     sciserver.j722s.wkup-r5f.ti-arm-clang.release.lib : sciserver_secproxyTransfer.obj (.text.Sciserver_SproxyMsgGetSenderHostId)
                  a020f72e    00000068     freertos.j722s.r5f.ti-arm-clang.release.lib : AddrTranslateP.obj (.text.AddrTranslateP_getLocalAddr)
                  a020f796    00000068     sciclient_direct.j722s.wkup-r5f.ti-arm-clang.release.lib : sciclient_direct_wrapper.obj (.text.Sciclient_direct_init)
                  a020f7fe    00000068     sciserver.j722s.wkup-r5f.ti-arm-clang.release.lib : sciserver.obj (.text.Sciserver_interruptHandler)
                  a020f866    00000068     rm_pm_hal.j722s.wkup-r5f.ti-arm-clang.release.lib : clk_div.obj (.text.clk_div_reg_go_get_div)
                  a020f8ce    00000068                                                       : clk_pll_16fft.obj (.text.clk_pll_16fft_bypass)
                  a020f936    00000068                                                       : device_psc.obj (.text.soc_device_verify_mapping)
                  a020f99e    00000066     sciclient_direct.j722s.wkup-r5f.ti-arm-clang.release.lib : sciclient_procboot.obj (.text.Sciclient_procBootSetSequenceCtrl)
                  a020fa04    00000066     rm_pm_hal.j722s.wkup-r5f.ti-arm-clang.release.lib : clk_pllctrl.obj (.text.clk_pllctrl_mux_get_parent)
                  a020fa6a    00000064                                                       : clk.obj (.text.clk_get_state)
                  a020face    00000064                                                       : rm_core.obj (.text.rm_core_validate_devgrp)
                  a020fb32    00000064                                                       : device_psc.obj (.text.soc_device_disable)
                  a020fb96    00000064     freertos.j722s.r5f.ti-arm-clang.release.lib : queue.obj (.text.vQueueDelete)
                  a020fbfa    00000062     sciclient_direct.j722s.wkup-r5f.ti-arm-clang.release.lib : sciclient.obj (.text.Sciclient_setDebugConfig)
                  a020fc5c    00000062     sciserver.j722s.wkup-r5f.ti-arm-clang.release.lib : sciserver_secproxyTransfer.obj (.text.Sciserver_SproxyRxIsReady)
                  a020fcbe    00000062     rm_pm_hal.j722s.wkup-r5f.ti-arm-clang.release.lib : device_clk.obj (.text.device_clk_get_hw_ready)
                  a020fd20    00000062                                                       : psc.obj (.text.lpsc_module_get_local_reset)
                  a020fd82    00000062                                                       : pll.obj (.text.pll_init)
                  a020fde4    00000062                                                       : trace-buffer.obj (.text.trace_debug_buffer)
                  a020fe46    00000002     --HOLE-- [fill = 00000000]
                  a020fe48    00000060     libsysbm.a : hostclose.c.obj (.text.HOSTclose)
                  a020fea8    00000060     sciclient_direct.j722s.wkup-r5f.ti-arm-clang.release.lib : sciclient_pm.obj (.text.Sciclient_pmSetModuleState)
                  a020ff08    00000060     rm_pm_hal.j722s.wkup-r5f.ti-arm-clang.release.lib : clk_pll_16fft.obj (.text.clk_pll_16fft_postdiv_get_div)
                  a020ff68    0000005e                                                       : itoa.obj (.text.lib_itoa)
                  a020ffc6    0000005e                                                       : mmr_lock.obj (.text.mmr_unlock_all)
                  a0210024    0000005e                                                       : device_psc.obj (.text.soc_device_get_context_loss_count)
                  a0210082    0000005e                                                       : rm_udmap.obj (.text.udmap_get_inst)
                  a02100e0    0000005c     freertos.j722s.r5f.ti-arm-clang.release.lib : DebugP_log.obj (.text._DebugP_assert)
                  a021013c    0000005c     rm_pm_hal.j722s.wkup-r5f.ti-arm-clang.release.lib : psc.obj (.text.lpsc_module_get_reset_iso)
                  a0210198    0000005a     drivers.j722s.wkup-r5f.ti-arm-clang.release.lib : soc.obj (.text.SOC_controlModuleLockMMR)
                  a02101f2    0000005a     rm_pm_hal.j722s.wkup-r5f.ti-arm-clang.release.lib : clk_div.obj (.text.clk_div_init)
                  a021024c    0000005a                                                       : rm_irq.obj (.text.irq_validate_global_event)
                  a02102a6    0000005a                                                       : psc.obj (.text.lpsc_module_get_state)
                  a0210300    0000005a     freertos.j722s.r5f.ti-arm-clang.release.lib : tasks.obj (.text.prvIdleTask)
                  a021035a    0000005a     rm_pm_hal.j722s.wkup-r5f.ti-arm-clang.release.lib : device_psc.obj (.text.soc_device_enable)
                  a02103b4    00000058     sciserver.j722s.wkup-r5f.ti-arm-clang.release.lib : sciserver_tirtos.obj (.text.Sciserver_tirtosUserMsgHwiFxn)
                  a021040c    00000058     freertos.j722s.r5f.ti-arm-clang.release.lib : SemaphoreP_freertos.obj (.text.SemaphoreP_constructCounting)
                  a0210464    00000058                                                 : SemaphoreP_freertos.obj (.text.SemaphoreP_pend)
                  a02104bc    00000058     libc.a : fopen.c.obj (.text.__TI_cleanup)
                  a0210514    00000058     libsysbm.a : trgmsg.c.obj (.text.__TI_readmsg)
                  a021056c    00000058                : trgmsg.c.obj (.text.__TI_writemsg)
                  a02105c4    00000058     rm_pm_hal.j722s.wkup-r5f.ti-arm-clang.release.lib : clk.obj (.text.clk_get_parent_freq)
                  a021061c    00000058                                                       : rm_ra.obj (.text.ra_check_monitor_index_range)
                  a0210674    00000058                                                       : trace-buffer.obj (.text.trace_print_buffer_string)
                  a02106cc    00000058     freertos.j722s.r5f.ti-arm-clang.release.lib : tasks.obj (.text.vTaskPlaceOnEventListRestricted)
                  a0210724    00000058     libc.a : autoinit.c.obj (.text:__TI_auto_init_nobinit_nopinit)
                  a021077c    00000056     sciclient_direct.j722s.wkup-r5f.ti-arm-clang.release.lib : sciclient.obj (.text.Sciclient_getCurrentContext)
                  a02107d2    00000056     drivers.j722s.wkup-r5f.ti-arm-clang.release.lib : uart_dma.obj (.text.UART_dmaDisableChannel)
                  a0210828    00000056     rm_pm_hal.j722s.wkup-r5f.ti-arm-clang.release.lib : device_psc.obj (.text.soc_device_set_resets)
                  a021087e    00000056                                                       : trace.obj (.text.trace_debug_internal)
                  a02108d4    00000056     freertos.j722s.r5f.ti-arm-clang.release.lib : tasks.obj (.text.vTaskDelay)
                  a021092a    00000054     sciclient_direct.j722s.wkup-r5f.ti-arm-clang.release.lib : sciclient_pm.obj (.text.Sciclient_pmSetModuleRst)
                  a021097e    00000054     drivers.j722s.wkup-r5f.ti-arm-clang.release.lib : uart_dma.obj (.text.UART_dmaClose)
                  a02109d2    00000002     --HOLE-- [fill = 00000000]
                  a02109d4    00000054     libc.a : exit.c.obj (.text.exit)
                  a0210a28    00000054            : getdevice.c.obj (.text.finddevice)
                  a0210a7c    00000052     freertos.j722s.r5f.ti-arm-clang.release.lib : SemaphoreP_freertos.obj (.text.SemaphoreP_constructMutex)
                  a0210ace    00000052                                                 : SemaphoreP_freertos.obj (.text.SemaphoreP_post)
                  a0210b20    00000052     rm_pm_hal.j722s.wkup-r5f.ti-arm-clang.release.lib : device_clk.obj (.text.device_clk_set_freq_change)
                  a0210b72    00000052                                                       : device_clk.obj (.text.device_clk_set_ssc)
                  a0210bc4    00000052                                                       : dmsc.obj (.text.j722s_sys_reset_handler)
                  a0210c16    00000052                                                       : device_psc.obj (.text.soc_device_ret_disable)
                  a0210c68    00000052                                                       : device_psc.obj (.text.soc_device_ret_enable)
                  a0210cba    00000052     freertos.j722s.r5f.ti-arm-clang.release.lib : queue.obj (.text.xQueueGiveMutexRecursive)
                  a0210d0c    00000050     sciclient_direct.j722s.wkup-r5f.ti-arm-clang.release.lib : sciclient.obj (.text.Sciclient_abiCheck)
                  a0210d5c    00000050     freertos.j722s.r5f.ti-arm-clang.release.lib : tasks.obj (.text.prvDeleteTCB)
                  a0210dac    00000050                                                 : heap_4.obj (.text.prvInsertBlockIntoFreeList)
                  a0210dfc    00000050     rm_pm_hal.j722s.wkup-r5f.ti-arm-clang.release.lib : rm_ra.obj (.text.ra_clear_rom_oes)
                  a0210e4c    00000050                                                       : device_psc.obj (.text.soc_device_get_resets)
                  a0210e9c    0000004e                                                       : device_clk.obj (.text.get_dev_clk_data)
                  a0210eea    0000004e                                                       : rm_ra.obj (.text.ra_get_inst)
                  a0210f38    0000004e     freertos.j722s.r5f.ti-arm-clang.release.lib : tasks.obj (.text.vTaskPlaceOnEventList)
                  a0210f86    0000004e                                                 : queue.obj (.text.xQueueTakeMutexRecursive)
                  a0210fd4    0000004c     ti_drivers_open_close.obj (.text.Drivers_uartOpen)
                  a0211020    0000004c     sciclient_direct.j722s.wkup-r5f.ti-arm-clang.release.lib : sciclient_boardcfg.obj (.text.Sciclient_getDefaultBoardCfgInfo)
                  a021106c    0000004c     rm_pm_hal.j722s.wkup-r5f.ti-arm-clang.release.lib : device_pm.obj (.text.device_disable)
                  a02110b8    0000004c                                                       : rm_ia.obj (.text.rm_ia_is_managed_resasg_utype)
                  a0211104    0000004a     drivers.j722s.wkup-r5f.ti-arm-clang.release.lib : pinmux.obj (.text.Pinmux_unlockMMR)
                  a021114e    0000004a                                                     : soc.obj (.text.SOC_controlModuleUnlockMMR)
                  a0211198    0000004a     sciserver.j722s.wkup-r5f.ti-arm-clang.release.lib : sciserver_secproxyTransfer.obj (.text.Sciserver_SproxyMsgReadAtOffset)
                  a02111e2    0000004a                                                       : sciserver_secproxyTransfer.obj (.text.Sciserver_SproxyMsgSendAtOffset)
                  a021122c    00000048     rm_pm_hal.j722s.wkup-r5f.ti-arm-clang.release.lib : device_clk.obj (.text.device_clk_enable)
                  a0211274    00000048     libsysbm.a : unlink.c.obj (.text.unlink)
                  a02112bc    00000046     freertos.j722s.r5f.ti-arm-clang.release.lib : ClockP_freertos.obj (.text.ClockP_getTimeUsec)
                  a0211302    00000046     drivers.j722s.wkup-r5f.ti-arm-clang.release.lib : pinmux.obj (.text.Pinmux_config)
                  a0211348    00000046     rm_pm_hal.j722s.wkup-r5f.ti-arm-clang.release.lib : clk.obj (.text.clk_ssc_allow)
                  a021138e    00000046                                                       : rm_ia.obj (.text.ia_get_inst)
                  a02113d4    00000046                                                       : rm_irq.obj (.text.irq_cfg_is_ir_cfg)
                  a021141a    00000046                                                       : rm_irq.obj (.text.irq_cfg_is_oes_only)
                  a0211460    00000046     freertos.j722s.r5f.ti-arm-clang.release.lib : queue.obj (.text.vQueueWaitForMessageRestricted)
                  a02114a6    00000044     rm_pm_hal.j722s.wkup-r5f.ti-arm-clang.release.lib : clk.obj (.text.clk_ssc_block)
                  a02114ea    00000044                                                       : rm_irq.obj (.text.irq_cfg_is_ia_cfg)
                  a021152e    00000044                                                       : psc.obj (.text.psc_pd_clk_put)
                  a0211572    00000044                                                       : device_psc.obj (.text.soc_device_set_reset_iso)
                  a02115b6    00000044     freertos.j722s.r5f.ti-arm-clang.release.lib : port.obj (.text.vPortEnterCritical)
                  a02115fa    00000042                                                 : ClockP_freertos.obj (.text.ClockP_usleep)
                  a021163c    00000042     sciclient_direct.j722s.wkup-r5f.ti-arm-clang.release.lib : sciclient_direct.obj (.text.boardcfg_RmAdjustReq)
                  a021167e    00000042     rm_pm_hal.j722s.wkup-r5f.ti-arm-clang.release.lib : clk_div.obj (.text.clk_div_get_freq)
                  a02116c0    00000042                                                       : clk.obj (.text.clk_drop_pwr_up_en)
                  a0211702    00000042                                                       : device_clk.obj (.text.device_clk_disable)
                  a0211744    00000042                                                       : mmr_lock.obj (.text.mmr_unlock)
                  a0211786    00000042                                                       : psc.obj (.text.psc_lookup)
                  a02117c8    00000042                                                       : psc.obj (.text.psc_lookup_lpsc)
                  a021180a    00000040     ti_dpl_config.obj (.text.Dpl_init)
                  a021184a    00000040     sciclient_direct.j722s.wkup-r5f.ti-arm-clang.release.lib : sciclient_secureproxy.obj (.text.Sciclient_flush)
                  a021188a    00000040     rm_pm_hal.j722s.wkup-r5f.ti-arm-clang.release.lib : clk_pll_16fft.obj (.text.clk_pll_16fft_disable_cal)
                  a02118ca    00000002     --HOLE-- [fill = 00000000]
                  a02118cc    00000040     libc.a : memory.c.obj (.text.free_list_insert)
                  a021190c    00000040     rm_pm_hal.j722s.wkup-r5f.ti-arm-clang.release.lib : psc.obj (.text.pd_initiate)
                  a021194c    00000040     freertos.j722s.r5f.ti-arm-clang.release.lib : timers.obj (.text.prvInsertTimerInActiveList)
                  a021198c    00000040     rm_pm_hal.j722s.wkup-r5f.ti-arm-clang.release.lib : device_psc.obj (.text.soc_device_get_reset_iso)
                  a02119cc    00000040                                                       : map.obj (.text.u32map_get)
                  a0211a0c    0000003e                                                       : clk_mux.obj (.text.clk_get_parent)
                  a0211a4a    0000003e                                                       : device_clk.obj (.text.dev_get_clk)
                  a0211a88    0000003e                                                       : device_psc.obj (.text.soc_device_ret_enable_internal)
                  a0211ac6    0000003c                                                       : clk.obj (.text.clk_value_set_freq)
                  a0211b02    0000003c                                                       : device_clk.obj (.text.device_clk_get_num_parents)
                  a0211b3e    0000003c                                                       : device_psc.obj (.text.soc_device_ret_disable_internal)
                  a0211b7a    0000003c     freertos.j722s.r5f.ti-arm-clang.release.lib : TaskP_freertos.obj (.text.vApplicationLoadHook)
                  a0211bb6    0000003c                                                 : tasks.obj (.text.xTaskGetIdleTaskHandle)
                  a0211bf2    0000003a                                                 : DebugP_uartLogWriter.obj (.text.DebugP_uartLogWriterPutChar)
                  a0211c2c    0000003a     drivers.j722s.wkup-r5f.ti-arm-clang.release.lib : uart_dma.obj (.text.UART_dmaOpen)
                  a0211c66    0000003a     rm_pm_hal.j722s.wkup-r5f.ti-arm-clang.release.lib : boardcfg-user.obj (.text.boardcfg_pm_receive_and_validate)
                  a0211ca0    0000003a                                                       : clk_pll_16fft.obj (.text.clk_pll_16fft_cal_option3)
                  a0211cda    0000003a                                                       : device.obj (.text.devices_init_rw)
                  a0211d14    0000003a     freertos.j722s.r5f.ti-arm-clang.release.lib : list.obj (.text.vListInsert)
                  a0211d4e    00000038     rm_pm_hal.j722s.wkup-r5f.ti-arm-clang.release.lib : clk_fixed.obj (.text.clk_fixed_get_freq)
                  a0211d86    00000038                                                       : psc.obj (.text.psc_lookup_pd)
                  a0211dbe    00000038                                                       : rm_irq.obj (.text.rm_irq_is_managed_resasg_utype)
                  a0211df6    00000036     ti_power_clock_config.obj (.text.Module_clockSetFrequency)
                  a0211e2c    00000036     rm_pm_hal.j722s.wkup-r5f.ti-arm-clang.release.lib : device_clk.obj (.text.device_clk_get_freq)
                  a0211e62    00000036                                                       : rm_ir.obj (.text.rm_ir_init)
                  a0211e98    00000034     sciserver.j722s.wkup-r5f.ti-arm-clang.release.lib : sciserver.obj (.text.Sciserver_init)
                  a0211ecc    00000034     rm_pm_hal.j722s.wkup-r5f.ti-arm-clang.release.lib : clk.obj (.text.clk_get_freq)
                  a0211f00    00000034     libc.a : memory.c.obj (.text.free_list_remove)
                  a0211f34    00000034     libsysbm.a : lseek.c.obj (.text.lseek)
                  a0211f68    00000034     rm_pm_hal.j722s.wkup-r5f.ti-arm-clang.release.lib : rm.obj (.text.rm_init)
                  a0211f9c    00000034                                                       : rm_ir.obj (.text.rm_ir_is_managed_resasg_utype)
                  a0211fd0    00000034     libsysbm.a : write.c.obj (.text.write)
                  a0212004    00000034     freertos.j722s.r5f.ti-arm-clang.release.lib : queue.obj (.text.xQueueCreateMutexStatic)
                  a0212038    00000030     ti_power_clock_config.obj (.text.Module_clockEnable)
                  a0212068    00000030     rm_pm_hal.j722s.wkup-r5f.ti-arm-clang.release.lib : clk_div.obj (.text.clk_get_div)
                  a0212098    00000030                                                       : clk.obj (.text.clk_value_get_freq)
                  a02120c8    00000030     freertos.j722s.r5f.ti-arm-clang.release.lib : port.obj (.text.vApplicationStackOverflowHook)
                  a02120f8    00000030                                                 : port.obj (.text.vPortExitCritical)
                  a0212128    00000030     self_reset.j722s.wkup-r5f.ti-arm-clang.release.lib : self_reset_startup_asm.obj (.text)
                  a0212158    0000002e     freertos.j722s.r5f.ti-arm-clang.release.lib : ClockP_freertos.obj (.text.ClockP_timerTickIsr)
                  a0212186    0000002e     drivers.j722s.wkup-r5f.ti-arm-clang.release.lib : uart_v0.obj (.text.UART_getHandle)
                  a02121b4    0000002e     rm_pm_hal.j722s.wkup-r5f.ti-arm-clang.release.lib : clk_pll_16fft.obj (.text.clk_pll_16fft_set_state)
                  a02121e2    0000002e                                                       : device_pm.obj (.text.device_suspend)
                  a0212210    0000002e                                                       : rm_ir.obj (.text.ir_get_inst)
                  a021223e    0000002a                                                       : device_pm.obj (.text.device_set_retention)
                  a0212268    0000002a                                                       : rm_ir.obj (.text.ir_clear_outp)
                  a0212292    0000002a                                                       : osal_glue.obj (.text.osal_delay)
                  a02122bc    0000002a                                                       : device_psc.obj (.text.soc_device_get_state_internal)
                  a02122e6    00000028                                                       : clk_soc_hfosc0.obj (.text.clk_soc_hfosc0_get_freq)
                  a021230e    00000028                                                       : dmsc.obj (.text.dmsc_init)
                  a0212336    00000028                                                       : rm_ia.obj (.text.rm_ia_validate_vint)
                  a021235e    00000028                                                       : rm_ir.obj (.text.rm_ir_validate_output)
                  a0212386    00000028                                                       : device_psc.obj (.text.soc_device_disable_internal)
                  a02123ae    00000028                                                       : device_psc.obj (.text.soc_device_enable_internal)
                  a02123d6    00000026     sciserver.j722s.wkup-r5f.ti-arm-clang.release.lib : sciserver_secproxyRoutingDescription.obj (.text.Sciserver_SproxyGetResponseConfId)
                  a02123fc    00000026     rm_pm_hal.j722s.wkup-r5f.ti-arm-clang.release.lib : boardcfg-user.obj (.text.boardcfg_get_rm_devgrp)
                  a0212422    00000026                                                       : device_prepare.obj (.text.device_prepare_exclusive)
                  a0212448    00000026     freertos.j722s.r5f.ti-arm-clang.release.lib : port.obj (.text.vPortTimerTickHandler)
                  a021246e    00000026                                                 : queue.obj (.text.vQueueAddToRegistry)
                  a0212494    00000024     sciclient_direct.j722s.wkup-r5f.ti-arm-clang.release.lib : sciclient_secureproxy.obj (.text.Sciclient_waitThread)
                  a02124b8    00000024     ti_drivers_config.obj (.text.System_init)
                  a02124dc    00000024     libclang_rt.builtins.a : aeabi_uldivmod.S.obj (.text.__aeabi_uldivmod)
                  a0212500    00000024     hello_world.obj (.text.hello_world_main)
                  a0212524    00000024     rm_pm_hal.j722s.wkup-r5f.ti-arm-clang.release.lib : rm_ia.obj (.text.rm_ia_vint_get_info)
                  a0212548    00000024                                                       : rm_irq.obj (.text.rm_irq_init)
                  a021256c    00000024     freertos.j722s.r5f.ti-arm-clang.release.lib : list.obj (.text.uxListRemove)
                  a0212590    00000024                                                 : printf.obj (.text.vprintf_)
                  a02125b4    00000024                                                 : tasks.obj (.text.xTaskGetSchedulerState)
                  a02125d8    00000022     ti_pinmux_config.obj (.text.Pinmux_init)
                  a02125fa    00000022     sciclient_direct.j722s.wkup-r5f.ti-arm-clang.release.lib : sciclient_direct.obj (.text.Sciclient_query_fw_caps_handler)
                  a021261c    00000022     sciserver.j722s.wkup-r5f.ti-arm-clang.release.lib : sciserver_secproxyTransfer.obj (.text.Sciserver_SproxyMsgFinish)
                  a021263e    00000022     rm_pm_hal.j722s.wkup-r5f.ti-arm-clang.release.lib : device_clk.obj (.text.device_clk_set_input_term)
                  a0212660    00000022     main.obj (.text.main_thread)
                  a0212682    00000022     rm_pm_hal.j722s.wkup-r5f.ti-arm-clang.release.lib : clk_pll_16fft.obj (.text.pll_16fft_pllm_valid)
                  a02126a4    00000020     freertos.j722s.r5f.ti-arm-clang.release.lib : DebugP_log.obj (.text.DebugP_logZoneEnable)
                  a02126c4    00000020     sciserver.j722s.wkup-r5f.ti-arm-clang.release.lib : sciserver_secproxyTransfer.obj (.text.Sciserver_SproxyMsgAck)
                  a02126e4    00000020     freertos.j722s.r5f.ti-arm-clang.release.lib : TimerP.obj (.text.TimerP_Params_init)
                  a0212704    00000020     rm_pm_hal.j722s.wkup-r5f.ti-arm-clang.release.lib : device_psc.obj (.text.soc_device_get_context_loss_count_internal)
                  a0212724    0000001e     sciclient_direct.j722s.wkup-r5f.ti-arm-clang.release.lib : sciclient_secureproxy.obj (.text.Sciclient_readThread32)
                  a0212742    0000001e     rm_pm_hal.j722s.wkup-r5f.ti-arm-clang.release.lib : device_clk.obj (.text.device_clk_set_freq)
                  a0212760    0000001e                                                       : resource.obj (.text.device_resource_mem)
                  a021277e    0000001e                                                       : notifier.obj (.text.notifier_call)
                  a021279c    0000001e                                                       : sleep.obj (.text.sleep_modes_register)
                  a02127ba    0000001e                                                       : core.obj (.text.sys_reset_handler)
                  a02127d8    0000001e     freertos.j722s.r5f.ti-arm-clang.release.lib : port.obj (.text.vApplicationGetIdleTaskMemory)
                  a02127f6    0000001e                                                 : port.obj (.text.vApplicationGetTimerTaskMemory)
                  a0212814    0000001c                                                 : boot_armv7r.obj (.text._system_pre_init)
                  a0212830    0000001c     rm_pm_hal.j722s.wkup-r5f.ti-arm-clang.release.lib : psc.obj (.text.psc_read)
                  a021284c    0000001c     libsysbm.a : hostrename.c.obj (.text.strlen)
                  a0212868    0000001c     freertos.j722s.r5f.ti-arm-clang.release.lib : list.obj (.text.vListInsertEnd)
                  a0212884    0000001c     libc.a : memcpy32.S.obj (.text:TI_memcpy_small)
                  a02128a0    0000001a     freertos.j722s.r5f.ti-arm-clang.release.lib : TaskP_freertos.obj (.text.TaskP_Params_init)
                  a02128ba    0000001a     drivers.j722s.wkup-r5f.ti-arm-clang.release.lib : uart_dma.obj (.text.UART_writeInterruptDma)
                  a02128d4    0000001a     rm_pm_hal.j722s.wkup-r5f.ti-arm-clang.release.lib : clk_pll_16fft.obj (.text.clk_pll_16fft_postdiv_valid_div)
                  a02128ee    0000001a                                                       : clk_soc_lfosc0.obj (.text.clk_soc_lfosc0_get_freq)
                  a0212908    0000001a                                                       : clk_pll_16fft.obj (.text.pll_16fft_clkod_valid)
                  a0212922    0000001a                                                       : psc.obj (.text.psc_write)
                  a021293c    0000001a     freertos.j722s.r5f.ti-arm-clang.release.lib : tasks.obj (.text.vTaskInternalSetTimeOutState)
                  a0212956    00000018     ti_drivers_open_close.obj (.text.Drivers_close)
                  a021296e    00000018     ti_drivers_open_close.obj (.text.Drivers_uartClose)
                  a0212986    00000018     rm_pm_hal.j722s.wkup-r5f.ti-arm-clang.release.lib : boardcfg-user.obj (.text.boardcfg_get_rm_resasg_size)
                  a021299e    00000018                                                       : device_clk.obj (.text.device_clk_query_freq)
                  a02129b6    00000018     freertos.j722s.r5f.ti-arm-clang.release.lib : tasks.obj (.text.pvTaskIncrementMutexHeldCount)
                  a02129ce    00000018                                                 : port.obj (.text.xPortStartScheduler)
                  a02129e6    00000018                                                 : tasks.obj (.text.xTaskGetTickCount)
                  a02129fe    00000002     --HOLE-- [fill = 00000000]
                  a0212a00    00000018     libc.a : memset32.S.obj (.text:TI_memset_small)
                  a0212a18    00000016     rm_pm_hal.j722s.wkup-r5f.ti-arm-clang.release.lib : boardcfg-user.obj (.text.boardcfg_get_rm_resasg)
                  a0212a2e    00000016                                                       : rm_core.obj (.text.rm_core_unmap_region)
                  a0212a44    00000016                                                       : trace.obj (.text.trace_reconfigure)
                  a0212a5a    00000016     freertos.j722s.r5f.ti-arm-clang.release.lib : list.obj (.text.vListInitialise)
                  a0212a70    00000014                                                 : ClockP_freertos.obj (.text.ClockP_usecToTicks)
                  a0212a84    00000014     sciclient_direct.j722s.wkup-r5f.ti-arm-clang.release.lib : sciclient_secureproxy.obj (.text.Sciclient_readThreadCount)
                  a0212a98    00000014                                                              : sciclient_secureproxy.obj (.text.Sciclient_verifyThread)
                  a0212aac    00000014     rm_pm_hal.j722s.wkup-r5f.ti-arm-clang.release.lib : device_clk.obj (.text.device_clk_get_freq_change)
                  a0212ac0    00000014                                                       : device_clk.obj (.text.device_clk_get_input_term)
                  a0212ad4    00000014                                                       : device_clk.obj (.text.device_clk_get_ssc)
                  a0212ae8    00000014                                                       : device_clk.obj (.text.device_clk_get_sw_gated)
                  a0212afc    00000014                                                       : device_prepare.obj (.text.device_prepare_nonexclusive)
                  a0212b10    00000014     libsysbm.a : hostrename.c.obj (.text.strcpy)
                  a0212b24    00000014     rm_pm_hal.j722s.wkup-r5f.ti-arm-clang.release.lib : sys-reset.obj (.text.system_reset)
                  a0212b38    00000012     sciclient_direct.j722s.wkup-r5f.ti-arm-clang.release.lib : sciclient_secureproxy.obj (.text.Sciclient_threadStatusReg)
                  a0212b4a    00000012     freertos.j722s.r5f.ti-arm-clang.release.lib : TimerP.obj (.text.TimerP_clearOverflowInt)
                  a0212b5c    00000012     rm_pm_hal.j722s.wkup-r5f.ti-arm-clang.release.lib : device.obj (.text.pm_devgroup_is_enabled)
                  a0212b6e    00000012     ti_dpl_config.obj (.text.putchar_)
                  a0212b80    00000012     rm_pm_hal.j722s.wkup-r5f.ti-arm-clang.release.lib : rm_core.obj (.text.rm_core_map_region)
                  a0212b92    00000012     freertos.j722s.r5f.ti-arm-clang.release.lib : tasks.obj (.text.vTaskEndScheduler)
                  a0212ba4    00000010                                                 : ClockP_freertos.obj (.text.ClockP_ticksToUsec)
                  a0212bb4    00000010     libclang_rt.builtins.a : aeabi_memset.S.obj (.text.__aeabi_memset)
                  a0212bc4    00000010     rm_pm_hal.j722s.wkup-r5f.ti-arm-clang.release.lib : device.obj (.text.pm_devgroup_set_enabled)
                  a0212bd4    00000010     libc.a : fputc.c.obj (.text.putchar)
                  a0212be4    00000010     freertos.j722s.r5f.ti-arm-clang.release.lib : port.obj (.text.vPortYeildFromISR)
                  a0212bf4    00000010                                                 : tasks.obj (.text.vTaskSuspendAll)
                  a0212c04    0000000e     ti_power_clock_config.obj (.text.PowerClock_init)
                  a0212c12    0000000e     rm_pm_hal.j722s.wkup-r5f.ti-arm-clang.release.lib : fw_caps.obj (.text.query_fw_caps_handler)
                  a0212c20    0000000e     freertos.j722s.r5f.ti-arm-clang.release.lib : tasks.obj (.text.vTaskMissedYield)
                  a0212c2e    0000000c                                                 : DebugP_uartLogWriter.obj (.text.DebugP_uartSetDrvIndex)
                  a0212c3a    0000000c     sciserver.j722s.wkup-r5f.ti-arm-clang.release.lib : sciserver.obj (.text.Sciserver_getCtrlState)
                  a0212c46    0000000c                                                       : sciserver.obj (.text.Sciserver_getRmPmHalVersionStr)
                  a0212c52    0000000c                                                       : sciserver.obj (.text.Sciserver_getVersionStr)
                  a0212c5e    0000000c                                                       : sciserver.obj (.text.Sciserver_setCtrlState)
                  a0212c6a    00000002     --HOLE-- [fill = 00000000]
                  a0212c6c    0000000c     libclang_rt.builtins.a : aeabi_memset.S.obj (.text.__aeabi_memclr)
                  a0212c78    0000000c     libc.a : memory.c.obj (.text.malloc)
                  a0212c84    0000000c     rm_pm_hal.j722s.wkup-r5f.ti-arm-clang.release.lib : sec_proxy.obj (.text.sproxy_receive_msg_r5_to_tifs_fw)
                  a0212c90    0000000c                                                       : sec_proxy.obj (.text.sproxy_send_msg_r5_to_tifs_fw)
                  a0212c9c    0000000c                                                       : sys-reset.obj (.text.sys_reset_handler_register)
                  a0212ca8    0000000c     freertos.j722s.r5f.ti-arm-clang.release.lib : tasks.obj (.text.xTaskGetCurrentTaskHandle)
                  a0212cb4    0000000a     drivers.j722s.wkup-r5f.ti-arm-clang.release.lib : csl_sec_proxy.obj (.text.CSL_secProxyGetDataAddr)
                  a0212cbe    00000002     --HOLE-- [fill = 00000000]
                  a0212cc0    0000000c     libc.a : strcmp32.S.obj (.text)
                  a0212ccc    0000000a     freertos.j722s.r5f.ti-arm-clang.release.lib : TimerP.obj (.text.TimerP_start)
                  a0212cd6    0000000a     rm_pm_hal.j722s.wkup-r5f.ti-arm-clang.release.lib : clk.obj (.text.clk_notify_children_freq)
                  a0212ce0    0000000a     freertos.j722s.r5f.ti-arm-clang.release.lib : port.obj (.text.vApplicationIdleHook)
                  a0212cea    00000008     rm_pm_hal.j722s.wkup-r5f.ti-arm-clang.release.lib : clk.obj (.text.clk_freq_change_allow)
                  a0212cf2    00000008                                                       : clk.obj (.text.clk_freq_change_block)
                  a0212cfa    00000008                                                       : psc.obj (.text.lpsc_module_get)
                  a0212d02    00000008                                                       : psc.obj (.text.lpsc_module_get_module_reset)
                  a0212d0a    00000008                                                       : psc.obj (.text.lpsc_module_put)
                  a0212d12    00000008                                                       : psc.obj (.text.lpsc_module_ret_get)
                  a0212d1a    00000008                                                       : psc.obj (.text.lpsc_module_ret_put)
                  a0212d22    00000008                                                       : rm_core.obj (.text.rm_core_param_is_valid)
                  a0212d2a    00000008     freertos.j722s.r5f.ti-arm-clang.release.lib : port.obj (.text.uiPortGetRunTimeCounterValue)
                  a0212d32    00000006     sciserver.j722s.wkup-r5f.ti-arm-clang.release.lib : sciserver_secproxyTransfer.obj (.text.Sciserver_SproxyMsgSend)
                  a0212d38    00000006     freertos.j722s.r5f.ti-arm-clang.release.lib : SemaphoreP_freertos.obj (.text.SemaphoreP_destruct)
                  a0212d3e    00000006     rm_pm_hal.j722s.wkup-r5f.ti-arm-clang.release.lib : clk_pll_16fft.obj (.text.pll_16fft_bin)
                  a0212d44    00000006     freertos.j722s.r5f.ti-arm-clang.release.lib : port.obj (.text.prvTaskExitError)
                  a0212d4a    00000006                                                 : list.obj (.text.vListInitialiseItem)
                  a0212d50    00000004                                                 : ClockP_freertos.obj (.text.ClockP_getTicks)
                  a0212d54    00000004                                                 : ClockP_freertos_r5.obj (.text.ClockP_getTimerCount)
                  a0212d58    00000004                                                 : ClockP_freertos_r5.obj (.text.ClockP_timerClearOverflowInt)
                  a0212d5c    00000004     ti_drivers_open_close.obj (.text.Drivers_open)
                  a0212d60    00000004     sciserver.j722s.wkup-r5f.ti-arm-clang.release.lib : sciserver.obj (.text.Sciserver_initPrms_Init)
                  a0212d64    00000004     freertos.j722s.r5f.ti-arm-clang.release.lib : TaskP_freertos.obj (.text.TaskP_yield)
                  a0212d68    00000004                                                 : TimerP.obj (.text.TimerP_getCount)
                  a0212d6c    00000004                                                 : TimerP.obj (.text.TimerP_getReloadCount)
                  a0212d70    00000004     libclang_rt.builtins.a : aeabi_div0.c.obj (.text.__aeabi_ldiv0)
                  a0212d74    00000004                            : aeabi_memcpy.S.obj (.text.__aeabi_memcpy)
                  a0212d78    00000004     libc.a : _lock.c.obj (.text._nop)
                  a0212d7c    00000004     rm_pm_hal.j722s.wkup-r5f.ti-arm-clang.release.lib : clk_fixed.obj (.text.clk_fixed_get_state)
                  a0212d80    00000004                                                       : clk_dev.obj (.text.clk_from_device_notify_freq)
                  a0212d84    00000004                                                       : clk_dev.obj (.text.clk_from_device_set_state)
                  a0212d88    00000004                                                       : clk_soc_hfosc0.obj (.text.clk_soc_hfosc0_get_state)
                  a0212d8c    00000004                                                       : clk_soc_lfosc0.obj (.text.clk_soc_lfosc0_get_state)
                  a0212d90    00000004                                                       : device_clk.obj (.text.device_clk_get_hw_ssc)
                  a0212d94    00000004     libc.a : fseek.c.obj (.text.fseek)
                  a0212d98    00000004     rm_pm_hal.j722s.wkup-r5f.ti-arm-clang.release.lib : clk_pll_16fft.obj (.text.pll_16fft_vco_fitness)
                  a0212d9c    00000004     libsysbm.a : remove.c.obj (.text.remove)
                  a0212da0    00000004     rm_pm_hal.j722s.wkup-r5f.ti-arm-clang.release.lib : rm_udmap.obj (.text.rm_udmap_flow_size_thresh_cfg)
                  a0212da4    00000004                                                       : device_psc.obj (.text.soc_device_init_complete)
                  a0212da8    00000004                                                       : trace.obj (.text.trace_debug)
                  a0212dac    00000008     freertos.j722s.r5f.ti-arm-clang.release.lib : portASM.obj (.tramp.vPortRestoreTaskContext.1)
                  a0212db4    00000008                                                 : HwiP_armv7r_asm.obj (.tramp.HwiP_enable.1)
                  a0212dbc    00000008                                                 : HwiP_armv7r_vim.obj (.tramp.HwiP_init.1)
                  a0212dc4    00000008                                                 : CacheP_armv7r.obj (.tramp.CacheP_inv.1)
                  a0212dcc    00000008     libc.a : exit.c.obj (.tramp.abort.1)
                  a0212dd4    00000008     freertos.j722s.r5f.ti-arm-clang.release.lib : HwiP_armv7r_asm.obj (.tramp.HwiP_restore.4)
                  a0212ddc    00000008                                                 : HwiP_armv7r_vim.obj (.tramp.HwiP_inISR.1)
                  a0212de4    00000008                                                 : DebugP_log.obj (.tramp._DebugP_assertNoLog.1)
                  a0212dec    00000008                                                 : CacheP_armv7r_asm.obj (.tramp.CacheP_wbInv.1)
                  a0212df4    00000008                                                 : HwiP_armv7r_vim.obj (.tramp.HwiP_disableInt.1)
                  a0212dfc    00000008                                                 : HwiP_armv7r_vim.obj (.tramp.HwiP_destruct.1)
                  a0212e04    00000008                                                 : HwiP_armv7r_vim.obj (.tramp.HwiP_enableInt.1)
                  a0212e0c    00000008                                                 : HwiP_armv7r_vim.obj (.tramp.HwiP_clearInt.1)
                  a0212e14    00000008                                                 : HwiP_armv7r_asm.obj (.tramp.HwiP_restore.3)
                  a0212e1c    00000008                                                 : HwiP_armv7r_asm.obj (.tramp.HwiP_disable.1)
                  a0212e24    00000008                                                 : HwiP_armv7r_vim.obj (.tramp.HwiP_construct.1)
                  a0212e2c    00000008                                                 : HwiP_armv7r_vim.obj (.tramp.HwiP_Params_init.1)
                  a0212e34    0000000c     --HOLE-- [fill = 00000000]

.bss       0    a0212e40    0000f8a0     UNINITIALIZED
                  a0212e40    00005000     (.common:tracelog_rmpm)
                  a0217e40    00004000     (.common:gMainTaskStack)
                  a021be40    00001008     (.common:gHwiCtrl)
                  a021ce48    00001000     freertos.j722s.r5f.ti-arm-clang.release.lib : port.obj (.bss.uxIdleTaskStack)
                  a021de48    00000b4c     rm_pm_hal.j722s.wkup-r5f.ti-arm-clang.release.lib : devices.obj (.bss.devgroup.MAIN)
                  a021e994    00000800     sciserver.j722s.wkup-r5f.ti-arm-clang.release.lib : sciserver_tirtos.obj (.bss.user_hi_task_stack)
                  a021f194    00000800                                                       : sciserver_tirtos.obj (.bss.user_lo_task_stack)
                  a021f994    000005d8     (.common:soc_clocks)
                  a021ff6c    00000480     (.common:soc_devices)
                  a02203ec    00000428     sciclient_direct.j722s.wkup-r5f.ti-arm-clang.release.lib : sciclient.obj (.bss.gSciclient_semObjects)
                  a0220814    00000400     freertos.j722s.r5f.ti-arm-clang.release.lib : port.obj (.bss.uxTimerTaskStack)
                  a0220c14    000002f8     (.common:soc_clock_values)
                  a0220f0c    00000284     ti_drivers_config.obj (.bss.gUartObjects)
                  a0221190    00000280     freertos.j722s.r5f.ti-arm-clang.release.lib : tasks.obj (.bss.pxReadyTasksLists)
                  a0221410    000001c8     (.common:gSciserverUserSemObjects)
                  a02215d8    00000140     (.common:gSciserverUserTaskObjects)
                  a0221718    00000138     rm_pm_hal.j722s.wkup-r5f.ti-arm-clang.release.lib : devices.obj (.bss.devgroup.MCU_WAKEUP)
                  a0221850    00000120     libsysbm.a : trgmsg.c.obj (.bss:_CIOBUF_)
                  a0221970    00000100     freertos.j722s.r5f.ti-arm-clang.release.lib : timers.obj (.bss.prvCheckForValidListAndQueue.ucStaticTimerQueueStorage)
                  a0221a70    00000100     (.common:xQueueRegistry)
                  a0221b70    000000d0     sciserver.j722s.wkup-r5f.ti-arm-clang.release.lib : sciserver_tirtos.obj (.bss.user_hi_main_msg_buffer)
                  a0221c40    000000d0                                                       : sciserver_tirtos.obj (.bss.user_hi_msg_buffer)
                  a0221d10    000000d0                                                       : sciserver_tirtos.obj (.bss.user_lo_main_msg_buffer)
[...]
a020ec27  rm_irq_oes_src_register                
a020eca1  _DebugP_logZone                        
a020ed8d  soc_device_get_state                   
a020ee03  xTimerGenericCommand                   
a020eeed  get_freq_handler                       
a020f0b9  xQueueCreateCountingSemaphoreStatic    
a020f12b  Sciclient_configPrmsInit               
a020f19b  SemaphoreP_constructBinary             
a020f20b  clk_div_reg_get_div                    
a020f2eb  rm_core_resasg_get_utype_index         
a020f35b  SOC_moduleClockEnable                  
a020f3c9  Sciserver_tirtosUserMsgTask            
a020f4a5  set_device_resets_handler              
a020f513  vPortValidateInterruptPriority         
a020f514  HOSTunlink                             
a020f5ed  clk_notify_freq                        
a020f6c5  Sciserver_SproxyMsgGetSenderHostId     
a020f72f  AddrTranslateP_getLocalAddr            
a020f797  Sciclient_direct_init                  
a020f7ff  Sciserver_interruptHandler             
a020f867  clk_div_reg_go_get_div                 
a020f99f  Sciclient_procBootSetSequenceCtrl      
a020fa6b  clk_get_state                          
a020facf  rm_core_validate_devgrp                
a020fb33  soc_device_disable                     
a020fb97  vQueueDelete                           
a020fbfb  Sciclient_setDebugConfig               
a020fcbf  device_clk_get_hw_ready                
a020fd21  lpsc_module_get_local_reset            
a020fd83  pll_init                               
a020fde5  trace_debug_buffer                     
a020fe48  HOSTclose                              
a020fea9  Sciclient_pmSetModuleState             
a020ff69  lib_itoa                               
a020ffc7  mmr_unlock_all                         
a0210025  soc_device_get_context_loss_count      
a02100e1  _DebugP_assert                         
a021013d  lpsc_module_get_reset_iso              
a0210199  SOC_controlModuleLockMMR               
a02101f3  clk_div_init                           
a02102a7  lpsc_module_get_state                  
a021035b  soc_device_enable                      
a02103b5  Sciserver_tirtosUserMsgHwiFxn          
a021040d  SemaphoreP_constructCounting           
a0210465  SemaphoreP_pend                        
a02104bc  __TI_cleanup                           
a0210514  __TI_readmsg                           
a021056c  __TI_writemsg                          
a02105b8  C$$IO$$                                
a02105c5  clk_get_parent_freq                    
a0210675  trace_print_buffer_string              
a02106cd  vTaskPlaceOnEventListRestricted        
a0210724  __TI_auto_init_nobinit_nopinit         
a021077d  Sciclient_getCurrentContext            
a02107d3  UART_dmaDisableChannel                 
a0210829  soc_device_set_resets                  
a02108d5  vTaskDelay                             
a021092b  Sciclient_pmSetModuleRst               
a021097f  UART_dmaClose                          
a02109d4  exit                                   
a0210a28  finddevice                             
a0210a7d  SemaphoreP_constructMutex              
a0210acf  SemaphoreP_post                        
a0210b21  device_clk_set_freq_change             
a0210b73  device_clk_set_ssc                     
a0210c17  soc_device_ret_disable                 
a0210c69  soc_device_ret_enable                  
a0210cbb  xQueueGiveMutexRecursive               
a0210d0d  Sciclient_abiCheck                     
a0210e4d  soc_device_get_resets                  
a0210e9d  get_dev_clk_data                       
a0210f39  vTaskPlaceOnEventList                  
a0210f87  xQueueTakeMutexRecursive               
a0210fd5  Drivers_uartOpen                       
a0211021  Sciclient_getDefaultBoardCfgInfo       
a021106d  device_disable                         
a02110b9  rm_ia_is_managed_resasg_utype          
a0211105  Pinmux_unlockMMR                       
a021114f  SOC_controlModuleUnlockMMR             
a0211199  Sciserver_SproxyMsgReadAtOffset        
a02111e3  Sciserver_SproxyMsgSendAtOffset        
a021122d  device_clk_enable                      
a0211274  unlink                                 
a02112bd  ClockP_getTimeUsec                     
a0211303  Pinmux_config                          
a0211349  clk_ssc_allow                          
a0211461  vQueueWaitForMessageRestricted         
a02114a7  clk_ssc_block                          
a0211573  soc_device_set_reset_iso               
a02115b7  vPortEnterCritical                     
a02115fb  ClockP_usleep                          
a021167f  clk_div_get_freq                       
a02116c1  clk_drop_pwr_up_en                     
a0211703  device_clk_disable                     
a0211745  mmr_unlock                             
a0211787  psc_lookup                             
a02117c9  psc_lookup_lpsc                        
a021180b  Dpl_init                               
a021184b  Sciclient_flush                        
a021198d  soc_device_get_reset_iso               
a02119cd  u32map_get                             
a0211a0d  clk_get_parent                         
a0211a4b  dev_get_clk                            
a0211ac7  clk_value_set_freq                     
a0211b03  device_clk_get_num_parents             
a0211b7b  vApplicationLoadHook                   
a0211bb7  xTaskGetIdleTaskHandle                 
a0211bf3  DebugP_uartLogWriterPutChar            
a0211c2d  UART_dmaOpen                           
a0211c67  boardcfg_pm_receive_and_validate       
a0211cdb  devices_init_rw                        
a0211d15  vListInsert                            
a0211d87  psc_lookup_pd                          
a0211dbf  rm_irq_is_managed_resasg_utype         
a0211df7  Module_clockSetFrequency               
a0211e2d  device_clk_get_freq                    
a0211e63  rm_ir_init                             
a0211e99  Sciserver_init                         
a0211ecd  clk_get_freq                           
a0211f34  lseek                                  
a0211f69  rm_init                                
a0211f9d  rm_ir_is_managed_resasg_utype          
a0211fd0  write                                  
a0212005  xQueueCreateMutexStatic                
a0212039  Module_clockEnable                     
a0212069  clk_get_div                            
a0212099  clk_value_get_freq                     
a02120c9  vApplicationStackOverflowHook          
a02120f9  vPortExitCritical                      
a0212128  _self_reset_start                      
a0212159  ClockP_timerTickIsr                    
a0212187  UART_getHandle                         
a02121e3  device_suspend                         
a021223f  device_set_retention                   
a0212293  osal_delay                             
a021230f  dmsc_init                              
a0212337  rm_ia_validate_vint                    
a021235f  rm_ir_validate_output                  
a02123d7  Sciserver_SproxyGetResponseConfId      
a02123fd  boardcfg_get_rm_devgrp                 
a0212423  device_prepare_exclusive               
a0212449  vPortTimerTickHandler                  
a021246f  vQueueAddToRegistry                    
a0212495  Sciclient_waitThread                   
a02124b9  System_init                            
a02124dc  __aeabi_uldivmod                       
a0212501  hello_world_main                       
a0212525  rm_ia_vint_get_info                    
a0212549  rm_irq_init                            
a021256d  uxListRemove                           
a0212591  vprintf_                               
a02125b5  xTaskGetSchedulerState                 
a02125d9  Pinmux_init                            
a02125fb  Sciclient_query_fw_caps_handler        
a021261d  Sciserver_SproxyMsgFinish              
a021263f  device_clk_set_input_term              
a0212661  main_thread                            
a02126a5  DebugP_logZoneEnable                   
a02126c5  Sciserver_SproxyMsgAck                 
a02126e5  TimerP_Params_init                     
a0212725  Sciclient_readThread32                 
a0212743  device_clk_set_freq                    
a0212761  device_resource_mem                    
a021277f  notifier_call                          
a021279d  sleep_modes_register                   
a02127bb  sys_reset_handler                      
a02127d9  vApplicationGetIdleTaskMemory          
a02127f7  vApplicationGetTimerTaskMemory         
a0212815  _system_pre_init                       
a0212869  vListInsertEnd                         
a0212884  TI_memcpy_small                        
a02128a1  TaskP_Params_init                      
a02128bb  UART_writeInterruptDma                 
a021293d  vTaskInternalSetTimeOutState           
a0212957  Drivers_close                          
a021296f  Drivers_uartClose                      
a0212987  boardcfg_get_rm_resasg_size            
a021299f  device_clk_query_freq                  
a02129b7  pvTaskIncrementMutexHeldCount          
a02129cf  xPortStartScheduler                    
a02129e7  xTaskGetTickCount                      
a0212a00  TI_memset_small                        
a0212a19  boardcfg_get_rm_resasg                 
a0212a2f  rm_core_unmap_region                   
a0212a45  trace_reconfigure                      
a0212a5b  vListInitialise                        
a0212a71  ClockP_usecToTicks                     
a0212a85  Sciclient_readThreadCount              
a0212a99  Sciclient_verifyThread                 
a0212aad  device_clk_get_freq_change             
a0212ac1  device_clk_get_input_term              
a0212ad5  device_clk_get_ssc                     
a0212ae9  device_clk_get_sw_gated                
a0212afd  device_prepare_nonexclusive            
a0212b25  system_reset                           
a0212b39  Sciclient_threadStatusReg              
a0212b4b  TimerP_clearOverflowInt                
a0212b5d  pm_devgroup_is_enabled                 
a0212b6f  putchar_                               
a0212b81  rm_core_map_region                     
a0212b93  vTaskEndScheduler                      
a0212ba5  ClockP_ticksToUsec                     
a0212bb4  __aeabi_memset                         
a0212bb4  __aeabi_memset4                        
a0212bb4  __aeabi_memset8                        
a0212bc5  pm_devgroup_set_enabled                
a0212bd4  putchar                                
a0212be5  vPortYeildFromISR                      
a0212bf5  vTaskSuspendAll                        
a0212c05  PowerClock_init                        
a0212c13  query_fw_caps_handler                  
a0212c21  vTaskMissedYield                       
a0212c2f  DebugP_uartSetDrvIndex                 
a0212c3b  Sciserver_getCtrlState                 
a0212c47  Sciserver_getRmPmHalVersionStr         
a0212c53  Sciserver_getVersionStr                
a0212c5f  Sciserver_setCtrlState                 
a0212c6c  __aeabi_memclr                         
a0212c6c  __aeabi_memclr4                        
a0212c6c  __aeabi_memclr8                        
a0212c78  malloc                                 
a0212c85  sproxy_receive_msg_r5_to_tifs_fw       
a0212c91  sproxy_send_msg_r5_to_tifs_fw          
a0212c9d  sys_reset_handler_register             
a0212ca9  xTaskGetCurrentTaskHandle              
a0212cb5  CSL_secProxyGetDataAddr                
a0212ccd  TimerP_start                           
a0212cd7  clk_notify_children_freq               
a0212ce1  vApplicationIdleHook                   
a0212ceb  clk_freq_change_allow                  
a0212cf3  clk_freq_change_block                  
a0212cfb  lpsc_module_get                        
a0212d03  lpsc_module_get_module_reset           
a0212d0b  lpsc_module_put                        
a0212d13  lpsc_module_ret_get                    
a0212d1b  lpsc_module_ret_put                    
a0212d23  rm_core_param_is_valid                 
a0212d2b  uiPortGetRunTimeCounterValue           
a0212d33  Sciserver_SproxyMsgSend                
a0212d39  SemaphoreP_destruct                    
a0212d4b  vListInitialiseItem                    
a0212d51  ClockP_getTicks                        
a0212d55  ClockP_getTimerCount                   
a0212d59  ClockP_timerClearOverflowInt           
a0212d5d  Drivers_open                           
a0212d61  Sciserver_initPrms_Init                
a0212d65  TaskP_yield                            
a0212d69  TimerP_getCount                        
a0212d6d  TimerP_getReloadCount                  
a0212d70  __aeabi_ldiv0                          
a0212d74  __aeabi_memcpy                         
a0212d74  __aeabi_memcpy4                        
a0212d74  __aeabi_memcpy8                        
a0212d78  _nop                                   
a0212d91  device_clk_get_hw_ssc                  
a0212d94  fseek                                  
a0212d9c  remove                                 
a0212da1  rm_udmap_flow_size_thresh_cfg          
a0212da5  soc_device_init_complete               
a0212da9  trace_debug                            
a0212e40  __BSS_START                            
a0212e40  tracelog_rmpm                          
a0217e40  gMainTaskStack                         
a021be40  gHwiCtrl                               
a021f994  soc_clocks                             
a021ff6c  soc_devices                            
a0220c14  soc_clock_values                       
a0221410  gSciserverUserSemObjects               
a02215d8  gSciserverUserTaskObjects              
a0221850  _CIOBUF_                               
a0221850  __CIOBUF_                              
a0221a70  xQueueRegistry                         
a0221f68  __TI_tmpnams                           
a0222008  gSciserverHwiObjects                   
a0222140  gSciserverSyncObject                   
a02222e8  gMainTaskObj                           
a0222370  gTaskP_ctrl                            
a0222420  gRovDummyQueue                         
a02224b0  _freertosresetvectors                  
a02224f0  gClockCtrl                             
a0222528  gSciserverUserTaskParams               
a0222614  gSciserverHwiHandles                   
a0222658  gSciserverUserSemHandles               
a0222664  parmbuf                                
a0222674  gSciserverUserTaskHandles              
a02226b8  gMainTask                              
a02226bc  gSciserverSyncHandle                   
a02226c0  gUartHandle                            
a02226e0  __BSS_END                              
a02226e0  _sys_memory                            
a022a6e0  soc_clock_data                         
a022be40  soc_device_data_arr                    
a022c2c0  sproxy_route_data                      
a022c6bc  soc_pll_table                          
a022c95c  Sciserver_SecureProxyTxConfigurations  
a022caf4  gSciclientMap                          
a022cc0c  soc_host_indexes                       
a022cd0a  gSciserverSecureProxyRxConfigurations  
a022ce06  Sciserver_SecureProxyTxConfigNum       
a022ce98  soc_clock_freq_defaults                
a022d148  gSciserverSecureProxyInstances         
a022d319  soc_host_indexes_sz                    
a022d4b0  ia_soc_pe_init_list                    
a022d624  soc_devgroups                          
a022d8d8  irq_global_event_types                 
a022dc4c  soc_clock_ranges                       
a022dd82  gSciserverSecureProxyRxConfigNum       
a022dd84  clk_drv_div_pll_16fft_hsdiv            
a022dda8  clk_drv_div_pll_16fft_postdiv          
a022ddcc  clk_drv_div_reg                        
a022ddf0  clk_drv_div_reg_go                     
a022e0fe  sproxy_route_data_count                
a022e100  clk_drv_mux_reg                        
a022e120  clk_drv_pllctrl_mux_reg_ro             
a022e47c  clk_drv_fixed                          
a022e494  clk_drv_from_device                    
a022e4ac  clk_drv_pll_16fft                      
a022e4c4  clk_drv_soc_hfosc0                     
a022e4dc  clk_drv_soc_lfosc0                     
a022f4a0  psc_drv                                
a022f9dc  gcSciclientDirectExtBootX509MagicWord  
a022f9e4  soc_psc_multiple_domains               
a022fa14  evt_rt_srcs                            
a022fdb4  evt_rt_srcs_count                      
a022fdb8  gCacheL1dCacheLineSize                 
a022fdbc  gCacheL1pCacheLineSize                 
a022fddc  ra_inst_count                          
a022fde0  soc_clock_count                        
a022fde4  soc_devgroup_count                     
a022fde8  soc_device_count                       
a022fdf8  udmap_inst_count                       
a022fdfc  uxTopUsedPriority                      
a02326c0  _vectors                               
a0232700  gUartDmaConfig                         
a02333dc  resasg_indexer                         
a0233628  ra_inst                                
a02337c8  udmap_inst                             
a0233930  _ftable                                
a0233a20  ia_inst                                
a0233b74  _device                                
a0233bec  gMpuRegionConfig                       
a0233c4c  gSciclientHandle                       
a0233ca8  gUartParams                            
a0233d00  ir_inst                                
a0233d54  _stream                                
a0233da4  FreeRTOS_errno                         
a0233da8  gSciclient_secProxyCfg                 
a0233dc8  gClockConfig                           
a0233df8  gSocModulesClockFrequency              
a0233e28  gSocModules                            
a0233e38  gAddrTranslateConfig                   
a0233e44  gMpuConfig                             
a0233e50  __TI_cleanup_ptr                       
a0233e54  __TI_dtors_ptr                         
a0233e60  gCacheConfig                           
a0233e78  gUartConfig                            
a0233e88  __TI_ft_end                            
a0233e8c  _lock                                  
a0233e90  _unlock                                
a0233e98  gDebugLogZone                          
a0233e9c  gDebugP_uartDrvIndex                   
a0233ea0  gHwiConfig                             
a0233ea4  gUartConfigNum                         
a0233ea8  gUartDmaConfigNum                      
a0233eac  pSciclient_secProxyCfg                 
a0233eb4  pxCurrentTCB                           
a0233ebc  rmpmhal_version_str                    
a0233ecc  sciserver_version_str                  
a0233ed0  ulCriticalNesting                      
a0233ed4  ulPortInterruptNesting                 
a0233ed8  ulPortSchedularRunning                 
a0233edc  ulPortTaskHasFPUContext                
a0233ee0  ulPortYieldRequired                    
a0233f80  gSciclient_boardCfgLow                 
a0234000  gSciclient_boardCfgLow_rm              
a0234d00  gSciclient_boardCfgLow_sec             
a0234e80  gSciclient_boardCfgLow_pm              
a0ffac00  __IRQ_STACK_START                      
a0ffbc00  __FIQ_STACK_START                      
a0ffbc00  __IRQ_STACK_END                        
a0ffbd00  __FIQ_STACK_END                        
a0ffbd00  __SVC_STACK_START                      
a0ffbe00  __ABORT_STACK_START                    
a0ffbe00  __SVC_STACK_END                        
a0ffbf00  __ABORT_STACK_END                      
a0ffbf00  __UNDEFINED_STACK_START                
a0ffc000  __UNDEFINED_STACK_END                  
a0ffc000  __stack                                
a1000000  __STACK_END                            
ffffffff  __TI_pprof_out_hndl                    
ffffffff  __TI_prof_data_size                    
ffffffff  __TI_prof_data_start                   
ffffffff  __binit__                              
ffffffff  binit                                  
UNDEFED   __TI_CINIT_Base                        
UNDEFED   __TI_CINIT_Limit                       
UNDEFED   __TI_Handler_Table_Base                
UNDEFED   __TI_Handler_Table_Limit               
UNDEFED   _system_post_cinit                     

[648 symbols]
