******************************************************************************
            TI ARM Clang Linker Unix v3.2.1                    
******************************************************************************
>> Linked Fri Aug 16 14:43:37 2024

OUTPUT FILE NAME:   <hello_world.release.out>
ENTRY POINT SYMBOL: "_vectors"  address: 00000000


MEMORY CONFIGURATION

         name            origin    length      used     unused   attr    fill
----------------------  --------  ---------  --------  --------  ----  --------
  R5F_VECS              00000000   00000040  00000040  00000000  RWIX
  R5F_TCMA              00000040   00007fc0  000012fc  00006cc4  RWIX
  R5F_TCMB0             41010000   00004000  00000000  00004000  RWIX
  DDR_CODE_DATA         a2200000   00e00000  00324d08  00adb2f8  RWIX


SEGMENT ALLOCATION MAP

run origin  load origin   length   init length attrs members
----------  ----------- ---------- ----------- ----- -------
00000000    00000000    000012b0   000012b0    r-x
  00000000    00000000    00000040   00000040    r-x .vectors
  00000040    00000040    00000898   00000898    r-x .text.hwi
  000008d8    000008d8    00000548   00000548    r-x .text.cache
  00000e20    00000e20    00000338   00000338    r-x .text.mpu
  00001158    00001158    00000150   00000150    r-x .text.boot
  000012a8    000012a8    00000008   00000008    r-x .text:abort
00001400    00001400    0000008c   0000008c    r--
  00001400    00001400    0000008c   0000008c    r-- .resource_table
a2200000    a2200000    00319c80   00000000    rw-
  a2200000    a2200000    0030dc80   00000000    rw- .bss
  a250dc80    a250dc80    00008000   00000000    rw- .sysmem
  a2515c80    a2515c80    00004000   00000000    rw- .stack
a2519c80    a2519c80    000095d8   000095d8    r-x
  a2519c80    a2519c80    00008040   00008040    r-x .text
  a2521cc0    a2521cc0    00001598   00001598    r-- .rodata
a2523258    a2523258    000006b0   000006b0    rw-
  a2523258    a2523258    000006b0   000006b0    rw- .data
a2523908    a2523908    00001400   00000000    r--
  a2523908    a2523908    00001000   00000000    r-- .irqstack
  a2524908    a2524908    00000100   00000000    r-- .fiqstack
  a2524a08    a2524a08    00000100   00000000    r-- .svcstack
  a2524b08    a2524b08    00000100   00000000    r-- .abortstack
  a2524c08    a2524c08    00000100   00000000    r-- .undefinedstack


SECTION ALLOCATION MAP

 output                                  attributes/
section   page    origin      length       input sections
--------  ----  ----------  ----------   ----------------
.vectors   0    00000000    00000040     
                  00000000    00000040     freertos.j722s.r5f.ti-arm-clang.release.lib : HwiP_armv7r_vectors_freertos_asm.obj (.vectors)

.text.hwi 
*          0    00000040    00000898     
                  00000040    00000408     freertos.j722s.r5f.ti-arm-clang.release.lib : HwiP_armv7r_vim.obj (.text.hwi)
                  00000448    0000022c                                                 : portASM.obj (.text.hwi)
                  00000674    000001ea                                                 : HwiP_armv7r_handlers_freertos.obj (.text.hwi)
                  0000085e    00000002     --HOLE-- [fill = 0]
                  00000860    00000070                                                 : HwiP_armv7r_asm.obj (.text.hwi)
                  000008d0    00000008                                                 : HwiP_armv7r_asm.obj (.tramp.HwiP_enableFIQ.1)

.text.cache 
*          0    000008d8    00000548     
                  000008d8    00000458     freertos.j722s.r5f.ti-arm-clang.release.lib : CacheP_armv7r_asm.obj (.text.cache)
                  00000d30    000000d8                                                 : CacheP_armv7r.obj (.text.cache)
                  00000e08    00000008                                                 : CacheP_armv7r_asm.obj (.tramp.CacheP_invL1d.1)
                  00000e10    00000008                                                 : CacheP_armv7r_asm.obj (.tramp.CacheP_enableL1p.1)
                  00000e18    00000008                                                 : HwiP_armv7r_asm.obj (.tramp.HwiP_restore.1)

.text.mpu 
*          0    00000e20    00000338     
                  00000e20    000001b8     freertos.j722s.r5f.ti-arm-clang.release.lib : MpuP_armv7r.obj (.text.mpu)
                  00000fd8    00000164                                                 : MpuP_armv7r_asm.obj (.text.mpu)
                  0000113c    00000008                                                 : MpuP_armv7r_asm.obj (.tramp.MpuP_setRegionAsm.1)
                  00001144    00000008                                                 : HwiP_armv7r_asm.obj (.tramp.HwiP_restore.2)
                  0000114c    00000008                                                 : MpuP_armv7r_asm.obj (.tramp.MpuP_isEnableAsm.1)
                  00001154    00000004     --HOLE-- [fill = 0]

.text.boot 
*          0    00001158    00000150     
                  00001158    000000fc     freertos.j722s.r5f.ti-arm-clang.release.lib : boot_armv7r_asm.obj (.text.boot)
                  00001254    0000001e                                                 : DebugP_log.obj (.text.boot)
                  00001272    0000000e     ti_dpl_config.obj (.text.boot)
                  00001280    00000008     libc.a : exit.c.obj (.tramp.exit.1)
                  00001288    0000000c     main.obj (.tramp.main.1)
                  00001294    00000008     libc.a : autoinit.c.obj (.tramp.__TI_auto_init_nobinit_nopinit.1)
                  0000129c    0000000c     freertos.j722s.r5f.ti-arm-clang.release.lib : boot_armv7r.obj (.tramp._system_pre_init.1)

.text:abort 
*          0    000012a8    00000008     
                  000012a8    00000008     libc.a : exit.c.obj (.text:abort)

.bss       0    a2200000    0030dc80     UNINITIALIZED
                  a2200000    00300000     ti_drivers_config.obj (.bss.ipc_vring_mem)
                  a2500000    00005a30     (.common:gIpcRpmsgCtrl)
                  a2505a30    00000008     libsysbm.a : hostopen.c.obj (.bss.parmbuf)
                  a2505a38    00000008     freertos.j722s.r5f.ti-arm-clang.release.lib : heap_4.obj (.bss.xStart)
                  a2505a40    00004000     (.common:gMainTaskStack)
                  a2509a40    00001008     (.common:gHwiCtrl)
                  a250aa48    00000038     (.common:gClockCtrl)
                  a250aa80    00001000     ti_dpl_config.obj (.bss.debug_mem_trace_buf)
                  a250ba80    00001000     freertos.j722s.r5f.ti-arm-clang.release.lib : port.obj (.bss.uxIdleTaskStack)
                  a250ca80    00000400                                                 : port.obj (.bss.uxTimerTaskStack)
                  a250ce80    00000284     ti_drivers_config.obj (.bss.gUartObjects)
                  a250d104    00000280     freertos.j722s.r5f.ti-arm-clang.release.lib : tasks.obj (.bss.pxReadyTasksLists)
                  a250d384    00000120     libsysbm.a : trgmsg.c.obj (.bss:_CIOBUF_)
                  a250d4a4    00000100     freertos.j722s.r5f.ti-arm-clang.release.lib : timers.obj (.bss.prvCheckForValidListAndQueue.ucStaticTimerQueueStorage)
                  a250d5a4    00000100     (.common:xQueueRegistry)
                  a250d6a4    000000b0     (.common:gIpcNotifyCtrl)
                  a250d754    000000a0     libc.a : defs.c.obj (.bss.__TI_tmpnams)
                  a250d7f4    00000098     freertos.j722s.r5f.ti-arm-clang.release.lib : DebugP_freertos.obj (.bss.gDebugLogLockObj)
                  a250d88c    00000088                                                 : port.obj (.bss.xIdleTaskTCB)
                  a250d914    00000088                                                 : port.obj (.bss.xTimerTaskTCB)
                  a250d99c    00000088     (.common:gMainTaskObj)
                  a250da24    0000007a                                                 : DebugP_memTraceLogWriter.obj (.bss.DebugP_memLogWriterPutChar.lineBuf)
                  a250da9e    00000002     --HOLE--
                  a250daa0    00000060     (.common:gTaskP_ctrl)
                  a250db00    00000050                                                 : timers.obj (.bss.prvCheckForValidListAndQueue.xStaticTimerQueue)
                  a250db50    00000050     (.common:gRovDummyQueue)
                  a250dba0    00000014                                                 : timers.obj (.bss.xActiveTimerList1)
                  a250dbb4    00000014                                                 : timers.obj (.bss.xActiveTimerList2)
                  a250dbc8    00000014                                                 : tasks.obj (.bss.xDelayedTaskList1)
                  a250dbdc    00000014                                                 : tasks.obj (.bss.xDelayedTaskList2)
                  a250dbf0    00000014                                                 : tasks.obj (.bss.xPendingReadyList)
                  a250dc04    00000014                                                 : tasks.obj (.bss.xSuspendedTaskList)
                  a250dc18    00000014                                                 : tasks.obj (.bss.xTasksWaitingTermination)
                  a250dc2c    00000004                                                 : HwiP_armv7r_handlers_freertos.obj (.bss.gdummy)
                  a250dc30    00000004                                                 : HwiP_armv7r_vim.obj (.bss.gdummy)
                  a250dc34    00000004                                                 : timers.obj (.bss.pxCurrentTimerList)
                  a250dc38    00000004                                                 : tasks.obj (.bss.pxDelayedTaskList)
                  a250dc3c    00000004                                                 : tasks.obj (.bss.pxOverflowDelayedTaskList)
                  a250dc40    00000004                                                 : timers.obj (.bss.pxOverflowTimerList)
                  a250dc44    00000004     libc.a : memory.c.obj (.bss.sys_free)
                  a250dc48    00000004     (.common:gMainTask)
                  a250dc4c    00000004     (.common:gUartHandle)
                  a250dc50    00000030     --HOLE--

.sysmem    0    a250dc80    00008000     UNINITIALIZED
                  a250dc80    00000010     libc.a : memory.c.obj (.sysmem)
                  a250dc90    00007ff0     --HOLE--

.stack     0    a2515c80    00004000     UNINITIALIZED
                  a2515c80    00000004     freertos.j722s.r5f.ti-arm-clang.release.lib : boot_armv7r_asm.obj (.stack)
                  a2515c84    00003ffc     --HOLE--

.text      0    a2519c80    00008040     
                  a2519c80    00000598     freertos.j722s.r5f.ti-arm-clang.release.lib : printf.obj (.text._vsnprintf)
                  a251a218    000004ee     drivers.j722s.main-r5f.ti-arm-clang.release.lib : uart_v0.obj (.text.UART_open)
                  a251a706    000003cc                                                     : ipc_notify_v0.obj (.text.IpcNotify_init)
                  a251aad2    00000006     freertos.j722s.r5f.ti-arm-clang.release.lib : SemaphoreP_freertos.obj (.text.SemaphoreP_destruct)
                  a251aad8    00000398                                                 : printf.obj (.text._ftoa)
                  a251ae70    00000010     libclang_rt.builtins.a : aeabi_memset.S.obj (.text.__aeabi_memset)
                  a251ae80    00000390     libc.a : strcmp32.S.obj (.text:strcmp)
                  a251b210    0000037c     drivers.j722s.main-r5f.ti-arm-clang.release.lib : sciclient.obj (.text.Sciclient_service)
                  a251b58c    00000004     ti_board_open_close.obj (.text.Board_driversOpen)
                  a251b590    00000310     freertos.j722s.r5f.ti-arm-clang.release.lib : printf.obj (.text._etoa)
                  a251b8a0    00000222     drivers.j722s.main-r5f.ti-arm-clang.release.lib : uart_v0.obj (.text.UART_masterIsr)
                  a251bac2    00000002     ti_board_open_close.obj (.text.Board_driversClose)
                  a251bac4    0000021e     freertos.j722s.r5f.ti-arm-clang.release.lib : timers.obj (.text.prvTimerTask)
                  a251bce2    000001fe     drivers.j722s.main-r5f.ti-arm-clang.release.lib : uart_v0.obj (.text.UART_write)
                  a251bee0    000001c4     freertos.j722s.r5f.ti-arm-clang.release.lib : queue.obj (.text.xQueueSemaphoreTake)
                  a251c0a4    000001c0                                                 : TimerP.obj (.text.TimerP_setup)
                  a251c264    000001b4     libc.a : memory.c.obj (.text.aligned_alloc)
                  a251c418    000001b0            : memory.c.obj (.text.free)
                  a251c5c8    000001b0     freertos.j722s.r5f.ti-arm-clang.release.lib : queue.obj (.text.xQueueGenericSend)
                  a251c778    00000188                                                 : queue.obj (.text.xQueueReceive)
                  a251c900    00000168                                                 : tasks.obj (.text.xTaskIncrementTick)
                  a251ca68    00000152                                                 : printf.obj (.text._ntoa_format)
                  a251cbba    00000146     drivers.j722s.main-r5f.ti-arm-clang.release.lib : uart_v0.obj (.text.UART_close)
                  a251cd00    00000144     libc.a : setvbuf.c.obj (.text.setvbuf)
                  a251ce44    00000138     freertos.j722s.r5f.ti-arm-clang.release.lib : ClockP_freertos_r5.obj (.text.ClockP_init)
                  a251cf7c    00000132     drivers.j722s.main-r5f.ti-arm-clang.release.lib : soc.obj (.text.SOC_moduleSetClockFrequency)
                  a251d0ae    00000126     freertos.j722s.r5f.ti-arm-clang.release.lib : queue.obj (.text.xQueueGenericSendFromISR)
                  a251d1d4    00000126                                                 : tasks.obj (.text.xTaskResumeAll)
                  a251d2fa    00000002     ti_board_config.obj (.text.Board_init)
                  a251d2fc    00000118     libclang_rt.builtins.a : udivmoddi4.S.obj (.text)
                  a251d414    0000010e     freertos.j722s.r5f.ti-arm-clang.release.lib : tasks.obj (.text.vTaskDelete)
                  a251d522    00000108                                                 : tasks.obj (.text.prvAddNewTaskToReadyList)
                  a251d62a    00000106                                                 : queue.obj (.text.xQueueGiveFromISR)
                  a251d730    000000fe     drivers.j722s.main-r5f.ti-arm-clang.release.lib : ipc_rpmsg.obj (.text.RPMessage_init)
                  a251d82e    000000fc     freertos.j722s.r5f.ti-arm-clang.release.lib : queue.obj (.text.xQueueGenericCreateStatic)
                  a251d92a    000000fa                                                 : queue.obj (.text.xQueueReceiveFromISR)
                  a251da24    000000f8     ti_drivers_config.obj (.text.System_init)
                  a251db1c    000000f6     freertos.j722s.r5f.ti-arm-clang.release.lib : tasks.obj (.text.vTaskSwitchContext)
                  a251dc12    00000002                                                 : printf.obj (.text._out_null)
                  a251dc14    000000f4     libc.a : fputc.c.obj (.text.fputc)
                  a251dd08    000000da     freertos.j722s.r5f.ti-arm-clang.release.lib : tasks.obj (.text.vTaskPriorityDisinheritAfterTimeout)
                  a251dde2    000000d0     drivers.j722s.main-r5f.ti-arm-clang.release.lib : ipc_rpmsg_vring.obj (.text.RPMessage_vringReset)
                  a251deb2    000000ce     freertos.j722s.r5f.ti-arm-clang.release.lib : heap_4.obj (.text.vPortFree)
                  a251df80    000000cc                                                 : timers.obj (.text.prvSampleTimeNow)
                  a251e04c    000000ca     drivers.j722s.main-r5f.ti-arm-clang.release.lib : ipc_notify_v0.obj (.text.IpcNotify_isr)
                  a251e116    000000ca                                                     : ipc_notify_v0.obj (.text.IpcNotify_sendMsg)
                  a251e1e0    000000c8     libc.a : getdevice.c.obj (.text.getdevice)
                  a251e2a8    000000c6     freertos.j722s.r5f.ti-arm-clang.release.lib : tasks.obj (.text.xTaskCreateStatic)
                  a251e36e    000000c6                                                 : tasks.obj (.text.xTaskPriorityDisinherit)
                  a251e434    000000c4                                                 : tasks.obj (.text.prvInitialiseNewTask)
                  a251e4f8    000000be     drivers.j722s.main-r5f.ti-arm-clang.release.lib : ipc_rpmsg_vring.obj (.text.RPMessage_vringGetFullRxBuf)
                  a251e5b6    000000ba     freertos.j722s.r5f.ti-arm-clang.release.lib : tasks.obj (.text.vTaskStartScheduler)
                  a251e670    000000b8     drivers.j722s.main-r5f.ti-arm-clang.release.lib : uart_v0.obj (.text.UART_divisorLatchWrite)
                  a251e728    000000b8                                                     : uart_v0.obj (.text.UART_flushTxFifo)
                  a251e7e0    000000b4     libc.a : fclose.c.obj (.text.__TI_closefile)
                  a251e894    000000b4            : fseek.c.obj (.text.fseeko)
                  a251e948    000000b0     freertos.j722s.r5f.ti-arm-clang.release.lib : DebugP_memTraceLogWriter.obj (.text.DebugP_memLogWriterPutChar)
                  a251e9f8    000000b0                                                 : printf.obj (.text._ntoa_long_long)
                  a251eaa8    000000aa     drivers.j722s.main-r5f.ti-arm-clang.release.lib : uart_v0.obj (.text.UART_procLineStatusErr)
                  a251eb52    000000a8                                                     : ipc_rpmsg.obj (.text.RPMessage_recvHandler)
                  a251ebfa    000000a8     freertos.j722s.r5f.ti-arm-clang.release.lib : tasks.obj (.text.xTaskPriorityInherit)
                  a251eca2    000000a8                                                 : tasks.obj (.text.xTaskRemoveFromEventList)
                  a251ed4a    000000a6                                                 : TaskP_freertos.obj (.text.TaskP_loadUpdateAll)
                  a251edf0    000000a6                                                 : printf.obj (.text._out_rev)
                  a251ee96    000000a4     drivers.j722s.main-r5f.ti-arm-clang.release.lib : sciclient_pm.obj (.text.Sciclient_pmQueryModuleClkFreq)
                  a251ef3a    00000002     freertos.j722s.r5f.ti-arm-clang.release.lib : port.obj (.text.vPortConfigTimerForRunTimeStats)
                  a251ef3c    000000a4     libc.a : memory.c.obj (.text.split)
                  a251efe0    000000a2     drivers.j722s.main-r5f.ti-arm-clang.release.lib : ipc_rpmsg.obj (.text.RPMessage_coreInit)
                  a251f082    000000a2     freertos.j722s.r5f.ti-arm-clang.release.lib : tasks.obj (.text.xTaskCheckForTimeOut)
                  a251f124    000000a0     libsysbm.a : hostrename.c.obj (.text.HOSTrename)
                  a251f1c4    000000a0     freertos.j722s.r5f.ti-arm-clang.release.lib : tasks.obj (.text.prvAddCurrentTaskToDelayedList)
                  a251f264    0000009e                                                 : tasks.obj (.text.eTaskGetState)
                  a251f302    00000002                                                 : port.obj (.text.vPortValidateInterruptPriority)
                  a251f304    0000009c     libc.a : _io_perm.c.obj (.text.__TI_wrt_ok)
                  a251f3a0    0000009a     drivers.j722s.main-r5f.ti-arm-clang.release.lib : ipc_rpmsg_vring.obj (.text.RPMessage_vringPutEmptyRxBuf)
                  a251f43a    0000009a                                                     : sciclient.obj (.text.Sciclient_init)
                  a251f4d4    0000009a                                                     : sciclient.obj (.text.Sciclient_sendMessage)
                  a251f56e    00000002     --HOLE-- [fill = 0]
                  a251f570    00000098     libsysbm.a : hostlseek.c.obj (.text.HOSTlseek)
                  a251f608    00000096     freertos.j722s.r5f.ti-arm-clang.release.lib : tasks.obj (.text.vTaskGetInfo)
                  a251f69e    00000002     --HOLE-- [fill = 0]
                  a251f6a0    00000094     libsysbm.a : hostopen.c.obj (.text.HOSTopen)
                  a251f734    00000094     drivers.j722s.main-r5f.ti-arm-clang.release.lib : uart_v0.obj (.text.UART_init)
                  a251f7c8    00000092                                                     : ipc_rpmsg_vring.obj (.text.RPMessage_vringResetInternal)
                  a251f85a    00000092                                                     : sciclient_pm.obj (.text.Sciclient_pmSetModuleClkFreq)
                  a251f8ec    00000092     freertos.j722s.r5f.ti-arm-clang.release.lib : port.obj (.text.pxPortInitialiseStack)
                  a251f97e    00000002     --HOLE-- [fill = 0]
                  a251f980    0000008c     libc.a : fflush.c.obj (.text.__TI_doflush)
                  a251fa0c    0000008c     freertos.j722s.r5f.ti-arm-clang.release.lib : printf.obj (.text._ntoa_long)
                  a251fa98    0000008c     libsysbm.a : close.c.obj (.text.close)
                  a251fb24    00000086     freertos.j722s.r5f.ti-arm-clang.release.lib : timers.obj (.text.xTimerCreateTimerTask)
                  a251fbaa    00000084                                                 : DebugP_memTraceLogWriter.obj (.text.DebugP_memTraceLogWriterPutLine)
                  a251fc2e    00000002     --HOLE-- [fill = 0]
                  a251fc30    00000084     libsysbm.a : hostread.c.obj (.text.HOSTread)
                  a251fcb4    00000084                : hostwrite.c.obj (.text.HOSTwrite)
                  a251fd38    00000080     drivers.j722s.main-r5f.ti-arm-clang.release.lib : ipc_rpmsg.obj (.text.RPMessage_construct)
                  a251fdb8    00000080     main.obj (.text.main)
                  a251fe38    00000080     freertos.j722s.r5f.ti-arm-clang.release.lib : queue.obj (.text.prvCopyDataToQueue)
                  a251feb8    00000080                                                 : queue.obj (.text.xQueueGenericReset)
                  a251ff38    0000007a     drivers.j722s.main-r5f.ti-arm-clang.release.lib : sciclient_pm.obj (.text.Sciclient_pmGetModuleClkNumParent)
                  a251ffb2    0000007a     freertos.j722s.r5f.ti-arm-clang.release.lib : timers.obj (.text.prvCheckForValidListAndQueue)
                  a252002c    00000076                                                 : DebugP_freertos.obj (.text._DebugP_logZone)
                  a25200a2    00000076                                                 : timers.obj (.text.xTimerGenericCommand)
                  a2520118    00000072                                                 : queue.obj (.text.prvUnlockQueue)
                  a252018a    00000070                                                 : SemaphoreP_freertos.obj (.text.SemaphoreP_constructBinary)
                  a25201fa    0000006e     drivers.j722s.main-r5f.ti-arm-clang.release.lib : soc.obj (.text.SOC_moduleClockEnable)
                  a2520268    0000006e                                                     : sciclient_pm.obj (.text.Sciclient_pmGetModuleState)
                  a25202d6    00000002     --HOLE-- [fill = 0]
                  a25202d8    0000006c     libsysbm.a : hostunlink.c.obj (.text.HOSTunlink)
                  a2520344    0000006c     drivers.j722s.main-r5f.ti-arm-clang.release.lib : uart_v0.obj (.text.UART_writeCancelNoCB)
                  a25203b0    00000068     freertos.j722s.r5f.ti-arm-clang.release.lib : AddrTranslateP.obj (.text.AddrTranslateP_getLocalAddr)
                  a2520418    00000066     drivers.j722s.main-r5f.ti-arm-clang.release.lib : sciclient_pm.obj (.text.Sciclient_pmGetModuleClkParent)
                  a252047e    00000064                                                     : ipc_rpmsg.obj (.text.RPMessage_notifyCallback)
                  a25204e2    00000064                                                     : sciclient_pm.obj (.text.Sciclient_pmModuleGetClkStatus)
                  a2520546    00000064     freertos.j722s.r5f.ti-arm-clang.release.lib : queue.obj (.text.vQueueDelete)
                  a25205aa    00000002     --HOLE-- [fill = 0]
                  a25205ac    00000060     libsysbm.a : hostclose.c.obj (.text.HOSTclose)
                  a252060c    0000005e     drivers.j722s.main-r5f.ti-arm-clang.release.lib : sciclient_pm.obj (.text.Sciclient_pmModuleClkRequest)
                  a252066a    0000005e                                                     : sciclient_pm.obj (.text.Sciclient_pmSetModuleClkParent)
                  a25206c8    0000005c     freertos.j722s.r5f.ti-arm-clang.release.lib : DebugP_log.obj (.text._DebugP_assert)
                  a2520724    0000005a     drivers.j722s.main-r5f.ti-arm-clang.release.lib : ipc_rpmsg_vring.obj (.text.RPMessage_vringIsFullRxBuf)
                  a252077e    0000005a                                                     : soc.obj (.text.SOC_controlModuleLockMMR)
                  a25207d8    0000005a     freertos.j722s.r5f.ti-arm-clang.release.lib : tasks.obj (.text.prvIdleTask)
                  a2520832    00000058                                                 : SemaphoreP_freertos.obj (.text.SemaphoreP_pend)
                  a252088a    00000002     --HOLE-- [fill = 0]
                  a252088c    00000058     libc.a : fopen.c.obj (.text.__TI_cleanup)
                  a25208e4    00000058     libsysbm.a : trgmsg.c.obj (.text.__TI_readmsg)
                  a252093c    00000058                : trgmsg.c.obj (.text.__TI_writemsg)
                  a2520994    00000058     freertos.j722s.r5f.ti-arm-clang.release.lib : tasks.obj (.text.vTaskPlaceOnEventListRestricted)
                  a25209ec    00000058     libc.a : autoinit.c.obj (.text:__TI_auto_init_nobinit_nopinit)
                  a2520a44    00000056     drivers.j722s.main-r5f.ti-arm-clang.release.lib : uart_dma.obj (.text.UART_dmaDisableChannel)
                  a2520a9a    00000054                                                     : uart_dma.obj (.text.UART_dmaClose)
                  a2520aee    00000002     --HOLE-- [fill = 0]
                  a2520af0    00000054     libc.a : exit.c.obj (.text.exit)
                  a2520b44    00000054            : getdevice.c.obj (.text.finddevice)
                  a2520b98    00000052     drivers.j722s.main-r5f.ti-arm-clang.release.lib : sciclient_pm.obj (.text.Sciclient_pmSetModuleState)
                  a2520bea    00000052     freertos.j722s.r5f.ti-arm-clang.release.lib : SemaphoreP_freertos.obj (.text.SemaphoreP_constructMutex)
                  a2520c3c    00000052                                                 : SemaphoreP_freertos.obj (.text.SemaphoreP_post)
                  a2520c8e    00000052                                                 : queue.obj (.text.xQueueGiveMutexRecursive)
                  a2520ce0    00000050                                                 : tasks.obj (.text.prvDeleteTCB)
                  a2520d30    00000050                                                 : heap_4.obj (.text.prvInsertBlockIntoFreeList)
                  a2520d80    0000004e     drivers.j722s.main-r5f.ti-arm-clang.release.lib : ipc_rpmsg_vring.obj (.text.RPMessage_vringGetSize)
                  a2520dce    0000004e     freertos.j722s.r5f.ti-arm-clang.release.lib : tasks.obj (.text.vTaskPlaceOnEventList)
                  a2520e1c    0000004e                                                 : queue.obj (.text.xQueueTakeMutexRecursive)
                  a2520e6a    0000004c     ti_drivers_open_close.obj (.text.Drivers_uartOpen)
                  a2520eb6    0000004c     drivers.j722s.main-r5f.ti-arm-clang.release.lib : ipc_rpmsg.obj (.text.RPMessage_allocEndPtMsg)
                  a2520f02    0000004a                                                     : pinmux.obj (.text.Pinmux_unlockMMR)
                  a2520f4c    0000004a                                                     : soc.obj (.text.SOC_controlModuleUnlockMMR)
                  a2520f96    00000002     --HOLE-- [fill = 0]
                  a2520f98    00000048     libsysbm.a : unlink.c.obj (.text.unlink)
                  a2520fe0    00000046     freertos.j722s.r5f.ti-arm-clang.release.lib : ClockP_freertos.obj (.text.ClockP_getTimeUsec)
                  a2521026    00000046     ti_dpl_config.obj (.text.Dpl_init)
                  a252106c    00000046     drivers.j722s.main-r5f.ti-arm-clang.release.lib : pinmux.obj (.text.Pinmux_config)
                  a25210b2    00000046     freertos.j722s.r5f.ti-arm-clang.release.lib : queue.obj (.text.vQueueWaitForMessageRestricted)
                  a25210f8    00000044     drivers.j722s.main-r5f.ti-arm-clang.release.lib : sciclient_pm.obj (.text.Sciclient_pmSetModuleRst)
                  a252113c    00000044     freertos.j722s.r5f.ti-arm-clang.release.lib : port.obj (.text.vPortEnterCritical)
                  a2521180    00000040     libc.a : memory.c.obj (.text.free_list_insert)
                  a25211c0    00000040     freertos.j722s.r5f.ti-arm-clang.release.lib : timers.obj (.text.prvInsertTimerInActiveList)
                  a2521200    0000003e     drivers.j722s.main-r5f.ti-arm-clang.release.lib : ipc_notify_v0.obj (.text.IpcNotify_registerClient)
                  a252123e    0000003c                                                     : ipc_rpmsg.obj (.text.RPMessage_freeEndPtMsg)
                  a252127a    00000002     --HOLE-- [fill = 0]
                  a252127c    0000003c                                                     : sciclient_soc_priv.obj (.text.Sciclient_getContext)
                  a25212b8    0000003c     freertos.j722s.r5f.ti-arm-clang.release.lib : TaskP_freertos.obj (.text.vApplicationLoadHook)
                  a25212f4    0000003c                                                 : tasks.obj (.text.xTaskGetIdleTaskHandle)
                  a2521330    0000003a                                                 : DebugP_uartLogWriter.obj (.text.DebugP_uartLogWriterPutChar)
                  a252136a    0000003a     drivers.j722s.main-r5f.ti-arm-clang.release.lib : uart_dma.obj (.text.UART_dmaOpen)
                  a25213a4    0000003a     freertos.j722s.r5f.ti-arm-clang.release.lib : list.obj (.text.vListInsert)
                  a25213de    00000038     drivers.j722s.main-r5f.ti-arm-clang.release.lib : ipc_rpmsg_vring.obj (.text.RPMessage_vringCheckEmptyTxBuf)
                  a2521416    00000038                                                     : sciclient.obj (.text.Sciclient_getCurrentContext)
                  a252144e    00000036     ti_power_clock_config.obj (.text.Module_clockSetFrequency)
                  a2521484    00000034     drivers.j722s.main-r5f.ti-arm-clang.release.lib : ipc_rpmsg.obj (.text.RPMessage_controlEndPtHandler)
                  a25214b8    00000034     libc.a : memory.c.obj (.text.free_list_remove)
                  a25214ec    00000034     libsysbm.a : lseek.c.obj (.text.lseek)
                  a2521520    00000034                : write.c.obj (.text.write)
                  a2521554    00000034     freertos.j722s.r5f.ti-arm-clang.release.lib : queue.obj (.text.xQueueCreateMutexStatic)
                  a2521588    00000032                                                 : printf.obj (.text.snprintf_)
                  a25215ba    00000030     ti_power_clock_config.obj (.text.Module_clockEnable)
                  a25215ea    00000030     freertos.j722s.r5f.ti-arm-clang.release.lib : port.obj (.text.vApplicationStackOverflowHook)
                  a252161a    00000030                                                 : port.obj (.text.vPortExitCritical)
                  a252164a    0000002e                                                 : ClockP_freertos.obj (.text.ClockP_timerTickIsr)
                  a2521678    0000002e     drivers.j722s.main-r5f.ti-arm-clang.release.lib : uart_v0.obj (.text.UART_getHandle)
                  a25216a6    0000002c                                                     : ipc_rpmsg.obj (.text.RPMessage_putEndPtMsg)
                  a25216d2    00000028                                                     : ipc_rpmsg.obj (.text.RPMessage_Params_init)
                  a25216fa    00000028                                                     : ipc_rpmsg.obj (.text.RPMessage_isLinuxCore)
                  a2521722    00000026                                                     : ipc_notify_v0.obj (.text.IpcNotify_unregisterClient)
                  a2521748    00000026     freertos.j722s.r5f.ti-arm-clang.release.lib : port.obj (.text.vPortTimerTickHandler)
                  a252176e    00000026                                                 : queue.obj (.text.vQueueAddToRegistry)
                  a2521794    00000024     libclang_rt.builtins.a : aeabi_uldivmod.S.obj (.text.__aeabi_uldivmod)
                  a25217b8    00000024     hello_world.obj (.text.hello_world_main)
                  a25217dc    00000024     freertos.j722s.r5f.ti-arm-clang.release.lib : list.obj (.text.uxListRemove)
                  a2521800    00000024                                                 : printf.obj (.text.vprintf_)
                  a2521824    00000024                                                 : tasks.obj (.text.xTaskGetSchedulerState)
                  a2521848    00000022     ti_pinmux_config.obj (.text.Pinmux_init)
                  a252186a    00000020     freertos.j722s.r5f.ti-arm-clang.release.lib : DebugP_log.obj (.text.DebugP_logZoneEnable)
                  a252188a    00000020                                                 : TimerP.obj (.text.TimerP_Params_init)
                  a25218aa    0000001e     drivers.j722s.main-r5f.ti-arm-clang.release.lib : ipc_notify_v0.obj (.text.IpcNotify_syncCallback)
                  a25218c8    0000001e     freertos.j722s.r5f.ti-arm-clang.release.lib : port.obj (.text.vApplicationGetIdleTaskMemory)
                  a25218e6    0000001e                                                 : port.obj (.text.vApplicationGetTimerTaskMemory)
                  a2521904    0000001c     drivers.j722s.main-r5f.ti-arm-clang.release.lib : soc.obj (.text.SOC_getCoreName)
                  a2521920    0000001c     freertos.j722s.r5f.ti-arm-clang.release.lib : boot_armv7r.obj (.text._system_pre_init)
                  a252193c    0000001c     libsysbm.a : hostrename.c.obj (.text.strlen)
                  a2521958    0000001c     freertos.j722s.r5f.ti-arm-clang.release.lib : list.obj (.text.vListInsertEnd)
                  a2521974    0000001c     libc.a : memcpy32.S.obj (.text:TI_memcpy_small)
                  a2521990    0000001a     drivers.j722s.main-r5f.ti-arm-clang.release.lib : ipc_notify_v0.obj (.text.IpcNotify_Params_init)
                  a25219aa    0000001a                                                     : ipc_rpmsg_vring.obj (.text.RPMessage_vringGetRxBufAddr)
                  a25219c4    0000001a                                                     : uart_dma.obj (.text.UART_writeInterruptDma)
                  a25219de    0000001a     freertos.j722s.r5f.ti-arm-clang.release.lib : tasks.obj (.text.vTaskInternalSetTimeOutState)
                  a25219f8    00000018     ti_drivers_open_close.obj (.text.Drivers_close)
                  a2521a10    00000018     ti_drivers_config.obj (.text.IpcNotify_getConfig)
                  a2521a28    00000018     drivers.j722s.main-r5f.ti-arm-clang.release.lib : ipc_notify_v0.obj (.text.IpcNotify_isCoreEnabled)
                  a2521a40    00000018                                                     : sciclient_soc_priv.obj (.text.Sciclient_getDevId)
                  a2521a58    00000018     ti_dpl_config.obj (.text.putchar_)
                  a2521a70    00000018     freertos.j722s.r5f.ti-arm-clang.release.lib : tasks.obj (.text.pvTaskIncrementMutexHeldCount)
                  a2521a88    00000018                                                 : port.obj (.text.xPortStartScheduler)
                  a2521aa0    00000018                                                 : tasks.obj (.text.xTaskGetTickCount)
                  a2521ab8    00000018     libc.a : memset32.S.obj (.text:TI_memset_small)
                  a2521ad0    00000016     freertos.j722s.r5f.ti-arm-clang.release.lib : list.obj (.text.vListInitialise)
                  a2521ae6    00000014                                                 : ClockP_freertos.obj (.text.ClockP_usecToTicks)
                  a2521afa    00000002     --HOLE-- [fill = 0]
                  a2521afc    00000014     libsysbm.a : hostrename.c.obj (.text.strcpy)
                  a2521b10    00000012     freertos.j722s.r5f.ti-arm-clang.release.lib : DebugP_memTraceLogWriter.obj (.text.DebugP_memLogWriterInit)
                  a2521b22    00000012                                                 : TimerP.obj (.text.TimerP_clearOverflowInt)
                  a2521b34    00000012     main.obj (.text.freertos_main)
                  a2521b46    00000002     --HOLE-- [fill = 0]
                  a2521b48    00000010     libc.a : fputc.c.obj (.text.putchar)
                  a2521b58    00000010     freertos.j722s.r5f.ti-arm-clang.release.lib : port.obj (.text.vPortYeildFromISR)
                  a2521b68    00000010                                                 : tasks.obj (.text.vTaskSuspendAll)
                  a2521b78    0000000e     ti_power_clock_config.obj (.text.PowerClock_init)
                  a2521b86    0000000e     freertos.j722s.r5f.ti-arm-clang.release.lib : tasks.obj (.text.vTaskMissedYield)
                  a2521b94    0000000c                                                 : DebugP_uartLogWriter.obj (.text.DebugP_uartSetDrvIndex)
                  a2521ba0    0000000c     drivers.j722s.main-r5f.ti-arm-clang.release.lib : ipc_notify_v0.obj (.text.IpcNotify_getSelfCoreId)
                  a2521bac    0000000c     libclang_rt.builtins.a : aeabi_memset.S.obj (.text.__aeabi_memclr)
                  a2521bb8    0000000c     libc.a : memory.c.obj (.text.malloc)
                  a2521bc4    0000000c     freertos.j722s.r5f.ti-arm-clang.release.lib : tasks.obj (.text.xTaskGetCurrentTaskHandle)
                  a2521bd0    0000000a     drivers.j722s.main-r5f.ti-arm-clang.release.lib : csl_sec_proxy.obj (.text.CSL_secProxyGetDataAddr)
                  a2521bda    00000006     freertos.j722s.r5f.ti-arm-clang.release.lib : port.obj (.text.prvTaskExitError)
                  a2521be0    0000000c     libc.a : strcmp32.S.obj (.text)
                  a2521bec    0000000a     freertos.j722s.r5f.ti-arm-clang.release.lib : TimerP.obj (.text.TimerP_start)
                  a2521bf6    0000000a     drivers.j722s.main-r5f.ti-arm-clang.release.lib : utils.obj (.text.Utils_dataAndInstructionBarrier)
                  a2521c00    0000000a     freertos.j722s.r5f.ti-arm-clang.release.lib : printf.obj (.text._out_buffer)
                  a2521c0a    0000000a                                                 : port.obj (.text.vApplicationIdleHook)
                  a2521c14    00000008                                                 : printf.obj (.text._out_char)
                  a2521c1c    00000008                                                 : port.obj (.text.uiPortGetRunTimeCounterValue)
                  a2521c24    00000006                                                 : list.obj (.text.vListInitialiseItem)
                  a2521c2a    00000004                                                 : ClockP_freertos.obj (.text.ClockP_getTicks)
                  a2521c2e    00000004                                                 : ClockP_freertos_r5.obj (.text.ClockP_getTimerCount)
                  a2521c32    00000004                                                 : ClockP_freertos_r5.obj (.text.ClockP_timerClearOverflowInt)
                  a2521c36    00000004     ti_drivers_open_close.obj (.text.Drivers_open)
                  a2521c3a    00000004     freertos.j722s.r5f.ti-arm-clang.release.lib : TaskP_freertos.obj (.text.TaskP_yield)
                  a2521c3e    00000004                                                 : TimerP.obj (.text.TimerP_getCount)
                  a2521c42    00000004                                                 : TimerP.obj (.text.TimerP_getReloadCount)
                  a2521c46    00000002     --HOLE-- [fill = 0]
                  a2521c48    00000004     libclang_rt.builtins.a : aeabi_memcpy.S.obj (.text.__aeabi_memcpy)
                  a2521c4c    00000004     libc.a : _lock.c.obj (.text._nop)
                  a2521c50    00000004     libclang_rt.builtins.a : aeabi_div0.c.obj (.text.__aeabi_ldiv0)
                  a2521c54    00000004     libc.a : fseek.c.obj (.text.fseek)
                  a2521c58    00000004     libsysbm.a : remove.c.obj (.text.remove)
                  a2521c5c    00000008     freertos.j722s.r5f.ti-arm-clang.release.lib : portASM.obj (.tramp.vPortRestoreTaskContext.1)
                  a2521c64    00000008                                                 : HwiP_armv7r_asm.obj (.tramp.HwiP_enable.1)
                  a2521c6c    00000008                                                 : HwiP_armv7r_vim.obj (.tramp.HwiP_init.1)
                  a2521c74    00000008     libc.a : exit.c.obj (.tramp.abort.1)
                  a2521c7c    00000008     freertos.j722s.r5f.ti-arm-clang.release.lib : HwiP_armv7r_vim.obj (.tramp.HwiP_inISR.1)
                  a2521c84    00000008                                                 : CacheP_armv7r_asm.obj (.tramp.CacheP_wbInv.1)
                  a2521c8c    00000008                                                 : DebugP_log.obj (.tramp._DebugP_assertNoLog.1)
                  a2521c94    00000008                                                 : HwiP_armv7r_vim.obj (.tramp.HwiP_destruct.1)
                  a2521c9c    00000008                                                 : HwiP_armv7r_asm.obj (.tramp.HwiP_restore.3)
                  a2521ca4    00000008                                                 : HwiP_armv7r_asm.obj (.tramp.HwiP_disable.1)
                  a2521cac    00000008                                                 : HwiP_armv7r_vim.obj (.tramp.HwiP_construct.1)
                  a2521cb4    00000008                                                 : HwiP_armv7r_vim.obj (.tramp.HwiP_Params_init.1)
                  a2521cbc    00000004     --HOLE-- [fill = 0]

.rodata    0    a2521cc0    00001598     
                  a2521cc0    00000118     drivers.j722s.main-r5f.ti-arm-clang.release.lib : sciclient_fmwSecureProxyMap.obj (.rodata.gSciclientMap)
                  a2521dd8    00000082     freertos.j722s.r5f.ti-arm-clang.release.lib : tasks.obj (.rodata.str1.35094467418371808881)
                  a2521e5a    0000006b                                                 : queue.obj (.rodata.str1.141940174562607130321)
                  a2521ec5    00000065                                                 : queue.obj (.rodata.str1.111608391506778058741)
                  a2521f2a    00000062                                                 : queue.obj (.rodata.str1.97075527348778053441)
                  a2521f8c    0000005f                                                 : queue.obj (.rodata.str1.114907725057876044971)
                  a2521feb    0000005d                                                 : queue.obj (.rodata.str1.183044189028674907331)
                  a2522048    0000005c                                                 : ClockP_freertos_r5.obj (.rodata.str1.40321079418843659821)
                  a25220a4    00000059                                                 : queue.obj (.rodata.str1.182701567456599862741)
                  a25220fd    00000051                                                 : tasks.obj (.rodata.str1.139630980779555117321)
                  a252214e    00000002     --HOLE-- [fill = 0]
                  a2522150    00000050                                                 : printf.obj (.rodata._ftoa.pow10)
                  a25221a0    0000004f                                                 : tasks.obj (.rodata.str1.21285386633116864331)
                  a25221ef    0000004a                                                 : queue.obj (.rodata.str1.147229376489009400541)
                  a2522239    0000004a                                                 : queue.obj (.rodata.str1.64809264458032822611)
                  a2522283    00000040     drivers.j722s.main-r5f.ti-arm-clang.release.lib : ipc_notify_v0.obj (.rodata.str1.127192029451675065831)
                  a25222c3    0000003f     freertos.j722s.r5f.ti-arm-clang.release.lib : port.obj (.rodata.str1.46439670207802211051)
                  a2522302    0000003e                                                 : tasks.obj (.rodata.str1.136965813453778504241)
                  a2522340    0000003d                                                 : TimerP.obj (.rodata.str1.137259705890908150361)
                  a252237d    0000003d                                                 : heap_4.obj (.rodata.str1.159398788565163076961)
                  a25223ba    00000039                                                 : queue.obj (.rodata.str1.155751931963463417611)
                  a25223f3    00000037                                                 : SemaphoreP_freertos.obj (.rodata.str1.101306302737560956511)
                  a252242a    00000035     ti_drivers_open_close.obj (.rodata.str1.135241915826326793361)
                  a252245f    00000035     drivers.j722s.main-r5f.ti-arm-clang.release.lib : ipc_rpmsg.obj (.rodata.str1.39454300482808885291)
                  a2522494    00000034     freertos.j722s.r5f.ti-arm-clang.release.lib : TimerP.obj (.rodata.str1.35372726421922690711)
                  a25224c8    00000032                                                 : heap_4.obj (.rodata.str1.79098017499774591071)
                  a25224fa    00000031                                                 : timers.obj (.rodata.str1.118691063449689221261)
                  a252252b    0000002f     drivers.j722s.main-r5f.ti-arm-clang.release.lib : ipc_notify_v0.obj (.rodata.str1.174762955759477225641)
                  a252255a    0000002f                                                     : ipc_notify_v0.obj (.rodata.str1.21360020578790962271)
                  a2522589    0000002e     freertos.j722s.r5f.ti-arm-clang.release.lib : queue.obj (.rodata.str1.169224295655360559331)
                  a25225b7    0000002e                                                 : tasks.obj (.rodata.str1.48156116803641952041)
                  a25225e5    00000003     --HOLE-- [fill = 0]
                  a25225e8    0000002c     drivers.j722s.main-r5f.ti-arm-clang.release.lib : soc.obj (.rodata.SOC_getCoreName.coreIdNames)
                  a2522614    0000002a     freertos.j722s.r5f.ti-arm-clang.release.lib : queue.obj (.rodata.str1.117220106563095428321)
                  a252263e    0000002a                                                 : queue.obj (.rodata.str1.131109953815054904231)
                  a2522668    0000002a                                                 : heap_4.obj (.rodata.str1.73622560481828276671)
                  a2522692    0000002a                                                 : DebugP_log.obj (.rodata.str1.83863751503234361091)
                  a25226bc    00000029                                                 : tasks.obj (.rodata.str1.163419493628046240901)
                  a25226e5    00000028                                                 : queue.obj (.rodata.str1.66838038054841833861)
                  a252270d    00000027                                                 : tasks.obj (.rodata.str1.154345579020199312091)
                  a2522734    00000027                                                 : ClockP_freertos_r5.obj (.rodata.str1.174039377942727712421)
                  a252275b    00000027                                                 : queue.obj (.rodata.str1.96981306251351186341)
                  a2522782    00000026                                                 : tasks.obj (.rodata.str1.84784629205457660741)
                  a25227a8    00000025     drivers.j722s.main-r5f.ti-arm-clang.release.lib : ipc_notify_v0.obj (.rodata.str1.101865894839250835651)
                  a25227cd    00000025     freertos.j722s.r5f.ti-arm-clang.release.lib : queue.obj (.rodata.str1.157319839281776338901)
                  a25227f2    00000025                                                 : tasks.obj (.rodata.str1.164771349851604497811)
                  a2522817    00000024                                                 : tasks.obj (.rodata.str1.69153417865725730841)
                  a252283b    00000024     main.obj (.rodata.str1.97993385775340092391)
                  a252285f    00000023     freertos.j722s.r5f.ti-arm-clang.release.lib : ClockP_freertos_r5.obj (.rodata.str1.150638469851462986011)
                  a2522882    00000022                                                 : tasks.obj (.rodata.str1.2290074252429086771)
                  a25228a4    00000022                                                 : tasks.obj (.rodata.str1.36029711656696298901)
                  a25228c6    00000021                                                 : ClockP_freertos_r5.obj (.rodata.str1.159651826034932727571)
                  a25228e7    00000021                                                 : SemaphoreP_freertos.obj (.rodata.str1.58153449447620416071)
                  a2522908    00000021                                                 : tasks.obj (.rodata.str1.79598815126972579641)
                  a2522929    00000021                                                 : tasks.obj (.rodata.str1.98910482011056687671)
                  a252294a    00000020                                                 : tasks.obj (.rodata.str1.173256952803158338481)
                  a252296a    00000020     drivers.j722s.main-r5f.ti-arm-clang.release.lib : ipc_notify_v0.obj (.rodata.str1.77803935510469970291)
                  a252298a    0000001f     freertos.j722s.r5f.ti-arm-clang.release.lib : ClockP_freertos_r5.obj (.rodata.str1.11445913706811365071)
                  a25229a9    0000001f     drivers.j722s.main-r5f.ti-arm-clang.release.lib : ipc_notify_v0.obj (.rodata.str1.120254807837202051031)
                  a25229c8    0000001f     freertos.j722s.r5f.ti-arm-clang.release.lib : TimerP.obj (.rodata.str1.150767944974718792331)
                  a25229e7    0000001f     drivers.j722s.main-r5f.ti-arm-clang.release.lib : uart_v0.obj (.rodata.str1.169394063705023262141)
                  a2522a06    0000001f                                                     : ipc_rpmsg_vring.obj (.rodata.str1.174155922056988913621)
                  a2522a25    0000001e     freertos.j722s.r5f.ti-arm-clang.release.lib : port.obj (.rodata.str1.172055408752354613651)
                  a2522a43    0000001e                                                 : TimerP.obj (.rodata.str1.40281965742819452681)
                  a2522a61    0000001e     drivers.j722s.main-r5f.ti-arm-clang.release.lib : ipc_notify_v0.obj (.rodata.str1.54645948539029747971)
                  a2522a7f    0000001e     ti_drivers_config.obj (.rodata.str1.72370512399720775981)
                  a2522a9d    0000001e     freertos.j722s.r5f.ti-arm-clang.release.lib : tasks.obj (.rodata.str1.96991310378637518431)
                  a2522abb    0000001d                                                 : TimerP.obj (.rodata.str1.102252773321675906221)
                  a2522ad8    0000001c     drivers.j722s.main-r5f.ti-arm-clang.release.lib : ipc_rpmsg_vring.obj (.rodata.str1.40122266184164752721)
                  a2522af4    0000001c     freertos.j722s.r5f.ti-arm-clang.release.lib : ClockP_freertos_r5.obj (.rodata.str1.44807435292555296461)
                  a2522b10    0000001b                                                 : tasks.obj (.rodata.str1.115604734719323499911)
                  a2522b2b    0000001b                                                 : timers.obj (.rodata.str1.118410620769520892031)
                  a2522b46    0000001b                                                 : SemaphoreP_freertos.obj (.rodata.str1.54880761511891225261)
                  a2522b61    0000001a                                                 : SemaphoreP_freertos.obj (.rodata.str1.113239132686834773161)
                  a2522b7b    0000001a                                                 : queue.obj (.rodata.str1.151229474153774359471)
                  a2522b95    0000001a                                                 : tasks.obj (.rodata.str1.61687165741830068811)
                  a2522baf    0000001a                                                 : TimerP.obj (.rodata.str1.74515085465037407181)
                  a2522bc9    00000019                                                 : queue.obj (.rodata.str1.124526672332049379801)
                  a2522be2    00000019     drivers.j722s.main-r5f.ti-arm-clang.release.lib : uart_v0.obj (.rodata.str1.151873246111077803171)
                  a2522bfb    00000019     freertos.j722s.r5f.ti-arm-clang.release.lib : timers.obj (.rodata.str1.171292879472474763341)
                  a2522c14    00000019                                                 : tasks.obj (.rodata.str1.21405417678311569961)
                  a2522c2d    00000019                                                 : TimerP.obj (.rodata.str1.48829430531877652001)
                  a2522c46    00000019                                                 : queue.obj (.rodata.str1.81406749385322794401)
                  a2522c5f    00000019                                                 : queue.obj (.rodata.str1.89804141231073983161)
                  a2522c78    00000018     drivers.j722s.main-r5f.ti-arm-clang.release.lib : sciclient_soc_priv.obj (.rodata..Lswitch.table.Sciclient_getDevId)
                  a2522c90    00000018     freertos.j722s.r5f.ti-arm-clang.release.lib : tasks.obj (.rodata.str1.111691489516382690001)
                  a2522ca8    00000018                                                 : queue.obj (.rodata.str1.137342423936820222411)
                  a2522cc0    00000018     ti_drivers_config.obj (.rodata.str1.149413469028136483941)
                  a2522cd8    00000018     freertos.j722s.r5f.ti-arm-clang.release.lib : tasks.obj (.rodata.str1.27835604764356884041)
                  a2522cf0    00000018     drivers.j722s.main-r5f.ti-arm-clang.release.lib : uart_v0.obj (.rodata.str1.38839981320244304711)
                  a2522d08    00000018     freertos.j722s.r5f.ti-arm-clang.release.lib : queue.obj (.rodata.str1.8065125245231942611)
                  a2522d20    00000018                                                 : tasks.obj (.rodata.str1.82129946285546181581)
                  a2522d38    00000017     drivers.j722s.main-r5f.ti-arm-clang.release.lib : uart_v0.obj (.rodata.str1.118833787404970350941)
                  a2522d4f    00000017                                                     : uart_dma.obj (.rodata.str1.1333327264196212521)
                  a2522d66    00000017     freertos.j722s.r5f.ti-arm-clang.release.lib : tasks.obj (.rodata.str1.169522028399393056461)
                  a2522d7d    00000017                                                 : timers.obj (.rodata.str1.182759638216487412711)
                  a2522d94    00000017     drivers.j722s.main-r5f.ti-arm-clang.release.lib : uart_dma.obj (.rodata.str1.18451166636706412691)
                  a2522dab    00000017     freertos.j722s.r5f.ti-arm-clang.release.lib : timers.obj (.rodata.str1.4307124792852714761)
                  a2522dc2    00000016                                                 : tasks.obj (.rodata.str1.120359728260416147601)
                  a2522dd8    00000016                                                 : timers.obj (.rodata.str1.128685290358012256071)
                  a2522dee    00000016     drivers.j722s.main-r5f.ti-arm-clang.release.lib : ipc_rpmsg.obj (.rodata.str1.144707136603453390561)
                  a2522e04    00000016                                                     : uart_v0.obj (.rodata.str1.144905129610797327471)
                  a2522e1a    00000016     freertos.j722s.r5f.ti-arm-clang.release.lib : tasks.obj (.rodata.str1.168720744008056414731)
                  a2522e30    00000016     drivers.j722s.main-r5f.ti-arm-clang.release.lib : ipc_notify_v0.obj (.rodata.str1.176293790231707196711)
                  a2522e46    00000016                                                     : ipc_notify_v0.obj (.rodata.str1.22085507989796339491)
                  a2522e5c    00000015     freertos.j722s.r5f.ti-arm-clang.release.lib : tasks.obj (.rodata.str1.118059611776070723811)
                  a2522e71    00000015                                                 : tasks.obj (.rodata.str1.26947460977331674171)
                  a2522e86    00000015     drivers.j722s.main-r5f.ti-arm-clang.release.lib : ipc_rpmsg_vring.obj (.rodata.str1.46890946265034126561)
                  a2522e9b    00000015     freertos.j722s.r5f.ti-arm-clang.release.lib : timers.obj (.rodata.str1.5028131181496311391)
                  a2522eb0    00000015                                                 : queue.obj (.rodata.str1.92324038519326708761)
                  a2522ec5    00000014                                                 : timers.obj (.rodata.str1.111078282643565224011)
                  a2522ed9    00000014                                                 : queue.obj (.rodata.str1.123012559524336741571)
                  a2522eed    00000014                                                 : queue.obj (.rodata.str1.173302783880739849031)
                  a2522f01    00000014                                                 : queue.obj (.rodata.str1.26228964570881434271)
                  a2522f15    00000014     drivers.j722s.main-r5f.ti-arm-clang.release.lib : uart_v0.obj (.rodata.str1.28909646574304168541)
                  a2522f29    00000014     freertos.j722s.r5f.ti-arm-clang.release.lib : tasks.obj (.rodata.str1.34400528045281489551)
                  a2522f3d    00000014                                                 : timers.obj (.rodata.str1.39934105471105927541)
                  a2522f51    00000014                                                 : timers.obj (.rodata.str1.56615110960316502061)
                  a2522f65    00000014     drivers.j722s.main-r5f.ti-arm-clang.release.lib : ipc_rpmsg.obj (.rodata.str1.74056538973169926821)
                  a2522f79    00000013     freertos.j722s.r5f.ti-arm-clang.release.lib : queue.obj (.rodata.str1.157600893527079913211)
                  a2522f8c    00000013                                                 : timers.obj (.rodata.str1.181400586966552590111)
                  a2522f9f    00000013                                                 : tasks.obj (.rodata.str1.54810265633174020071)
                  a2522fb2    00000013                                                 : DebugP_memTraceLogWriter.obj (.rodata.str1.57317241322439301171)
                  a2522fc5    00000013                                                 : tasks.obj (.rodata.str1.74826876293754598021)
                  a2522fd8    00000012     drivers.j722s.main-r5f.ti-arm-clang.release.lib : uart_v0.obj (.rodata.str1.108170205221098943901)
                  a2522fea    00000012                                                     : ipc_notify_v0.obj (.rodata.str1.147510013926870051101)
                  a2522ffc    00000012     freertos.j722s.r5f.ti-arm-clang.release.lib : tasks.obj (.rodata.str1.161567312913872517631)
                  a252300e    00000012                                                 : queue.obj (.rodata.str1.45092863216542888271)
                  a2523020    00000012                                                 : tasks.obj (.rodata.str1.63761751977740755861)
                  a2523032    00000012                                                 : queue.obj (.rodata.str1.82327945226895366811)
                  a2523044    00000011     ti_drivers_open_close.obj (.rodata.str1.47319419042038394831)
                  a2523055    00000011     drivers.j722s.main-r5f.ti-arm-clang.release.lib : uart_v0.obj (.rodata.str1.60774846955662521161)
                  a2523066    00000011     freertos.j722s.r5f.ti-arm-clang.release.lib : SemaphoreP_freertos.obj (.rodata.str1.7963420168829568641)
                  a2523077    0000000f                                                 : tasks.obj (.rodata.str1.133675792092653620761)
                  a2523086    0000000f     drivers.j722s.main-r5f.ti-arm-clang.release.lib : uart_v0.obj (.rodata.str1.175171363700779445411)
                  a2523095    0000000f                                                     : ipc_notify_v0.obj (.rodata.str1.27383024481749673421)
                  a25230a4    0000000f     hello_world.obj (.rodata.str1.36272405369962238921)
                  a25230b3    0000000f     drivers.j722s.main-r5f.ti-arm-clang.release.lib : uart_v0.obj (.rodata.str1.60965199449619900431)
                  a25230c2    0000000f                                                     : uart_dma.obj (.rodata.str1.70768452508190077591)
                  a25230d1    0000000e     freertos.j722s.r5f.ti-arm-clang.release.lib : queue.obj (.rodata.str1.121517562050729541511)
                  a25230df    0000000e     main.obj (.rodata.str1.176328792963337784071)
                  a25230ed    0000000e     drivers.j722s.main-r5f.ti-arm-clang.release.lib : uart_dma.obj (.rodata.str1.23135773699787735551)
                  a25230fb    0000000e     freertos.j722s.r5f.ti-arm-clang.release.lib : tasks.obj (.rodata.str1.52994926199026767801)
                  a2523109    0000000e     drivers.j722s.main-r5f.ti-arm-clang.release.lib : uart_v0.obj (.rodata.str1.62999113157451139141)
                  a2523117    0000000d     freertos.j722s.r5f.ti-arm-clang.release.lib : TimerP.obj (.rodata.str1.31964565093414019091)
                  a2523124    0000000d                                                 : tasks.obj (.rodata.str1.51938925849056683381)
                  a2523131    0000000d                                                 : queue.obj (.rodata.str1.92571939811676230731)
                  a252313e    0000000d                                                 : TimerP.obj (.rodata.str1.93874233885947475821)
                  a252314b    0000000c     ti_drivers_config.obj (.rodata.str1.124864938913619652471)
                  a2523157    0000000c     freertos.j722s.r5f.ti-arm-clang.release.lib : ClockP_freertos_r5.obj (.rodata.str1.146661126436794201791)
                  a2523163    0000000c     drivers.j722s.main-r5f.ti-arm-clang.release.lib : soc.obj (.rodata.str1.47603601162773361051)
                  a252316f    0000000c     freertos.j722s.r5f.ti-arm-clang.release.lib : SemaphoreP_freertos.obj (.rodata.str1.58303800943864521271)
                  a252317b    0000000c     drivers.j722s.main-r5f.ti-arm-clang.release.lib : soc.obj (.rodata.str1.85192427777129116231)
                  a2523187    0000000c     freertos.j722s.r5f.ti-arm-clang.release.lib : tasks.obj (.rodata.str1.95418216542342927111)
                  a2523193    0000000b     drivers.j722s.main-r5f.ti-arm-clang.release.lib : uart_v0.obj (.rodata.str1.147565038505633975661)
                  a252319e    0000000b                                                     : uart_v0.obj (.rodata.str1.163246704051681974461)
                  a25231a9    0000000b                                                     : soc.obj (.rodata.str1.79595889363649382531)
                  a25231b4    0000000b                                                     : soc.obj (.rodata.str1.95594725259989506561)
                  a25231bf    0000000a     freertos.j722s.r5f.ti-arm-clang.release.lib : heap_4.obj (.rodata.str1.171148317199472696011)
                  a25231c9    0000000a     drivers.j722s.main-r5f.ti-arm-clang.release.lib : uart_v0.obj (.rodata.str1.181272059988846645511)
                  a25231d3    0000000a                                                     : uart_v0.obj (.rodata.str1.27933745631974480251)
                  a25231dd    0000000a     main.obj (.rodata.str1.52501554851255701521)
                  a25231e7    00000008     drivers.j722s.main-r5f.ti-arm-clang.release.lib : soc.obj (.rodata.str1.31479968550657025781)
                  a25231ef    00000008     freertos.j722s.r5f.ti-arm-clang.release.lib : timers.obj (.rodata.str1.48907828374953663071)
                  a25231f7    00000008                                                 : DebugP_memTraceLogWriter.obj (.rodata.str1.66943370462697612691)
                  a25231ff    00000007     drivers.j722s.main-r5f.ti-arm-clang.release.lib : soc.obj (.rodata.str1.100041294893817151371)
                  a2523206    00000007                                                     : soc.obj (.rodata.str1.153650937931595389991)
                  a252320d    00000007                                                     : soc.obj (.rodata.str1.36260084593514956111)
                  a2523214    00000007                                                     : soc.obj (.rodata.str1.69710638272882614571)
                  a252321b    00000007                                                     : soc.obj (.rodata.str1.79681054437018592861)
                  a2523222    00000007                                                     : soc.obj (.rodata.str1.92806002060068765241)
                  a2523229    00000005     freertos.j722s.r5f.ti-arm-clang.release.lib : printf.obj (.rodata.str1.119016125874353717991)
                  a252322e    00000005                                                 : timers.obj (.rodata.str1.179340925833981762511)
                  a2523233    00000005                                                 : printf.obj (.rodata.str1.23819535256173504321)
                  a2523238    00000005     main.obj (.rodata.str1.61711049162809177441)
                  a252323d    00000005     freertos.j722s.r5f.ti-arm-clang.release.lib : tasks.obj (.rodata.str1.87665581952768539361)
                  a2523242    00000002     --HOLE-- [fill = 0]
                  a2523244    00000004                                                 : CacheP_armv7r.obj (.rodata.gCacheL1dCacheLineSize)
                  a2523248    00000004                                                 : CacheP_armv7r.obj (.rodata.gCacheL1pCacheLineSize)
                  a252324c    00000004                                                 : printf.obj (.rodata.str1.127360175834607756121)
                  a2523250    00000004                                                 : printf.obj (.rodata.str1.129146086478572783701)
                  a2523254    00000004                                                 : tasks.obj (.rodata.uxTopUsedPriority)

.data      0    a2523258    000006b0     
                  a2523258    0000012c     drivers.j722s.main-r5f.ti-arm-clang.release.lib : ipc_notify_v0_cfg.obj (.data.gIpcNotifyMailboxConfig)
                  a2523384    000000f0     libc.a : defs.c.obj (.data._ftable)
                  a2523474    000000d0     drivers.j722s.main-r5f.ti-arm-clang.release.lib : ipc_notify_v0_cfg.obj (.data.gIpcNotifyInterruptConfig_main_r5fss0_0)
                  a2523544    0000009c                                                     : uart_v0.obj (.data.gUartDrvObj)
                  a25235e0    00000078     libsysbm.a : host_device.c.obj (.data._device)
                  a2523658    00000060     ti_dpl_config.obj (.data.gMpuRegionConfig)
                  a25236b8    00000058     ti_drivers_open_close.obj (.data.gUartParams)
                  a2523710    00000050     libsysbm.a : host_device.c.obj (.data._stream)
                  a2523760    00000024     drivers.j722s.main-r5f.ti-arm-clang.release.lib : ipc_notify_v0_cfg.obj (.data.gIpcNotifyMailboxBaseAddr)
                  a2523784    00000004     freertos.j722s.r5f.ti-arm-clang.release.lib : DebugP_memTraceLogWriter.obj (.data.DebugP_memLogWriterPutChar.lineBufIndex)
                  a2523788    00000020     drivers.j722s.main-r5f.ti-arm-clang.release.lib : sciclient_soc_priv.obj (.data.gSciclientSecProxyCfg)
                  a25237a8    00000018     ti_dpl_config.obj (.data.gClockConfig)
                  a25237c0    00000018     ti_pinmux_config.obj (.data.gPinMuxMainDomainCfg)
                  a25237d8    00000018     ti_power_clock_config.obj (.data.gSocModulesClockFrequency)
                  a25237f0    00000010     ti_power_clock_config.obj (.data.gSocModules)
                  a2523800    0000000c     freertos.j722s.r5f.ti-arm-clang.release.lib : AddrTranslateP.obj (.data.gAddrTranslateConfig)
                  a252380c    0000000c     ti_dpl_config.obj (.data.gMpuConfig)
                  a2523818    00000008     libc.a : exit.c.obj (.data..L_MergedGlobals)
                  a2523820    00000008     ti_dpl_config.obj (.data.gCacheConfig)
                  a2523828    00000008     ti_pinmux_config.obj (.data.gPinMuxMcuDomainCfg)
                  a2523830    00000008     ti_drivers_config.obj (.data.gUartAttrs)
                  a2523838    00000008     ti_drivers_config.obj (.data.gUartConfig)
                  a2523840    00000008     freertos.j722s.r5f.ti-arm-clang.release.lib : TaskP_freertos.obj (.data.vApplicationLoadHook.lastUpdateTime)
                  a2523848    00000004                                                 : tasks.obj (.data.FreeRTOS_errno)
                  a252384c    00000004     libc.a : defs.c.obj (.data.__TI_ft_end)
                  a2523850    00000004            : _lock.c.obj (.data._lock)
                  a2523854    00000004            : _lock.c.obj (.data._unlock)
                  a2523858    00000004     freertos.j722s.r5f.ti-arm-clang.release.lib : DebugP_log.obj (.data.gDebugLogZone)
                  a252385c    00000004                                                 : DebugP_memTraceLogWriter.obj (.data.gDebugMemLogIsWrapAround)
                  a2523860    00000004     ti_dpl_config.obj (.data.gDebugMemLogSize)
                  a2523864    00000004     freertos.j722s.r5f.ti-arm-clang.release.lib : DebugP_memTraceLogWriter.obj (.data.gDebugMemLogWriteIndex)
                  a2523868    00000004                                                 : DebugP_memTraceLogWriter.obj (.data.gDebugP_memTraceLogWriterSelfCoreName)
                  a252386c    00000004                                                 : DebugP_uartLogWriter.obj (.data.gDebugP_uartDrvIndex)
                  a2523870    00000004     ti_dpl_config.obj (.data.gHwiConfig)
                  a2523874    00000004     drivers.j722s.main-r5f.ti-arm-clang.release.lib : ipc_notify_v0_cfg.obj (.data.gIpcNotifyInterruptConfigNum_main_r5fss0_0)
                  a2523878    00000004                                                     : sciclient.obj (.data.gSciclientHandle.0)
                  a252387c    00000004                                                     : sciclient.obj (.data.gSciclientHandle.2)
                  a2523880    00000004                                                     : sciclient.obj (.data.gSciclientHandle.3)
                  a2523884    00000004                                                     : sciclient.obj (.data.gSciclientHandle.4)
                  a2523888    00000004                                                     : sciclient.obj (.data.gSciclientHandle.5)
                  a252388c    00000004     ti_drivers_config.obj (.data.gUartConfigNum)
                  a2523890    00000004     ti_drivers_config.obj (.data.gUartDmaConfigNum)
                  a2523894    00000004     freertos.j722s.r5f.ti-arm-clang.release.lib : timers.obj (.data.prvSampleTimeNow.xLastTime)
                  a2523898    00000004                                                 : tasks.obj (.data.pxCurrentTCB)
                  a252389c    00000004                                                 : heap_4.obj (.data.pxEnd)
                  a25238a0    00000004                                                 : port.obj (.data.ulCriticalNesting)
                  a25238a4    00000004                                                 : port.obj (.data.ulPortInterruptNesting)
                  a25238a8    00000004                                                 : port.obj (.data.ulPortSchedularRunning)
                  a25238ac    00000004                                                 : port.obj (.data.ulPortTaskHasFPUContext)
                  a25238b0    00000004                                                 : port.obj (.data.ulPortYieldRequired)
                  a25238b4    00000004                                                 : tasks.obj (.data.ulTaskSwitchedInTime)
                  a25238b8    00000004                                                 : tasks.obj (.data.ulTotalRunTime)
                  a25238bc    00000004                                                 : tasks.obj (.data.uxCurrentNumberOfTasks)
                  a25238c0    00000004                                                 : tasks.obj (.data.uxDeletedTasksWaitingCleanUp)
                  a25238c4    00000004                                                 : tasks.obj (.data.uxSchedulerSuspended)
                  a25238c8    00000004                                                 : tasks.obj (.data.uxTaskNumber)
                  a25238cc    00000004                                                 : tasks.obj (.data.uxTopReadyPriority)
                  a25238d0    00000004                                                 : heap_4.obj (.data.xFreeBytesRemaining)
                  a25238d4    00000004                                                 : tasks.obj (.data.xIdleTaskHandle)
                  a25238d8    00000004                                                 : tasks.obj (.data.xNextTaskUnblockTime)
                  a25238dc    00000004                                                 : tasks.obj (.data.xNumOfOverflows)
                  a25238e0    00000004                                                 : heap_4.obj (.data.xNumberOfSuccessfulFrees)
                  a25238e4    00000004                                                 : tasks.obj (.data.xPendedTicks)
                  a25238e8    00000004                                                 : tasks.obj (.data.xSchedulerRunning)
                  a25238ec    00000004                                                 : tasks.obj (.data.xTickCount)
                  a25238f0    00000004                                                 : timers.obj (.data.xTimerQueue)
                  a25238f4    00000004                                                 : timers.obj (.data.xTimerTaskHandle)
                  a25238f8    00000004                                                 : tasks.obj (.data.xYieldPending)
                  a25238fc    00000001                                                 : DebugP_freertos.obj (.data.gDebugLogIsInitDone)
                  a25238fd    00000001     drivers.j722s.main-r5f.ti-arm-clang.release.lib : sciclient.obj (.data.gSecHeaderSizeWords)
                  a25238fe    00000002     --HOLE-- [fill = 0]
                  a2523900    00000001     libc.a : memory.c.obj (.data.memory_is_initialized)
                  a2523901    00000003     --HOLE-- [fill = 0]
                  a2523904    00000001     freertos.j722s.r5f.ti-arm-clang.release.lib : heap_4.obj (.data.xBlockAllocatedBit)
                  a2523905    00000003     --HOLE-- [fill = 0]

.irqstack 
*          0    a2523908    00001000     UNINITIALIZED
                  a2523908    00001000     --HOLE--

.fiqstack 
*          0    a2524908    00000100     UNINITIALIZED
                  a2524908    00000100     --HOLE--

.svcstack 
*          0    a2524a08    00000100     UNINITIALIZED
                  a2524a08    00000100     --HOLE--

.abortstack 
*          0    a2524b08    00000100     UNINITIALIZED
                  a2524b08    00000100     --HOLE--

.undefinedstack 
*          0    a2524c08    00000100     UNINITIALIZED
                  a2524c08    00000100     --HOLE--

.init_array 
*          0    a2200000    00000000     UNINITIALIZED

.resource_table 
*          0    00001400    0000008c     
                  00001400    0000008c     ti_drivers_config.obj (.resource_table)

MODULE SUMMARY

       Module                                 code    ro data   rw data
       ------                                 ----    -------   -------
    obj/release/
       ti_drivers_config.obj                  272     206       3146396
       main.obj                               158     65        16524  
       ti_dpl_config.obj                      108     0         4244   
       ti_drivers_open_close.obj              104     70        92     
       ti_power_clock_config.obj              116     0         40     
       ti_pinmux_config.obj                   34      0         32     
       hello_world.obj                        36      15        0      
       ti_board_open_close.obj                6       0         0      
       ti_board_config.obj                    2       0         0      
    +--+--------------------------------------+-------+---------+---------+
       Total:                                 836     356       3167328
                                                                       
    /home/olof/ti/ti-cgt-armllvm_3.2.1.LTS/lib/armv7r-ti-none-eabihf/c/libc.a
       memory.c.obj                           1160    0         5      
       strcmp32.S.obj                         924     0         0      
       defs.c.obj                             0       0         404    
       setvbuf.c.obj                          324     0         0      
       getdevice.c.obj                        284     0         0      
       fputc.c.obj                            260     0         0      
       fseek.c.obj                            184     0         0      
       fclose.c.obj                           180     0         0      
       _io_perm.c.obj                         156     0         0      
       fflush.c.obj                           140     0         0      
       exit.c.obj                             108     0         8      
       autoinit.c.obj                         96      0         0      
       fopen.c.obj                            88      0         0      
       memcpy32.S.obj                         28      0         0      
       memset32.S.obj                         24      0         0      
       _lock.c.obj                            4       0         8      
    +--+--------------------------------------+-------+---------+---------+
       Total:                                 3960    0         425    
                                                                       
    /home/olof/ti/ti-cgt-armllvm_3.2.1.LTS/lib/armv7r-ti-none-eabihf/c/libsysbm.a
       trgmsg.c.obj                           176     0         288    
       hostrename.c.obj                       208     0         0      
       host_device.c.obj                      0       0         200    
       hostopen.c.obj                         148     0         8      
[...]
00000367  HwiP_init                                 
00000437  HwiP_inISR                                
00000448  vPortRestoreTaskContext                   
0000048c  HwiP_svc_handler                          
00000514  HwiP_irq_handler                          
00000675  HwiP_irq_handler_c                        
000006ed  HwiP_fiq_handler                          
000007a7  HwiP_reserved_handler                     
000007d5  HwiP_undefined_handler                    
00000803  HwiP_prefetch_abort_handler               
00000831  HwiP_data_abort_handler                   
00000860  HwiP_disable                              
00000870  HwiP_disableFIQ                           
00000880  HwiP_enable                               
00000890  HwiP_enableFIQ                            
000008a0  HwiP_restore                              
000008a8  HwiP_enableVIC                            
000008b8  HwiP_disableVIC                           
000008c8  HwiP_getCPSR                              
000008d8  CacheP_disableL1d                         
00000900  CacheP_disableL1p                         
00000918  CacheP_enableL1d                          
00000930  CacheP_enableL1p                          
00000948  CacheP_invL1d                             
00000980  CacheP_invL1p                             
000009bc  CacheP_invL1dAll                          
000009c4  CacheP_invL1pAll                          
000009cc  CacheP_wb                                 
00000a08  CacheP_wbInv                              
00000a44  CacheP_wbAll                              
00000aec  CacheP_wbInvAll                           
00000b04  CacheP_wbInvAllAsm                        
00000ba4  CacheP_getEnabled                         
00000bdc  CacheP_getCacheLevelInfo                  
00000be8  CacheP_configForceWrThru                  
00000c08  CacheP_setDLFO                            
00000c18  CacheP_armR5GetIcacheLineSize             
00000c34  CacheP_armR5InvalidateIcacheMva           
00000c44  CacheP_armR5InvalidateDcacheSetWay        
00000c68  CacheP_armR5CleanDcacheSetWay             
00000c8c  CacheP_armR5CleanInvalidateDcacheSetWay   
00000cb0  CacheP_armR5DisableEcc                    
00000ce4  CacheP_armR5InvalidateAllCache            
00000cf8  CacheP_armR5EnableAllCache                
00000d0c  CacheP_armR5DisableAllCache               
00000d20  CacheP_armR5EnableAxiAccess               
00000d31  CacheP_init                               
00000d89  CacheP_disable                            
00000dc3  CacheP_enable                             
00000de3  CacheP_inv                                
00000e21  MpuP_RegionAttrs_init                     
00000e2f  MpuP_setRegion                            
00000edd  MpuP_isEnable                             
00000ee1  MpuP_disable                              
00000f13  MpuP_enable                               
00000f51  MpuP_resetRegion                          
00000f5b  MpuP_init                                 
00000fd8  MpuP_disableAsm                           
00000ff0  MpuP_disableBRAsm                         
00001000  MpuP_enableAsm                            
00001000  __IRQ_STACK_SIZE                          
00001018  MpuP_enableBRAsm                          
00001028  MpuP_isEnableAsm                          
0000103c  MpuP_setRegionAsm                         
00001050  MpuP_armR5GetNumRegions                   
00001060  MpuP_armR5EnableRegion                    
00001090  MpuP_armR5VerifyEnableRegion              
000010c4  MpuP_armR5VerifyCfgRegion                 
00001158  _c_int00_sbl                              
0000117c  _c_int00                                  
00001255  _DebugP_assertNoLog                       
00001273  __mpu_init                                
000012a8  C$$EXIT                                   
000012a8  abort                                     
00001400  gRPMessage_linuxResourceTable             
00004000  __STACK_SIZE                              
00008000  __SYSMEM_SIZE                             
a2200000  __BSS_START                               
a2200000  gRPMessageVringMem                        
a2500000  gIpcRpmsgCtrl                             
a2505a30  parmbuf                                   
a2505a40  gMainTaskStack                            
a2509a40  gHwiCtrl                                  
a250aa48  gClockCtrl                                
a250aa80  gDebugMemLog                              
a250d384  _CIOBUF_                                  
a250d384  __CIOBUF_                                 
a250d5a4  xQueueRegistry                            
a250d6a4  gIpcNotifyCtrl                            
a250d754  __TI_tmpnams                              
a250d99c  gMainTaskObj                              
a250daa0  gTaskP_ctrl                               
a250db50  gRovDummyQueue                            
a250dc48  gMainTask                                 
a250dc4c  gUartHandle                               
a250dc80  __BSS_END                                 
a250dc80  _sys_memory                               
a2515c80  __stack                                   
a2519c80  __STACK_END                               
a251a219  UART_open                                 
a251a707  IpcNotify_init                            
a251aad3  SemaphoreP_destruct                       
a251ae70  __aeabi_memset                            
a251ae70  __aeabi_memset4                           
a251ae70  __aeabi_memset8                           
a251ae80  strcmp                                    
a251b211  Sciclient_service                         
a251b58d  Board_driversOpen                         
a251bac3  Board_driversClose                        
a251bce3  UART_write                                
a251bee1  xQueueSemaphoreTake                       
a251c0a5  TimerP_setup                              
a251c264  aligned_alloc                             
a251c264  memalign                                  
a251c418  free                                      
a251c5c9  xQueueGenericSend                         
a251c779  xQueueReceive                             
a251c901  xTaskIncrementTick                        
a251cbbb  UART_close                                
a251cd00  setvbuf                                   
a251ce45  ClockP_init                               
a251cf7d  SOC_moduleSetClockFrequency               
a251d0af  xQueueGenericSendFromISR                  
a251d1d5  xTaskResumeAll                            
a251d2fb  Board_init                                
a251d2fc  __udivmoddi4                              
a251d415  vTaskDelete                               
a251d62b  xQueueGiveFromISR                         
a251d731  RPMessage_init                            
a251d82f  xQueueGenericCreateStatic                 
a251d92b  xQueueReceiveFromISR                      
a251da25  System_init                               
a251db1d  vTaskSwitchContext                        
a251dc14  fputc                                     
a251dd09  vTaskPriorityDisinheritAfterTimeout       
a251dde3  RPMessage_vringReset                      
a251deb3  vPortFree                                 
a251e04d  IpcNotify_isr                             
a251e117  IpcNotify_sendMsg                         
a251e1e0  getdevice                                 
a251e2a9  xTaskCreateStatic                         
a251e36f  xTaskPriorityDisinherit                   
a251e4f9  RPMessage_vringGetFullRxBuf               
a251e5b7  vTaskStartScheduler                       
a251e729  UART_flushTxFifo                          
a251e7e0  __TI_closefile                            
a251e894  fseeko                                    
a251e949  DebugP_memLogWriterPutChar                
a251eb53  RPMessage_recvHandler                     
a251ebfb  xTaskPriorityInherit                      
a251eca3  xTaskRemoveFromEventList                  
a251ed4b  TaskP_loadUpdateAll                       
a251ee97  Sciclient_pmQueryModuleClkFreq            
a251ef3b  vPortConfigTimerForRunTimeStats           
a251efe1  RPMessage_coreInit                        
a251f083  xTaskCheckForTimeOut                      
a251f124  HOSTrename                                
a251f265  eTaskGetState                             
a251f303  vPortValidateInterruptPriority            
a251f304  __TI_wrt_ok                               
a251f3a1  RPMessage_vringPutEmptyRxBuf              
a251f43b  Sciclient_init                            
a251f570  HOSTlseek                                 
a251f609  vTaskGetInfo                              
a251f6a0  HOSTopen                                  
a251f735  UART_init                                 
a251f7c9  RPMessage_vringResetInternal              
a251f85b  Sciclient_pmSetModuleClkFreq              
a251f8ed  pxPortInitialiseStack                     
a251f980  __TI_doflush                              
a251fa98  close                                     
a251fb25  xTimerCreateTimerTask                     
a251fbab  DebugP_memTraceLogWriterPutLine           
a251fc30  HOSTread                                  
a251fcb4  HOSTwrite                                 
a251fd39  RPMessage_construct                       
a251fdb9  main                                      
a251feb9  xQueueGenericReset                        
a251ff39  Sciclient_pmGetModuleClkNumParent         
a252002d  _DebugP_logZone                           
a25200a3  xTimerGenericCommand                      
a252018b  SemaphoreP_constructBinary                
a25201fb  SOC_moduleClockEnable                     
a2520269  Sciclient_pmGetModuleState                
a25202d8  HOSTunlink                                
a25203b1  AddrTranslateP_getLocalAddr               
a2520419  Sciclient_pmGetModuleClkParent            
a252047f  RPMessage_notifyCallback                  
a25204e3  Sciclient_pmModuleGetClkStatus            
a2520547  vQueueDelete                              
a25205ac  HOSTclose                                 
a252060d  Sciclient_pmModuleClkRequest              
a252066b  Sciclient_pmSetModuleClkParent            
a25206c9  _DebugP_assert                            
a2520725  RPMessage_vringIsFullRxBuf                
a252077f  SOC_controlModuleLockMMR                  
a2520833  SemaphoreP_pend                           
a252088c  __TI_cleanup                              
a25208e4  __TI_readmsg                              
a252093c  __TI_writemsg                             
a2520988  C$$IO$$                                   
a2520995  vTaskPlaceOnEventListRestricted           
a25209ec  __TI_auto_init_nobinit_nopinit            
a2520a45  UART_dmaDisableChannel                    
a2520a9b  UART_dmaClose                             
a2520af0  exit                                      
a2520b44  finddevice                                
a2520b99  Sciclient_pmSetModuleState                
a2520beb  SemaphoreP_constructMutex                 
a2520c3d  SemaphoreP_post                           
a2520c8f  xQueueGiveMutexRecursive                  
a2520d81  RPMessage_vringGetSize                    
a2520dcf  vTaskPlaceOnEventList                     
a2520e1d  xQueueTakeMutexRecursive                  
a2520e6b  Drivers_uartOpen                          
a2520eb7  RPMessage_allocEndPtMsg                   
a2520f03  Pinmux_unlockMMR                          
a2520f4d  SOC_controlModuleUnlockMMR                
a2520f98  unlink                                    
a2520fe1  ClockP_getTimeUsec                        
a2521027  Dpl_init                                  
a252106d  Pinmux_config                             
a25210b3  vQueueWaitForMessageRestricted            
a25210f9  Sciclient_pmSetModuleRst                  
a252113d  vPortEnterCritical                        
a2521201  IpcNotify_registerClient                  
a252123f  RPMessage_freeEndPtMsg                    
a252127d  Sciclient_getContext                      
a25212b9  vApplicationLoadHook                      
a25212f5  xTaskGetIdleTaskHandle                    
a2521331  DebugP_uartLogWriterPutChar               
a252136b  UART_dmaOpen                              
a25213a5  vListInsert                               
a25213df  RPMessage_vringCheckEmptyTxBuf            
a2521417  Sciclient_getCurrentContext               
a252144f  Module_clockSetFrequency                  
a2521485  RPMessage_controlEndPtHandler             
a25214ec  lseek                                     
a2521520  write                                     
a2521555  xQueueCreateMutexStatic                   
a2521589  snprintf_                                 
a25215bb  Module_clockEnable                        
a25215eb  vApplicationStackOverflowHook             
a252161b  vPortExitCritical                         
a252164b  ClockP_timerTickIsr                       
a2521679  UART_getHandle                            
a25216a7  RPMessage_putEndPtMsg                     
a25216d3  RPMessage_Params_init                     
a25216fb  RPMessage_isLinuxCore                     
a2521723  IpcNotify_unregisterClient                
a2521749  vPortTimerTickHandler                     
a252176f  vQueueAddToRegistry                       
a2521794  __aeabi_uldivmod                          
a25217b9  hello_world_main                          
a25217dd  uxListRemove                              
a2521801  vprintf_                                  
a2521825  xTaskGetSchedulerState                    
a2521849  Pinmux_init                               
a252186b  DebugP_logZoneEnable                      
a252188b  TimerP_Params_init                        
a25218ab  IpcNotify_syncCallback                    
a25218c9  vApplicationGetIdleTaskMemory             
a25218e7  vApplicationGetTimerTaskMemory            
a2521905  SOC_getCoreName                           
a2521921  _system_pre_init                          
a2521959  vListInsertEnd                            
a2521974  TI_memcpy_small                           
a2521991  IpcNotify_Params_init                     
a25219ab  RPMessage_vringGetRxBufAddr               
a25219c5  UART_writeInterruptDma                    
a25219df  vTaskInternalSetTimeOutState              
a25219f9  Drivers_close                             
a2521a11  IpcNotify_getConfig                       
a2521a29  IpcNotify_isCoreEnabled                   
a2521a41  Sciclient_getDevId                        
a2521a59  putchar_                                  
a2521a71  pvTaskIncrementMutexHeldCount             
a2521a89  xPortStartScheduler                       
a2521aa1  xTaskGetTickCount                         
a2521ab8  TI_memset_small                           
a2521ad1  vListInitialise                           
a2521ae7  ClockP_usecToTicks                        
a2521b11  DebugP_memLogWriterInit                   
a2521b23  TimerP_clearOverflowInt                   
a2521b35  freertos_main                             
a2521b48  putchar                                   
a2521b59  vPortYeildFromISR                         
a2521b69  vTaskSuspendAll                           
a2521b79  PowerClock_init                           
a2521b87  vTaskMissedYield                          
a2521b95  DebugP_uartSetDrvIndex                    
a2521ba1  IpcNotify_getSelfCoreId                   
a2521bac  __aeabi_memclr                            
a2521bac  __aeabi_memclr4                           
a2521bac  __aeabi_memclr8                           
a2521bb8  malloc                                    
a2521bc5  xTaskGetCurrentTaskHandle                 
a2521bd1  CSL_secProxyGetDataAddr                   
a2521bed  TimerP_start                              
a2521bf7  Utils_dataAndInstructionBarrier           
a2521c0b  vApplicationIdleHook                      
a2521c1d  uiPortGetRunTimeCounterValue              
a2521c25  vListInitialiseItem                       
a2521c2b  ClockP_getTicks                           
a2521c2f  ClockP_getTimerCount                      
a2521c33  ClockP_timerClearOverflowInt              
a2521c37  Drivers_open                              
a2521c3b  TaskP_yield                               
a2521c3f  TimerP_getCount                           
a2521c43  TimerP_getReloadCount                     
a2521c48  __aeabi_memcpy                            
a2521c48  __aeabi_memcpy4                           
a2521c48  __aeabi_memcpy8                           
a2521c4c  _nop                                      
a2521c50  __aeabi_ldiv0                             
a2521c54  fseek                                     
a2521c58  remove                                    
a2521cc0  gSciclientMap                             
a2523244  gCacheL1dCacheLineSize                    
a2523248  gCacheL1pCacheLineSize                    
a2523254  uxTopUsedPriority                         
a2523258  gIpcNotifyMailboxConfig                   
a2523258  gUartDmaConfig                            
a2523384  _ftable                                   
a2523474  gIpcNotifyInterruptConfig_main_r5fss0_0   
a25235e0  _device                                   
a2523658  gMpuRegionConfig                          
a25236b8  gUartParams                               
a2523710  _stream                                   
a2523760  gIpcNotifyMailboxBaseAddr                 
a2523788  gSciclientSecProxyCfg                     
a25237a8  gClockConfig                              
a25237d8  gSocModulesClockFrequency                 
a25237f0  gSocModules                               
a2523800  gAddrTranslateConfig                      
a252380c  gMpuConfig                                
a2523818  __TI_cleanup_ptr                          
a252381c  __TI_dtors_ptr                            
a2523820  gCacheConfig                              
a2523838  gUartConfig                               
a2523848  FreeRTOS_errno                            
a252384c  __TI_ft_end                               
a2523850  _lock                                     
a2523854  _unlock                                   
a2523858  gDebugLogZone                             
a2523860  gDebugMemLogSize                          
a252386c  gDebugP_uartDrvIndex                      
a2523870  gHwiConfig                                
a2523874  gIpcNotifyInterruptConfigNum_main_r5fss0_0
a252388c  gUartConfigNum                            
a2523890  gUartDmaConfigNum                         
a2523898  pxCurrentTCB                              
a25238a0  ulCriticalNesting                         
a25238a4  ulPortInterruptNesting                    
a25238a8  ulPortSchedularRunning                    
a25238ac  ulPortTaskHasFPUContext                   
a25238b0  ulPortYieldRequired                       
a2523908  __IRQ_STACK_START                         
a2524908  __FIQ_STACK_START                         
a2524908  __IRQ_STACK_END                           
a2524a08  __FIQ_STACK_END                           
a2524a08  __SVC_STACK_START                         
a2524b08  __ABORT_STACK_START                       
a2524b08  __SVC_STACK_END                           
a2524c08  __ABORT_STACK_END                         
a2524c08  __UNDEFINED_STACK_START                   
a2524d08  __UNDEFINED_STACK_END                     
ffffffff  __TI_pprof_out_hndl                       
ffffffff  __TI_prof_data_size                       
ffffffff  __TI_prof_data_start                      
ffffffff  __binit__                                 
ffffffff  binit                                     
UNDEFED   __TI_CINIT_Base                           
UNDEFED   __TI_CINIT_Limit                          
UNDEFED   __TI_Handler_Table_Base                   
UNDEFED   __TI_Handler_Table_Limit                  
UNDEFED   _system_post_cinit                        

[400 symbols]
