******************************************************************************
                     C7x Linker Unix v4.1.0                    
******************************************************************************
>> Linked Fri Aug 16 15:30:26 2024

OUTPUT FILE NAME:   <hello_world.release.out>
ENTRY POINT SYMBOL: "_c_int00_secure"  address: 0000a3600000


MEMORY CONFIGURATION

         name            origin         length     used     unused   attr    fill
----------------------  ------------   --------  --------  --------  ----  --------
  L2SRAM                00007e000000   00200000  00000000  00200000  RW X
  DDR0_RESERVED         000080000000   19800000  00000000  19800000  RWIX
  C7X_IPC_D             0000a3000000   00100000  00000000  00100000  RWIX
  C7X_RT_D              0000a3100000   00000400  0000008c  00000374  RWIX
  LINUX_IPC_TRACE_BUFFE 0000a3100400   000ffc00  00001000  000fec00  RWIX
  C7X_BOOT_D            0000a3200000   00000400  00000000  00000400  RWIX
  C7X_VECS_D            0000a3400000   00004000  00000840  000037c0  RWIX
  C7X_CIO_MEM           0000a3410000   00001000  00000120  00000ee0  RWIX
  C7X_DDR_SPACE         0000a3411000   00bef000  00110b46  00ade4ba  RWIX
  RTOS_NORTOS_IPC_SHM_M 0000a5000000   01c00000  00300000  01900000  RWIX
  LOG_SHM_MEM           0000a7000000   00040000  00000000  00040000  RWIX


SEGMENT ALLOCATION MAP

  run origin     load origin      length   init length attrs members
--------------  --------------  ---------- ----------- ----- -------
0000a3100000    0000a3100000    0000008c   0000008c    r--
  0000a3100000    0000a3100000    0000008c   0000008c    r-- .resource_table
0000a3100400    0000a3100400    00001000   00000000    rw-
  0000a3100400    0000a3100400    00001000   00000000    rw- .bss.debug_mem_trace_buf
0000a3400000    0000a3400000    00000840   00000840    r-x
  0000a3400000    0000a3400000    00000840   00000840    r-x .vecs
0000a3410000    0000a3410000    00000120   00000000    rw-
  0000a3410000    0000a3410000    00000120   00000000    rw- .cio
0000a3411000    0000a3411000    0009e808   00000000    rw-
  0000a3411000    0000a3411000    0009e808   00000000    rw- .bss
0000a34b0000    0000a34b0000    00040000   00000000    rw-
  0000a34b0000    0000a34b0000    00020000   00000000    rw- .stack
  0000a34d0000    0000a34d0000    00020000   00000000    rw- .sysmem
0000a34f0000    0000a34f0000    0000597c   0000597c    rw-
  0000a34f0000    0000a34f0000    00002bdd   00002bdd    rw- .const
  0000a34f2be0    0000a34f2be0    00001d99   00001d99    rw- .data
  0000a34f497c    0000a34f497c    00001000   00001000    rw- .args
0000a3500000    0000a3500000    0001a980   0001a980    r-x
  0000a3500000    0000a3500000    0001a980   0001a980    r-x .text
0000a351b000    0000a351b000    00000008   00000000    rw-
  0000a351b000    0000a351b000    00000008   00000000    rw- .data.Mmu_level1Table
0000a351c000    0000a351c000    00010008   00000000    rw-
  0000a351c000    0000a351c000    00010000   00000000    rw- .data.gMmu_tableArray_NS
  0000a352c000    0000a352c000    00000008   00000000    rw- .data.Mmu_tableArraySlot_NS
0000a352d000    0000a352d000    00000008   00000000    rw-
  0000a352d000    0000a352d000    00000008   00000000    rw- .data.Mmu_level1Table_NS
0000a3600000    0000a3600000    00000040   00000040    r-x
  0000a3600000    0000a3600000    00000040   00000040    r-x .text:_c_int00_secure


SECTION ALLOCATION MAP

 output                                      attributes/
section   page      origin        length       input sections
--------  ----  --------------  ----------   ----------------
.vecs      0    0000a3400000    00000840     
                  0000a3400000    00000840     freertos.j722s.c75x.ti-c7000.release.lib : Hwi_disp_always_asm.obj (.vecs)

.cio       0    0000a3410000    00000120     UNINITIALIZED
                  0000a3410000    00000120     rts7524_le.lib : trgmsg.c.obj (.cio)

.bss       0    0000a3411000    0009e808     UNINITIALIZED
                  0000a3411000    00040000     freertos.j722s.c75x.ti-c7000.release.lib : port.obj (.bss:uxIdleTaskStack$10)
                  0000a3451000    00040000                                              : port.obj (.bss:uxTimerTaskStack$12)
                  0000a3491000    00010000     (.common:gMainTaskStack)
                  0000a34a1000    0000b3a8     (.common:gIpcRpmsgCtrl)
                  0000a34ac3a8    00000f00                                              : Exception.obj (.bss:gExceptionContext)
                  0000a34ad2a8    00000e00                                              : HwiP_freertos_c7x.obj (.bss:gOsalHwiPFreeRtosPool)
                  0000a34ae0a8    00000500                                              : tasks.obj (.bss:pxReadyTasksLists)
                  0000a34ae5a8    00000488     ti_drivers_config.obj (.bss:gUartObjects)
                  0000a34aea30    00000200     freertos.j722s.c75x.ti-c7000.release.lib : timers.obj (.bss:ucStaticTimerQueueStorage$22)
                  0000a34aec30    00000200     (.common:xQueueRegistry)
                  0000a34aee30    00000140     (.common:gIpcNotifyCtrl)
                  0000a34aef70    00000130                                              : DebugP_freertos.obj (.bss:gDebugLogLockObj)
                  0000a34af0a0    000000e8                                              : port.obj (.bss:xIdleTaskTCB$9)
                  0000a34af188    000000e8                                              : port.obj (.bss:xTimerTaskTCB$11)
                  0000a34af270    000000e8     (.common:gMainTaskObj)
                  0000a34af358    000000a0                                              : timers.obj (.bss:xStaticTimerQueue$21)
                  0000a34af3f8    000000a0     (.common:__TI_tmpnams)
                  0000a34af498    000000a0     (.common:gTaskP_ctrl)
                  0000a34af538    0000007a                                              : DebugP_memTraceLogWriter.obj (.bss:lineBuf$1)
                  0000a34af5b2    00000006     --HOLE--
                  0000a34af5b8    00000040                                              : timers.obj (.bss:xActiveTimerList1)
                  0000a34af5f8    00000040                                              : timers.obj (.bss:xActiveTimerList2)
                  0000a34af638    00000040                                              : tasks.obj (.bss:xDelayedTaskList1)
                  0000a34af678    00000040                                              : tasks.obj (.bss:xDelayedTaskList2)
                  0000a34af6b8    00000040                                              : tasks.obj (.bss:xPendingReadyList)
                  0000a34af6f8    00000040                                              : tasks.obj (.bss:xSuspendedTaskList)
                  0000a34af738    00000040                                              : tasks.obj (.bss:xTasksWaitingTermination)
                  0000a34af778    00000040     (.common:gClockCtrl)
                  0000a34af7b8    00000010                                              : tasks.obj (.bss)
                  0000a34af7c8    00000010                                              : timers.obj (.bss)
                  0000a34af7d8    00000010                                              : heap_4.obj (.bss:xStart)
                  0000a34af7e8    00000008     rts7524_le.lib : memory.c.obj (.bss)
                  0000a34af7f0    00000008     (.common:gMainTask)
                  0000a34af7f8    00000008     (.common:gUartHandle)
                  0000a34af800    00000008     (.common:parmbuf)

.const     0    0000a34f0000    00002bdd     
                  0000a34f0000    00000b8b     freertos.j722s.c75x.ti-c7000.release.lib : Exception.obj (.const:.string)
                  0000a34f0b8b    000005e4                                              : queue.obj (.const:.string)
                  0000a34f116f    000005ca                                              : tasks.obj (.const:.string)
                  0000a34f1739    000002e8     drivers.j722s.c75ss0-0.ti-c7000.release.lib : ipc_rpmsg.obj (.const:.string)
                  0000a34f1a21    00000196     freertos.j722s.c75x.ti-c7000.release.lib : timers.obj (.const:.string)
                  0000a34f1bb7    00000166                                              : heap_4.obj (.const:.string)
                  0000a34f1d1d    0000014c     drivers.j722s.c75ss0-0.ti-c7000.release.lib : ipc_notify_v0.obj (.const:.string)
                  0000a34f1e69    00000001     freertos.j722s.c75x.ti-c7000.release.lib : c7x_module_config.obj (.const:Exception_enablePrint)
                  0000a34f1e6a    00000001                                              : c7x_module_config.obj (.const:Exception_useInternalBuffer)
                  0000a34f1e6b    00000001                                              : HwiP_c75.obj (.const:Hwi_bootToNonSecure)
                  0000a34f1e6c    00000118     drivers.j722s.c75ss0-0.ti-c7000.release.lib : sciclient_fmwSecureProxyMap.obj (.const:gSciclientMap)
                  0000a34f1f84    0000010b     freertos.j722s.c75x.ti-c7000.release.lib : TimerP.obj (.const:.string)
                  0000a34f208f    00000100                                              : ClockP_freertos_c75.obj (.const:.string)
                  0000a34f218f    000000ac     drivers.j722s.c75ss0-0.ti-c7000.release.lib : uart_v0.obj (.const:.string)
                  0000a34f223b    00000094     freertos.j722s.c75x.ti-c7000.release.lib : TaskSupport.obj (.const:.string)
                  0000a34f22cf    00000093                                              : port.obj (.const:.string)
                  0000a34f2362    00000088                                              : SemaphoreP_freertos.obj (.const:.string)
                  0000a34f23ea    00000072     drivers.j722s.c75ss0-0.ti-c7000.release.lib : soc.obj (.const:.string)
                  0000a34f245c    00000004     freertos.j722s.c75x.ti-c7000.release.lib : c7x_module_config.obj (.const:Hwi_DEFAULT_INT_PRIORITY)
                  0000a34f2460    00000050                                              : printf.obj (.const:pow10$1)
                  0000a34f24b0    0000003e                                              : HwiP_c75.obj (.const:.string)
                  0000a34f24ee    0000003b     drivers.j722s.c75ss0-0.ti-c7000.release.lib : ipc_rpmsg_vring.obj (.const:.string)
                  0000a34f2529    0000003a     main.obj (.const:.string)
                  0000a34f2563    00000036     ti_drivers_config.obj (.const:.string)
                  0000a34f2599    00000035     ti_drivers_open_close.obj (.const:.string)
                  0000a34f25ce    0000002d     freertos.j722s.c75x.ti-c7000.release.lib : DebugP_log.obj (.const:.string)
                  0000a34f25fb    00000001     --HOLE-- [fill = 0]
                  0000a34f25fc    00000004                                              : TaskSupport.obj (.const:OS_mpeEnabled)
                  0000a34f2600    00000028                                              : HwiP_c75.obj (.const:Hwi_Object__PARAMS__C)
                  0000a34f2628    00000026     drivers.j722s.c75ss0-0.ti-c7000.release.lib : uart_dma.obj (.const:.string)
                  0000a34f264e    00000002     --HOLE-- [fill = 0]
                  0000a34f2650    00000024     freertos.j722s.c75x.ti-c7000.release.lib : tasks.obj (.const:.string:$P$T32$33)
                  0000a34f2674    00000020                                              : tasks.obj (.const:.string:$P$T24$25)
                  0000a34f2694    0000001e                                              : port.obj (.const:.string:$P$T7$8)
                  0000a34f26b2    00000002     --HOLE-- [fill = 0]
                  0000a34f26b4    0000001b                                              : timers.obj (.const:.string:$P$T17$19)
                  0000a34f26cf    00000001     --HOLE-- [fill = 0]
                  0000a34f26d0    0000001b                                              : SemaphoreP_freertos.obj (.const:.string:$P$T6$7)
                  0000a34f26eb    00000001     --HOLE-- [fill = 0]
                  0000a34f26ec    0000001b                                              : TaskSupport.obj (.const:.string:$P$T6$7)
                  0000a34f2707    0000001b                                              : DebugP_memTraceLogWriter.obj (.const:.string)
                  0000a34f2722    00000002     --HOLE-- [fill = 0]
                  0000a34f2724    0000001a                                              : queue.obj (.const:.string:$P$T7$8)
                  0000a34f273e    00000002     --HOLE-- [fill = 0]
                  0000a34f2740    0000001a                                              : SemaphoreP_freertos.obj (.const:.string:$P$T8$9)
                  0000a34f275a    00000002     --HOLE-- [fill = 0]
                  0000a34f275c    00000019                                              : queue.obj (.const:.string:$P$T10$11)
                  0000a34f2775    00000003     --HOLE-- [fill = 0]
                  0000a34f2778    00000019                                              : queue.obj (.const:.string:$P$T14$15)
                  0000a34f2791    00000003     --HOLE-- [fill = 0]
                  0000a34f2794    00000019                                              : tasks.obj (.const:.string:$P$T25$26)
                  0000a34f27ad    00000003     --HOLE-- [fill = 0]
                  0000a34f27b0    00000019                                              : queue.obj (.const:.string:$P$T9$10)
                  0000a34f27c9    00000003     --HOLE-- [fill = 0]
                  0000a34f27cc    00000018                                              : tasks.obj (.const:.string:$P$T31$32)
                  0000a34f27e4    00000004     --HOLE-- [fill = 0]
                  0000a34f27e8    00000018                                              : MmuP_c75.obj (.const:Mmu_configInfo)
                  0000a34f2800    00000017     drivers.j722s.c75ss0-0.ti-c7000.release.lib : uart_dma.obj (.const:.string:$P$T1$2)
                  0000a34f2817    00000001     --HOLE-- [fill = 0]
                  0000a34f2818    00000017     freertos.j722s.c75x.ti-c7000.release.lib : timers.obj (.const:.string:$P$T16$17)
                  0000a34f282f    00000001     --HOLE-- [fill = 0]
                  0000a34f2830    00000017                                              : tasks.obj (.const:.string:$P$T18$19)
                  0000a34f2847    00000001     --HOLE-- [fill = 0]
                  0000a34f2848    00000016                                              : tasks.obj (.const:.string:$P$T22$23)
                  0000a34f285e    00000002     --HOLE-- [fill = 0]
                  0000a34f2860    00000016                                              : timers.obj (.const:.string:$P$T6$7)
                  0000a34f2876    00000002     --HOLE-- [fill = 0]
                  0000a34f2878    00000015     drivers.j722s.c75ss0-0.ti-c7000.release.lib : ipc_rpmsg_vring.obj (.const:.string:$P$T0$1)
                  0000a34f288d    00000003     --HOLE-- [fill = 0]
                  0000a34f2890    00000015     freertos.j722s.c75x.ti-c7000.release.lib : queue.obj (.const:.string:$P$T19$20)
                  0000a34f28a5    00000003     --HOLE-- [fill = 0]
                  0000a34f28a8    00000015                                              : tasks.obj (.const:.string:$P$T28$29)
                  0000a34f28bd    00000003     --HOLE-- [fill = 0]
                  0000a34f28c0    00000015                                              : tasks.obj (.const:.string:$P$T7$8)
                  0000a34f28d5    00000003     --HOLE-- [fill = 0]
                  0000a34f28d8    00000015                                              : timers.obj (.const:.string:$P$T9$10)
                  0000a34f28ed    00000003     --HOLE-- [fill = 0]
                  0000a34f28f0    00000014                                              : tasks.obj (.const:.string:$P$T15$16)
                  0000a34f2904    00000014                                              : queue.obj (.const:.string:$P$T17$18)
                  0000a34f2918    00000014                                              : timers.obj (.const:.string:$P$T18$20)
                  0000a34f292c    00000014     drivers.j722s.c75ss0-0.ti-c7000.release.lib : ipc_rpmsg.obj (.const:.string:$P$T2$3)
                  0000a34f2940    00000014                                                 : uart_v0.obj (.const:.string:$P$T8$9)
                  0000a34f2954    00000013     freertos.j722s.c75x.ti-c7000.release.lib : tasks.obj (.const:.string:$P$T20$21)
                  0000a34f2967    00000001     --HOLE-- [fill = 0]
                  0000a34f2968    00000013                                              : tasks.obj (.const:.string:$P$T21$22)
                  0000a34f297b    00000001     --HOLE-- [fill = 0]
                  0000a34f297c    00000013                                              : queue.obj (.const:.string:$P$T6$7)
                  0000a34f298f    00000001     --HOLE-- [fill = 0]
                  0000a34f2990    00000013                                              : port.obj (.const:.string:$P$T8$13)
                  0000a34f29a3    00000012     drivers.j722s.c75ss0-0.ti-c7000.release.lib : sciclient_pm.obj (.const:$P$T0$1)
                  0000a34f29b5    00000003     --HOLE-- [fill = 0]
                  0000a34f29b8    00000012                                                 : ipc_notify_v0.obj (.const:.string:$P$T0$1)
                  0000a34f29ca    00000002     --HOLE-- [fill = 0]
                  0000a34f29cc    00000012     freertos.j722s.c75x.ti-c7000.release.lib : queue.obj (.const:.string:$P$T13$14)
                  0000a34f29de    00000002     --HOLE-- [fill = 0]
                  0000a34f29e0    00000012                                              : queue.obj (.const:.string:$P$T15$16)
                  0000a34f29f2    00000002     --HOLE-- [fill = 0]
                  0000a34f29f4    00000012                                              : tasks.obj (.const:.string:$P$T6$7)
                  0000a34f2a06    00000012                                              : printf.obj (.const:.string)
                  0000a34f2a18    00000011     drivers.j722s.c75ss0-0.ti-c7000.release.lib : sciclient_pm.obj (.const:$P$T3$4)
                  0000a34f2a29    00000003     --HOLE-- [fill = 0]
                  0000a34f2a2c    00000011     ti_drivers_open_close.obj (.const:.string:$P$T0$1)
                  0000a34f2a3d    00000003     --HOLE-- [fill = 0]
                  0000a34f2a40    00000011     freertos.j722s.c75x.ti-c7000.release.lib : port.obj (.const:.string:$P$T6$7)
                  0000a34f2a51    00000003     --HOLE-- [fill = 0]
                  0000a34f2a54    00000011     drivers.j722s.c75ss0-0.ti-c7000.release.lib : uart_v0.obj (.const:.string:$P$T7$8)
                  0000a34f2a65    00000010                                                 : sciclient_pm.obj (.const:$P$T5$6)
                  0000a34f2a75    00000003     --HOLE-- [fill = 0]
                  0000a34f2a78    00000010     freertos.j722s.c75x.ti-c7000.release.lib : HwiP_c75.obj (.const:.string:$P$T6$7)
                  0000a34f2a88    0000000f     drivers.j722s.c75ss0-0.ti-c7000.release.lib : ipc_notify_v0.obj (.const:.string:$P$T1$2)
                  0000a34f2a97    00000001     --HOLE-- [fill = 0]
                  0000a34f2a98    0000000f     freertos.j722s.c75x.ti-c7000.release.lib : tasks.obj (.const:.string:$P$T16$17)
                  0000a34f2aa7    00000001     --HOLE-- [fill = 0]
                  0000a34f2aa8    0000000f     drivers.j722s.c75ss0-0.ti-c7000.release.lib : uart_v0.obj (.const:.string:$P$T9$10)
                  0000a34f2ab7    0000000f     hello_world.obj (.const:.string)
                  0000a34f2ac6    00000002     --HOLE-- [fill = 0]
                  0000a34f2ac8    0000000e     drivers.j722s.c75ss0-0.ti-c7000.release.lib : uart_dma.obj (.const:.string:$P$T0$1)
                  0000a34f2ad6    00000002     --HOLE-- [fill = 0]
                  0000a34f2ad8    0000000e     freertos.j722s.c75x.ti-c7000.release.lib : tasks.obj (.const:.string:$P$T10$11)
                  0000a34f2ae6    00000002     --HOLE-- [fill = 0]
                  0000a34f2ae8    0000000e                                              : queue.obj (.const:.string:$P$T16$17)
                  0000a34f2af6    0000000d     drivers.j722s.c75ss0-0.ti-c7000.release.lib : sciclient_pm.obj (.const:$P$T2$3)
                  0000a34f2b03    0000000d                                                 : sciclient_pm.obj (.const:$P$T4$5)
                  0000a34f2b10    0000000d     freertos.j722s.c75x.ti-c7000.release.lib : TimerP.obj (.const:.string:$P$T0$1)
                  0000a34f2b1d    00000003     --HOLE-- [fill = 0]
                  0000a34f2b20    0000000d                                              : queue.obj (.const:.string:$P$T24$25)
                  0000a34f2b2d    00000003     --HOLE-- [fill = 0]
                  0000a34f2b30    0000000d                                              : tasks.obj (.const:.string:$P$T30$31)
                  0000a34f2b3d    00000003     --HOLE-- [fill = 0]
                  0000a34f2b40    0000000c     ti_drivers_config.obj (.const:.string:$P$T0$1)
                  0000a34f2b4c    0000000c     freertos.j722s.c75x.ti-c7000.release.lib : ClockP_freertos_c75.obj (.const:.string:$P$T6$7)
                  0000a34f2b58    0000000c                                              : tasks.obj (.const:.string:$P$T8$9)
                  0000a34f2b64    0000000b     drivers.j722s.c75ss0-0.ti-c7000.release.lib : uart_v0.obj (.const:.string:$P$T2$3)
                  0000a34f2b6f    00000001     --HOLE-- [fill = 0]
                  0000a34f2b70    0000000b                                                 : uart_v0.obj (.const:.string:$P$T3$4)
                  0000a34f2b7b    0000000a                                                 : sciclient_pm.obj (.const:$P$T1$2)
                  0000a34f2b85    00000003     --HOLE-- [fill = 0]
                  0000a34f2b88    0000000a                                                 : uart_v0.obj (.const:.string:$P$T0$1)
                  0000a34f2b92    00000002     --HOLE-- [fill = 0]
                  0000a34f2b94    0000000a                                                 : uart_v0.obj (.const:.string:$P$T1$2)
                  0000a34f2b9e    00000002     --HOLE-- [fill = 0]
                  0000a34f2ba0    0000000a     freertos.j722s.c75x.ti-c7000.release.lib : heap_4.obj (.const:.string:$P$T7$8)
                  0000a34f2baa    00000006     --HOLE-- [fill = 0]
                  0000a34f2bb0    00000008                                              : c7x_module_config.obj (.const:Exception_exceptionHook)
                  0000a34f2bb8    00000008                                              : c7x_module_config.obj (.const:Exception_internalHook)
                  0000a34f2bc0    00000008                                              : HwiP_c75.obj (.const:Hwi_vectorTableBase)
                  0000a34f2bc8    00000008                                              : c7x_module_config.obj (.const:Mmu_initFunc)
                  0000a34f2bd0    00000008                                              : tasks.obj (.const)
                  0000a34f2bd8    00000005     main.obj (.const:.string:$P$T6$7)

.data      0    0000a34f2be0    00001d99     
                  0000a34f2be0    00001040     freertos.j722s.c75x.ti-c7000.release.lib : Exception.obj (.data:Exception_Module_state)
                  0000a34f3c20    00000268                                              : HwiP_c75.obj (.data:Hwi_Module_state)
                  0000a34f3e88    000001e0     rts7524_le.lib : defs.c.obj (.data:_ftable)
                  0000a34f4068    00000140     ti_dpl_config.obj (.data:gMmuRegionConfig)
                  0000a34f41a8    00000138     drivers.j722s.c75ss0-0.ti-c7000.release.lib : uart_v0.obj (.data:gUartDrvObj)
                  0000a34f42e0    0000012c                                                 : ipc_notify_v0_cfg.obj (.data:gIpcNotifyMailboxConfig)
                  0000a34f440c    00000004     freertos.j722s.c75x.ti-c7000.release.lib : DebugP_freertos.obj (.data)
                  0000a34f4410    000000d8     rts7524_le.lib : host_device.c.obj (.data:_device)
                  0000a34f44e8    000000d0     drivers.j722s.c75ss0-0.ti-c7000.release.lib : ipc_notify_v0_cfg.obj (.data:gIpcNotifyInterruptConfig_c75ss0_0)
                  0000a34f45b8    000000a0     rts7524_le.lib : host_device.c.obj (.data:_stream)
                  0000a34f4658    00000078     freertos.j722s.c75x.ti-c7000.release.lib : tasks.obj (.data)
                  0000a34f46d0    00000068     ti_drivers_open_close.obj (.data:gUartParams)
                  0000a34f4738    00000058     drivers.j722s.c75ss0-0.ti-c7000.release.lib : soc.obj (.data:coreIdNames$1)
                  0000a34f4790    00000030     freertos.j722s.c75x.ti-c7000.release.lib : heap_4.obj (.data)
                  0000a34f47c0    00000028     drivers.j722s.c75ss0-0.ti-c7000.release.lib : sciclient_soc_priv.obj (.data:gSciclientSecProxyCfg)
                  0000a34f47e8    00000024                                                 : ipc_notify_v0_cfg.obj (.data:gIpcNotifyMailboxBaseAddr)
                  0000a34f480c    00000004     freertos.j722s.c75x.ti-c7000.release.lib : DebugP_log.obj (.data)
                  0000a34f4810    00000020                                              : port.obj (.data)
                  0000a34f4830    00000018     drivers.j722s.c75ss0-0.ti-c7000.release.lib : ipc_notify_v0_cfg.obj (.data)
                  0000a34f4848    00000018     ti_dpl_config.obj (.data:gClockConfig)
                  0000a34f4860    00000018     ti_pinmux_config.obj (.data:gPinMuxMainDomainCfg)
                  0000a34f4878    00000018     drivers.j722s.c75ss0-0.ti-c7000.release.lib : sciclient.obj (.data:gSciclientHandle)
                  0000a34f4890    00000018     ti_power_clock_config.obj (.data:gSocModulesClockFrequency)
                  0000a34f48a8    00000014     freertos.j722s.c75x.ti-c7000.release.lib : DebugP_memTraceLogWriter.obj (.data)
                  0000a34f48bc    00000004     ti_drivers_open_close.obj (.data:gUartSkipDeinitFromSbl)
                  0000a34f48c0    00000014     freertos.j722s.c75x.ti-c7000.release.lib : timers.obj (.data)
                  0000a34f48d4    00000004     rts7524_le.lib : defs.c.obj (.data)
                  0000a34f48d8    00000010     freertos.j722s.c75x.ti-c7000.release.lib : AddrTranslateP.obj (.data:gAddrTranslateConfig)
                  0000a34f48e8    00000010     ti_power_clock_config.obj (.data:gSocModules)
                  0000a34f48f8    00000010     ti_drivers_config.obj (.data:gUartConfig)
                  0000a34f4908    00000010     rts7524_le.lib : exit.c.obj (.data)
                  0000a34f4918    00000008     freertos.j722s.c75x.ti-c7000.release.lib : CacheP_c75.obj (.data:CacheP_Module_state)
                  0000a34f4920    00000008     rts7524_le.lib : _lock.c.obj (.data:_lock)
                  0000a34f4928    00000008                    : _lock.c.obj (.data:_unlock)
                  0000a34f4930    00000008     freertos.j722s.c75x.ti-c7000.release.lib : CycleCounterP_c75.obj (.data)
                  0000a34f4938    00000008                                              : DebugP_uartLogWriter.obj (.data)
                  0000a34f4940    00000008                                              : HwiP_freertos_c7x.obj (.data)
                  0000a34f4948    00000008                                              : TaskP_freertos.obj (.data)
                  0000a34f4950    00000008     ti_dpl_config.obj (.data:gMmuConfig)
                  0000a34f4958    00000008     ti_pinmux_config.obj (.data:gPinMuxMcuDomainCfg)
                  0000a34f4960    00000008     ti_drivers_config.obj (.data:gUartAttrs)
                  0000a34f4968    00000008     ti_drivers_config.obj (.data)
                  0000a34f4970    00000004     rts7524_le.lib : memory.c.obj (.data)
                  0000a34f4974    00000004     ti_dpl_config.obj (.data)
                  0000a34f4978    00000001     drivers.j722s.c75ss0-0.ti-c7000.release.lib : sciclient.obj (.data)

.text      0    0000a3500000    0001a980     
                  0000a3500000    00001000     freertos.j722s.c75x.ti-c7000.release.lib : CycleCounterP_c75.obj (.text:CycleCounterP_Module_startup)
                  0000a3501000    00000e00                                              : printf.obj (.text:_vsnprintf)
                  0000a3501e00    00000ac0                                              : Exception.obj (.text:Exception_handler)
                  0000a35028c0    00000a40                                              : Hwi_disp_always_asm.obj (.text:Hwi_dispatchAlways)
                  0000a3503300    00000880                                              : Exception.obj (.text:Exception_internalHandler)
                  0000a3503b80    00000740                                              : printf.obj (.text:_ftoa)
                  0000a35042c0    00000500     drivers.j722s.c75ss0-0.ti-c7000.release.lib : ipc_notify_v0.obj (.text:IpcNotify_init)
                  0000a35047c0    00000500     freertos.j722s.c75x.ti-c7000.release.lib : Exception_asm.obj (.text)
                  0000a3504cc0    000004c0                                              : MmuP_c75.obj (.text:MmuP_allocTable)
                  0000a3505180    000004c0                                              : printf.obj (.text:_etoa)
                  0000a3505640    00000440                                              : printf.obj (.text:_ntoa_format)
                  0000a3505a80    00000400     drivers.j722s.c75ss0-0.ti-c7000.release.lib : sciclient.obj (.text:Sciclient_service)
                  0000a3505e80    000003c0                                                 : uart_v0.obj (.text:UART_open)
                  0000a3506240    00000380     freertos.j722s.c75x.ti-c7000.release.lib : MmuP_c75.obj (.text:MmuP_tableWalk)
                  0000a35065c0    00000340     rts7524_le.lib : memory.c.obj (.text:aligned_alloc)
                  0000a3506900    00000300     freertos.j722s.c75x.ti-c7000.release.lib : TimerP.obj (.text:TimerP_setup)
                  0000a3506c00    00000300     drivers.j722s.c75ss0-0.ti-c7000.release.lib : uart_v0.obj (.text:UART_masterIsr)
                  0000a3506f00    00000300     rts7524_le.lib : frcdivd.c.obj (.text:__TI_frcdivd)
                  0000a3507200    00000300     freertos.j722s.c75x.ti-c7000.release.lib : timers.obj (.text:prvProcessReceivedCommands)
                  0000a3507500    00000300                                              : queue.obj (.text:xQueueSemaphoreTake)
                  0000a3507800    000002c0     drivers.j722s.c75ss0-0.ti-c7000.release.lib : soc.obj (.text:SOC_moduleSetClockFrequency)
                  0000a3507ac0    000002c0                                                 : uart_v0.obj (.text:UART_fifoConfig)
                  0000a3507d80    000002c0     freertos.j722s.c75x.ti-c7000.release.lib : queue.obj (.text:xQueueGenericSend)
                  0000a3508040    00000280                                              : ClockP_freertos_c75.obj (.text:ClockP_init)
                  0000a35082c0    00000280     drivers.j722s.c75ss0-0.ti-c7000.release.lib : uart_v0.obj (.text:UART_write)
                  0000a3508540    00000280     rts7524_le.lib : divd.c.obj (.text:__c7xabi_divd)
                  0000a35087c0    00000280                    : memory.c.obj (.text:free)
                  0000a3508a40    00000280     freertos.j722s.c75x.ti-c7000.release.lib : queue.obj (.text:xQueueReceive)
                  0000a3508cc0    00000240     rts7524_le.lib : hostrename.c.obj (.text:HOSTrename)
                  0000a3508f00    00000240     freertos.j722s.c75x.ti-c7000.release.lib : MmuP_c75.obj (.text:MmuP_init)
                  0000a3509140    00000240     drivers.j722s.c75ss0-0.ti-c7000.release.lib : ipc_rpmsg_vring.obj (.text:RPMessage_vringResetInternal)
                  0000a3509380    00000240                                                 : uart_v0.obj (.text:UART_close)
                  0000a35095c0    00000240     freertos.j722s.c75x.ti-c7000.release.lib : tasks.obj (.text:prvInitialiseNewTask)
                  0000a3509800    00000240                                              : queue.obj (.text:xQueueGenericSendFromISR)
                  0000a3509a40    00000240                                              : tasks.obj (.text:xTaskIncrementTick)
                  0000a3509c80    00000200                                              : HwiP_freertos_c7x.obj (.text:HwiP_construct)
                  0000a3509e80    00000200     drivers.j722s.c75ss0-0.ti-c7000.release.lib : ipc_rpmsg.obj (.text:RPMessage_init)
                  0000a350a080    00000200     ti_drivers_config.obj (.text:System_init)
                  0000a350a280    00000200     drivers.j722s.c75ss0-0.ti-c7000.release.lib : uart_v0.obj (.text:UART_configInstance)
                  0000a350a480    00000200     rts7524_le.lib : setvbuf.c.obj (.text:setvbuf)
                  0000a350a680    00000200     freertos.j722s.c75x.ti-c7000.release.lib : queue.obj (.text:xQueueGiveFromISR)
                  0000a350a880    00000200                                              : queue.obj (.text:xQueueReceiveFromISR)
                  0000a350aa80    00000200                                              : tasks.obj (.text:xTaskResumeAll)
                  0000a350ac80    000001c0                                              : DebugP_memTraceLogWriter.obj (.text:DebugP_memLogWriterPutChar)
                  0000a350ae40    000001c0                                              : HwiP_c75.obj (.text:Hwi_reconfig)
                  0000a350b000    000001c0     drivers.j722s.c75ss0-0.ti-c7000.release.lib : ipc_rpmsg_vring.obj (.text:RPMessage_vringReset)
                  0000a350b1c0    000001c0                                                 : sciclient_pm.obj (.text:Sciclient_pmQueryModuleClkFreq)
                  0000a350b380    000001c0                                                 : sciclient.obj (.text:Sciclient_recvMessage)
                  0000a350b540    000001c0                                                 : sciclient.obj (.text:Sciclient_sendMessage)
                  0000a350b700    000001c0     freertos.j722s.c75x.ti-c7000.release.lib : TaskSupport.obj (.text:TaskSupport_setupTaskStack)
                  0000a350b8c0    000001c0     drivers.j722s.c75ss0-0.ti-c7000.release.lib : uart_v0.obj (.text:UART_divisorLatchWrite)
                  0000a350ba80    000001c0                                                 : uart_v0.obj (.text:UART_procLineStatusErr)
                  0000a350bc40    000001c0     rts7524_le.lib : trgmsg.c.obj (.text:__TI_readmsg)
                  0000a350be00    000001c0     freertos.j722s.c75x.ti-c7000.release.lib : printf.obj (.text:_ntoa_long)
                  0000a350bfc0    000001c0                                              : printf.obj (.text:_ntoa_long_long)
                  0000a350c180    000001c0                                              : tasks.obj (.text:eTaskGetState)
                  0000a350c340    000001c0     rts7524_le.lib : fputc.c.obj (.text:fputc)
                  0000a350c500    000001c0     freertos.j722s.c75x.ti-c7000.release.lib : tasks.obj (.text:vTaskPriorityDisinheritAfterTimeout)
                  0000a350c6c0    000001c0                                              : tasks.obj (.text:vTaskSwitchContext)
                  0000a350c880    000001c0                                              : queue.obj (.text:xQueueGenericCreateStatic)
                  0000a350ca40    000001c0                                              : tasks.obj (.text:xTaskCreateStatic)
                  0000a350cc00    000001c0                                              : tasks.obj (.text:xTaskPriorityDisinherit)
                  0000a350cdc0    000001c0                                              : tasks.obj (.text:xTaskPriorityInherit)
                  0000a350cf80    00000180                                              : csl_clec.obj (.text:CSL_clecConfigEvent)
                  0000a350d100    00000180     drivers.j722s.c75ss0-0.ti-c7000.release.lib : ipc_notify_v0.obj (.text:IpcNotify_isr)
                  0000a350d280    00000180                                                 : ipc_notify_v0.obj (.text:IpcNotify_sendMsg)
                  0000a350d400    00000180     freertos.j722s.c75x.ti-c7000.release.lib : MmuP_c75.obj (.text:MmuP_map)
                  0000a350d580    00000180     drivers.j722s.c75ss0-0.ti-c7000.release.lib : ipc_rpmsg.obj (.text:RPMessage_Params_init)
                  0000a350d700    00000180                                                 : ipc_rpmsg.obj (.text:RPMessage_recvHandler)
                  0000a350d880    00000180                                                 : sciclient_pm.obj (.text:Sciclient_pmGetModuleClkNumParent)
                  0000a350da00    00000180                                                 : sciclient_pm.obj (.text:Sciclient_pmGetModuleClkParent)
                  0000a350db80    00000180                                                 : sciclient_pm.obj (.text:Sciclient_pmGetModuleState)
                  0000a350dd00    00000180                                                 : sciclient_pm.obj (.text:Sciclient_pmModuleGetClkStatus)
                  0000a350de80    00000180                                                 : sciclient.obj (.text:Sciclient_waitForMessage)
                  0000a350e000    00000180     freertos.j722s.c75x.ti-c7000.release.lib : printf.obj (.text:_out_rev)
                  0000a350e180    00000180     rts7524_le.lib : getdevice.c.obj (.text:getdevice)
                  0000a350e300    00000180     freertos.j722s.c75x.ti-c7000.release.lib : tasks.obj (.text:prvAddCurrentTaskToDelayedList)
                  0000a350e480    00000180                                              : heap_4.obj (.text:vPortFree)
                  0000a350e600    00000180                                              : tasks.obj (.text:vTaskDelete)
                  0000a350e780    00000180                                              : tasks.obj (.text:xTaskCheckForTimeOut)
                  0000a350e900    00000180                                              : tasks.obj (.text:xTaskRemoveFromEventList)
                  0000a350ea80    00000140                                              : DebugP_memTraceLogWriter.obj (.text:DebugP_memTraceLogWriterPutLine)
                  0000a350ebc0    00000140     rts7524_le.lib : hostlseek.c.obj (.text:HOSTlseek)
                  0000a350ed00    00000140                    : hostopen.c.obj (.text:HOSTopen)
                  0000a350ee40    00000140     freertos.j722s.c75x.ti-c7000.release.lib : HwiP_c75.obj (.text:Hwi_Module_startup)
                  0000a350ef80    00000140     drivers.j722s.c75ss0-0.ti-c7000.release.lib : ipc_rpmsg.obj (.text:RPMessage_coreInit)
                  0000a350f0c0    00000140                                                 : ipc_rpmsg_vring.obj (.text:RPMessage_vringGetFullRxBuf)
                  0000a350f200    00000140                                                 : ipc_rpmsg_vring.obj (.text:RPMessage_vringPutEmptyRxBuf)
                  0000a350f340    00000140                                                 : soc.obj (.text:SOC_controlModuleLockMMR)
                  0000a350f480    00000140                                                 : soc.obj (.text:SOC_controlModuleUnlockMMR)
                  0000a350f5c0    00000140                                                 : sciclient_pm.obj (.text:Sciclient_pmSetModuleClkFreq)
                  0000a350f700    00000140     freertos.j722s.c75x.ti-c7000.release.lib : TaskP_freertos.obj (.text:TaskP_loadUpdateAll)
                  0000a350f840    00000140     drivers.j722s.c75ss0-0.ti-c7000.release.lib : uart_v0.obj (.text:UART_divisorValCompute)
                  0000a350f980    00000140                                                 : uart_v0.obj (.text:UART_flushTxFifo)
                  0000a350fac0    00000140                                                 : uart_v0.obj (.text:UART_init)
                  0000a350fc00    00000140                                                 : uart_v0.obj (.text:UART_intrDisable)
                  0000a350fd40    00000140                                                 : uart_v0.obj (.text:UART_intrEnable)
                  0000a350fe80    00000140     rts7524_le.lib : fclose.c.obj (.text:__TI_closefile)
                  0000a350ffc0    00000140                    : trgmsg.c.obj (.text:__TI_writemsg)
                  0000a3510100    00000140                    : _io_perm.c.obj (.text:__TI_wrt_ok)
                  0000a3510240    00000140                    : imath64.c.obj (.text:__c7xabi_divull)
                  0000a3510380    00000140     freertos.j722s.c75x.ti-c7000.release.lib : tasks.obj (.text:prvAddNewTaskToReadyList)
                  0000a35104c0    00000140                                              : queue.obj (.text:prvCopyDataToQueue)
                  0000a3510600    00000140                                              : timers.obj (.text:prvSwitchTimerLists)
                  0000a3510740    00000140     rts7524_le.lib : memory.c.obj (.text:split)
                  0000a3510880    00000140     freertos.j722s.c75x.ti-c7000.release.lib : tasks.obj (.text:vTaskStartScheduler)
                  0000a35109c0    00000140                                              : queue.obj (.text:xQueueGenericReset)
                  0000a3510b00    00000140                                              : timers.obj (.text:xTimerGenericCommand)
                  0000a3510c40    00000100                                              : AddrTranslateP.obj (.text:AddrTranslateP_getLocalAddr)
                  0000a3510d40    00000100     rts7524_le.lib : hostread.c.obj (.text:HOSTread)
                  0000a3510e40    00000100                    : hostunlink.c.obj (.text:HOSTunlink)
                  0000a3510f40    00000100                    : hostwrite.c.obj (.text:HOSTwrite)
                  0000a3511040    00000100     freertos.j722s.c75x.ti-c7000.release.lib : HwiP_freertos_c7x.obj (.text:HwiP_configClec)
                  0000a3511140    00000100                                              : HwiP_c75.obj (.text:Hwi_getStackInfo)
                  0000a3511240    00000100                                              : MmuP_c75.obj (.text:MmuP_addBlockEntry)
                  0000a3511340    00000100     drivers.j722s.c75ss0-0.ti-c7000.release.lib : pinmux.obj (.text:Pinmux_unlockMMR)
                  0000a3511440    00000100                                                 : ipc_rpmsg.obj (.text:RPMessage_construct)
                  0000a3511540    00000100                                                 : soc.obj (.text:SOC_moduleClockEnable)
                  0000a3511640    00000100                                                 : sciclient_soc_priv.obj (.text:Sciclient_getContext)
                  0000a3511740    00000100                                                 : sciclient.obj (.text:Sciclient_init)
                  0000a3511840    00000100                                                 : sciclient_pm.obj (.text:Sciclient_pmModuleClkRequest)
                  0000a3511940    00000100                                                 : sciclient_pm.obj (.text:Sciclient_pmSetModuleClkParent)
                  0000a3511a40    00000100                                                 : sciclient_pm.obj (.text:Sciclient_pmSetModuleState)
                  0000a3511b40    00000100     freertos.j722s.c75x.ti-c7000.release.lib : SemaphoreP_freertos.obj (.text:SemaphoreP_constructBinary)
                  0000a3511c40    00000100                                              : SemaphoreP_freertos.obj (.text:SemaphoreP_pend)
                  0000a3511d40    00000100     drivers.j722s.c75ss0-0.ti-c7000.release.lib : uart_dma.obj (.text:UART_dmaDisableChannel)
                  0000a3511e40    00000100                                                 : uart_v0.obj (.text:UART_subConfigTCRTLRModeEn)
                  0000a3511f40    00000100                                                 : uart_v0.obj (.text:UART_tcrTlrBitValRestore)
                  0000a3512040    00000100                                                 : uart_v0.obj (.text:UART_writeCancelNoCB)
                  0000a3512140    00000100                                                 : uart_v0.obj (.text:UART_writePolling)
                  0000a3512240    00000100     freertos.j722s.c75x.ti-c7000.release.lib : DebugP_log.obj (.text:_DebugP_assert)
                  0000a3512340    00000100     rts7524_le.lib : fflush.c.obj (.text:__TI_doflush)
                  0000a3512440    00000100                    : fixdul.c.obj (.text:__c7xabi_fixdul)
                  0000a3512540    00000100                    : close.c.obj (.text:close)
                  0000a3512640    00000100                    : getdevice.c.obj (.text:finddevice)
                  0000a3512740    00000100                    : fseek.c.obj (.text:fseeko)
                  0000a3512840    00000100     freertos.j722s.c75x.ti-c7000.release.lib : timers.obj (.text:prvCheckForValidListAndQueue)
                  0000a3512940    00000100                                              : heap_4.obj (.text:prvInsertBlockIntoFreeList)
                  0000a3512a40    00000100                                              : timers.obj (.text:prvProcessExpiredTimer)
                  0000a3512b40    00000100                                              : timers.obj (.text:prvProcessTimerOrBlockTask)
                  0000a3512c40    00000100                                              : queue.obj (.text:prvUnlockQueue)
                  0000a3512d40    00000100                                              : tasks.obj (.text:vTaskGetInfo)
                  0000a3512e40    00000100                                              : queue.obj (.text:xQueueTakeMutexRecursive)
                  0000a3512f40    00000100                                              : timers.obj (.text:xTimerCreateTimerTask)
                  0000a3513040    000000c0                                              : csl_clec.obj (.text:CSL_clecConfigEventLevel)
                  0000a3513100    000000c0                                              : ClockP_freertos.obj (.text:ClockP_getTimeUsec)
                  0000a35131c0    000000c0     ti_drivers_open_close.obj (.text:Drivers_uartOpen)
                  0000a3513280    000000c0     rts7524_le.lib : hostclose.c.obj (.text:HOSTclose)
                  0000a3513340    000000c0     freertos.j722s.c75x.ti-c7000.release.lib : HwiP_c75.obj (.text:Hwi_Instance_init)
                  0000a3513400    000000c0                                              : HwiP_c75.obj (.text:Hwi_dispatchCore)
                  0000a35134c0    000000c0                                              : HwiP_c75.obj (.text:Hwi_setPriority)
                  0000a3513580    000000c0     drivers.j722s.c75ss0-0.ti-c7000.release.lib : ipc_notify_v0.obj (.text:IpcNotify_registerClient)
                  0000a3513640    000000c0     freertos.j722s.c75x.ti-c7000.release.lib : MmuP_c75.obj (.text:MmuP_readBlockEntry)
                  0000a3513700    000000c0                                              : MmuP_c75.obj (.text:MmuP_setConfig)
                  0000a35137c0    000000c0     ti_power_clock_config.obj (.text:Module_clockEnable)
                  0000a3513880    000000c0     ti_power_clock_config.obj (.text:Module_clockSetFrequency)
                  0000a3513940    000000c0     freertos.j722s.c75x.ti-c7000.release.lib : MmuP_c75.obj (.text:OsalCfgClecAccessCtrl)
                  0000a3513a00    000000c0     drivers.j722s.c75ss0-0.ti-c7000.release.lib : pinmux.obj (.text:Pinmux_config)
                  0000a3513ac0    000000c0                                                 : ipc_rpmsg.obj (.text:RPMessage_allocEndPtMsg)
                  0000a3513b80    000000c0                                                 : ipc_rpmsg.obj (.text:RPMessage_notifyCallback)
                  0000a3513c40    000000c0                                                 : ipc_rpmsg_vring.obj (.text:RPMessage_vringCheckEmptyTxBuf)
                  0000a3513d00    000000c0                                                 : ipc_rpmsg_vring.obj (.text:RPMessage_vringIsFullRxBuf)
                  0000a3513dc0    000000c0                                                 : sciclient.obj (.text:Sciclient_getCurrentContext)
                  0000a3513e80    000000c0                                                 : sciclient_soc_priv.obj (.text:Sciclient_getDevId)
                  0000a3513f40    000000c0                                                 : sciclient_pm.obj (.text:Sciclient_pmSetModuleRst)
                  0000a3514000    000000c0                                                 : sciclient.obj (.text:Sciclient_secProxyFlush)
                  0000a35140c0    000000c0     freertos.j722s.c75x.ti-c7000.release.lib : SemaphoreP_freertos.obj (.text:SemaphoreP_constructMutex)
                  0000a3514180    000000c0                                              : SemaphoreP_freertos.obj (.text:SemaphoreP_post)
                  0000a3514240    000000c0                                              : TaskSupport_asm.obj (.text:TaskSupport_buildTaskStack)
                  0000a3514300    000000c0                                              : TaskSupport_asm.obj (.text:TaskSupport_swap)
                  0000a35143c0    000000c0     drivers.j722s.c75ss0-0.ti-c7000.release.lib : uart_v0.obj (.text:UART_Params_init)
                  0000a3514480    000000c0                                                 : uart_dma.obj (.text:UART_dmaClose)
                  0000a3514540    000000c0                                                 : uart_dma.obj (.text:UART_dmaOpen)
                  0000a3514600    000000c0                                                 : uart_v0.obj (.text:UART_fifoWrite)
                  0000a35146c0    000000c0                                                 : uart_v0.obj (.text:UART_getChar)
                  0000a3514780    000000c0                                                 : uart_v0.obj (.text:UART_readData)
                  0000a3514840    000000c0                                                 : uart_v0.obj (.text:UART_regConfigModeEnable)
                  0000a3514900    000000c0     freertos.j722s.c75x.ti-c7000.release.lib : DebugP_freertos.obj (.text:_DebugP_logZone)
                  0000a35149c0    000000c0     rts7524_le.lib : autoinit.c.obj (.text:__TI_auto_init_nobinit_nopinit:__TI_auto_init_nobinit_nopinit)
                  0000a3514a80    000000c0                    : fopen.c.obj (.text:__TI_cleanup)
                  0000a3514b40    000000c0                    : fltuld.c.obj (.text:__c7xabi_fltuld)
                  0000a3514c00    000000c0                    : memory.c.obj (.text:free_list_insert)
                  0000a3514cc0    000000c0                    : memory.c.obj (.text:free_list_remove)
                  0000a3514d80    000000c0     main.obj (.text:main)
                  0000a3514e40    000000c0     rts7524_le.lib : memcpy.c.obj (.text:memcpy)
                  0000a3514f00    000000c0     freertos.j722s.c75x.ti-c7000.release.lib : Exception.obj (.text:printTwoVectors)
                  0000a3514fc0    000000c0                                              : tasks.obj (.text:prvCheckTasksWaitingTermination)
                  0000a3515080    000000c0                                              : tasks.obj (.text:prvDeleteTCB)
                  0000a3515140    000000c0                                              : tasks.obj (.text:prvInitialiseTaskLists)
                  0000a3515200    000000c0                                              : timers.obj (.text:prvInsertTimerInActiveList)
                  0000a35152c0    000000c0                                              : list.obj (.text:vListInsert)
                  0000a3515380    000000c0                                              : port.obj (.text:vPortYield)
                  0000a3515440    000000c0                                              : queue.obj (.text:vQueueDelete)
                  0000a3515500    000000c0                                              : queue.obj (.text:vQueueWaitForMessageRestricted)
                  0000a35155c0    000000c0                                              : tasks.obj (.text:vTaskPlaceOnEventList)
                  0000a3515680    000000c0                                              : tasks.obj (.text:vTaskPlaceOnEventListRestricted)
                  0000a3515740    000000c0                                              : queue.obj (.text:xQueueGiveMutexRecursive)
                  0000a3515800    00000080                                              : csl_clec.obj (.text:CSL_clecClearEvent)
                  0000a3515880    00000080     drivers.j722s.c75ss0-0.ti-c7000.release.lib : sciclient.obj (.text:CSL_secProxyGetMaxMsgSize)
                  0000a3515900    00000080     freertos.j722s.c75x.ti-c7000.release.lib : CacheP_c75.obj (.text:CacheP_disable)
                  0000a3515980    00000080                                              : CacheP_c75.obj (.text:CacheP_enable)
                  0000a3515a00    00000080                                              : CacheP_c75.obj (.text:CacheP_enableWB)
                  0000a3515a80    00000080                                              : CacheP_c75.obj (.text:CacheP_wbInv)
                  0000a3515b00    00000080                                              : DebugP_log.obj (.text:DebugP_logZoneEnable)
                  0000a3515b80    00000080                                              : DebugP_uartLogWriter.obj (.text:DebugP_uartLogWriterPutChar)
                  0000a3515c00    00000080     ti_dpl_config.obj (.text:Dpl_init)
                  0000a3515c80    00000080     ti_drivers_open_close.obj (.text:Drivers_uartClose)
                  0000a3515d00    00000080     freertos.j722s.c75x.ti-c7000.release.lib : Exception.obj (.text:Exception_Module_startup)
                  0000a3515d80    00000080                                              : HwiP_freertos_c7x.obj (.text:HwiP_destruct)
                  0000a3515e00    00000080                                              : HwiP_c75.obj (.text:HwiP_disable)
                  0000a3515e80    00000080                                              : HwiP_c75.obj (.text:HwiP_disableInt)
                  0000a3515f00    00000080                                              : HwiP_c75.obj (.text:HwiP_restore)
                  0000a3515f80    00000080                                              : HwiP_c75.obj (.text:Hwi_Instance_finalize)
                  0000a3516000    00000080                                              : HwiP_c75.obj (.text:Hwi_construct)
                  0000a3516080    00000080                                              : HwiP_c75.obj (.text:Hwi_disableIER)
                  0000a3516100    00000080                                              : HwiP_c75.obj (.text:Hwi_dispatchC)
                  0000a3516180    00000080                                              : HwiP_c75.obj (.text:Hwi_enableIER)
                  0000a3516200    00000080                                              : HwiP_c75.obj (.text:Hwi_eventMap)
                  0000a3516280    00000080                                              : HwiP_c75.obj (.text:Hwi_postInit)
                  0000a3516300    00000080                                              : HwiP_c75.obj (.text:Hwi_secureStart)
                  0000a3516380    00000080                                              : Hwi_switch_asm.obj (.text:Hwi_switchAndDispatch)
                  0000a3516400    00000080                                              : Hwi_asm.obj (.text:Hwi_switchToNS)
                  0000a3516480    00000080     drivers.j722s.c75ss0-0.ti-c7000.release.lib : ipc_notify_v0.obj (.text:IpcNotify_getReadMailbox)
                  0000a3516500    00000080                                                 : ipc_notify_v0.obj (.text:IpcNotify_getWriteMailbox)
                  0000a3516580    00000080                                                 : ipc_notify_v0.obj (.text:IpcNotify_unregisterClient)
                  0000a3516600    00000080     freertos.j722s.c75x.ti-c7000.release.lib : MmuP_c75.obj (.text:MmuP_addTableEntry)
                  0000a3516680    00000080                                              : MmuP_c75.obj (.text:MmuP_disable)
                  0000a3516700    00000080                                              : MmuP_c75.obj (.text:MmuP_enable)
                  0000a3516780    00000080     drivers.j722s.c75ss0-0.ti-c7000.release.lib : ipc_rpmsg.obj (.text:RPMessage_controlEndPtHandler)
                  0000a3516800    00000080                                                 : ipc_rpmsg.obj (.text:RPMessage_controlEndPtInit)
                  0000a3516880    00000080                                                 : ipc_rpmsg.obj (.text:RPMessage_freeEndPtMsg)
                  0000a3516900    00000080                                                 : ipc_rpmsg.obj (.text:RPMessage_putEndPtMsg)
                  0000a3516980    00000080                                                 : ipc_rpmsg.obj (.text:RPMessage_queueGet)
                  0000a3516a00    00000080                                                 : ipc_rpmsg_vring.obj (.text:RPMessage_vringGetSize)
                  0000a3516a80    00000080                                                 : sciclient.obj (.text:Sciclient_secProxyReadThread32)
                  0000a3516b00    00000080                                                 : sciclient.obj (.text:Sciclient_secProxyWaitThread)
                  0000a3516b80    00000080                                                 : uart_v0.obj (.text:UART_checkOpenParams)
                  0000a3516c00    00000080                                                 : uart_v0.obj (.text:UART_enhanFuncBitValRestore)
                  0000a3516c80    00000080                                                 : uart_v0.obj (.text:UART_enhanFuncEnable)
                  0000a3516d00    00000080                                                 : uart_v0.obj (.text:UART_fifoRegisterWrite)
                  0000a3516d80    00000080                                                 : uart_v0.obj (.text:UART_getHandle)
                  0000a3516e00    00000080                                                 : uart_v0.obj (.text:UART_getIntrIdentityStatus)
                  0000a3516e80    00000080                                                 : uart_v0.obj (.text:UART_hardwareFlowCtrlOptSet)
                  0000a3516f00    00000080                                                 : uart_v0.obj (.text:UART_lineCharConfig)
                  0000a3516f80    00000080                                                 : uart_v0.obj (.text:UART_moduleReset)
                  0000a3517000    00000080                                                 : uart_v0.obj (.text:UART_operatingModeSelect)
                  0000a3517080    00000080                                                 : uart_v0.obj (.text:UART_readLineStatus)
                  0000a3517100    00000080                                                 : uart_v0.obj (.text:UART_resetModule)
                  0000a3517180    00000080                                                 : uart_v0.obj (.text:UART_spaceAvail)
                  0000a3517200    00000080                                                 : uart_v0.obj (.text:UART_writeData)
                  0000a3517280    00000080                                                 : uart_v0.obj (.text:UART_writeDataPolling)
                  0000a3517300    00000080                                                 : uart_dma.obj (.text:UART_writeInterruptDma)
                  0000a3517380    00000080     freertos.j722s.c75x.ti-c7000.release.lib : DebugP_log.obj (.text:_DebugP_assertNoLog)
                  0000a3517400    00000080     rts7524_le.lib : args_main.c.obj (.text:_args_main)
                  0000a3517480    00000080     freertos.j722s.c75x.ti-c7000.release.lib : printf.obj (.text:_atoi)
                  0000a3517500    00000080                                              : printf.obj (.text:_strnlen_s)
                  0000a3517580    00000080     hello_world.obj (.text:hello_world_main)
                  0000a3517600    00000080     rts7524_le.lib : lseek.c.obj (.text:lseek)
                  0000a3517680    00000080                    : memset.c.obj (.text:memset)
                  0000a3517700    00000080     freertos.j722s.c75x.ti-c7000.release.lib : queue.obj (.text:prvCopyDataFromQueue)
                  0000a3517780    00000080                                              : queue.obj (.text:prvInitialiseMutex)
                  0000a3517800    00000080                                              : queue.obj (.text:prvInitialiseNewQueue)
                  0000a3517880    00000080                                              : queue.obj (.text:prvIsQueueEmpty)
                  0000a3517900    00000080                                              : queue.obj (.text:prvIsQueueFull)
                  0000a3517980    00000080                                              : timers.obj (.text:prvSampleTimeNow)
                  0000a3517a00    00000080                                              : tasks.obj (.text:prvTaskCheckFreeStackSpace)
                  0000a3517a80    00000080                                              : port.obj (.text:prvTaskExitError)
                  0000a3517b00    00000080                                              : port.obj (.text:pxPortInitialiseStack)
                  0000a3517b80    00000080                                              : printf.obj (.text:snprintf_)
                  0000a3517c00    00000080     rts7524_le.lib : unlink.c.obj (.text:unlink)
                  0000a3517c80    00000080     freertos.j722s.c75x.ti-c7000.release.lib : TaskP_freertos.obj (.text:vApplicationLoadHook)
                  0000a3517d00    00000080                                              : port.obj (.text:vApplicationStackOverflowHook)
                  0000a3517d80    00000080                                              : port.obj (.text:vPortAssertIfInISR)
                  0000a3517e00    00000080                                              : port.obj (.text:vPortYieldAsyncFromISR)
                  0000a3517e80    00000080                                              : tasks.obj (.text:vTaskEnterCritical)
                  0000a3517f00    00000080                                              : tasks.obj (.text:vTaskExitCritical)
                  0000a3517f80    00000080                                              : printf.obj (.text:vprintf_)
                  0000a3518000    00000080     rts7524_le.lib : write.c.obj (.text:write)
                  0000a3518080    00000080     freertos.j722s.c75x.ti-c7000.release.lib : queue.obj (.text:xQueueCreateMutexStatic)
                  0000a3518100    00000080                                              : tasks.obj (.text:xTaskGetIdleTaskHandle)
                  0000a3518180    00000040     ti_board_open_close.obj (.text:Board_driversClose)
                  0000a35181c0    00000040     ti_board_open_close.obj (.text:Board_driversOpen)
                  0000a3518200    00000040     ti_board_config.obj (.text:Board_init)
                  0000a3518240    00000040     drivers.j722s.c75ss0-0.ti-c7000.release.lib : sciclient.obj (.text:CSL_REG32_FEXT_RAW)
                  0000a3518280    00000040     freertos.j722s.c75x.ti-c7000.release.lib : csl_clec.obj (.text:CSL_REG32_FINS_RAW)
                  0000a35182c0    00000040     drivers.j722s.c75ss0-0.ti-c7000.release.lib : sciclient.obj (.text:CSL_REG32_RD_RAW)
                  0000a3518300    00000040     freertos.j722s.c75x.ti-c7000.release.lib : csl_clec.obj (.text:CSL_REG32_RD_RAW)
                  0000a3518340    00000040     drivers.j722s.c75ss0-0.ti-c7000.release.lib : pinmux.obj (.text:CSL_REG32_WR_RAW)
                  0000a3518380    00000040                                                 : sciclient.obj (.text:CSL_REG32_WR_RAW)
                  0000a35183c0    00000040                                                 : soc.obj (.text:CSL_REG32_WR_RAW)
                  0000a3518400    00000040     freertos.j722s.c75x.ti-c7000.release.lib : csl_clec.obj (.text:CSL_REG32_WR_RAW)
                  0000a3518440    00000040                                              : csl_clec.obj (.text:CSL_REG64_FEXT_RAW)
                  0000a3518480    00000040                                              : csl_clec.obj (.text:CSL_REG64_RD_RAW)
                  0000a35184c0    00000040                                              : csl_clec.obj (.text:CSL_clecGetC7xClusterId)
                  0000a3518500    00000040     drivers.j722s.c75ss0-0.ti-c7000.release.lib : csl_sec_proxy.obj (.text:CSL_secProxyGetDataAddr)
                  0000a3518540    00000040     freertos.j722s.c75x.ti-c7000.release.lib : CacheP_c75.obj (.text:CacheP_Module_startup)
                  0000a3518580    00000040                                              : CacheP_c75_asm.obj (.text:CacheP_getL1DCFG)
                  0000a35185c0    00000040                                              : CacheP_c75_asm.obj (.text:CacheP_setL1DCFG)
                  0000a3518600    00000040                                              : CacheP_c75.obj (.text:CacheP_wait)
                  0000a3518640    00000040                                              : ClockP_freertos.obj (.text:ClockP_getTicks)
                  0000a3518680    00000040                                              : ClockP_freertos_c75.obj (.text:ClockP_getTimerCount)
                  0000a35186c0    00000040                                              : ClockP_freertos_c75.obj (.text:ClockP_timerClearOverflowInt)
                  0000a3518700    00000040                                              : ClockP_freertos.obj (.text:ClockP_timerTickIsr)
                  0000a3518740    00000040                                              : ClockP_freertos.obj (.text:ClockP_usecToTicks)
                  0000a3518780    00000040                                              : DebugP_memTraceLogWriter.obj (.text:DebugP_memLogWriterInit)
                  0000a35187c0    00000040                                              : DebugP_uartLogWriter.obj (.text:DebugP_uartSetDrvIndex)
                  0000a3518800    00000040     ti_drivers_config.obj (.text:Drivers_uartInit)
                  0000a3518840    00000040     freertos.j722s.c75x.ti-c7000.release.lib : c7x_module_config.obj (.text:ExceptionHook)
                  0000a3518880    00000040                                              : c7x_module_config.obj (.text:ExceptionInternalHook)
                  0000a35188c0    00000040     drivers.j722s.c75ss0-0.ti-c7000.release.lib : uart_v0.obj (.text:HW_RD_FIELD32_RAW)
                  0000a3518900    00000040                                                 : uart_v0.obj (.text:HW_RD_REG32_RAW)
                  0000a3518940    00000040                                                 : uart_v0.obj (.text:HW_WR_FIELD32_RAW)
                  0000a3518980    00000040                                                 : uart_v0.obj (.text:HW_WR_REG32_RAW)
                  0000a35189c0    00000040     freertos.j722s.c75x.ti-c7000.release.lib : HwiP_freertos_c7x.obj (.text:HwiP_Params_init)
                  0000a3518a00    00000040                                              : HwiP_c75.obj (.text:HwiP_enable)
                  0000a3518a40    00000040                                              : HwiP_c75.obj (.text:HwiP_enableInt)
                  0000a3518a80    00000040                                              : HwiP_c75.obj (.text:HwiP_inISR)
                  0000a3518ac0    00000040                                              : HwiP_c75.obj (.text:HwiP_init)
                  0000a3518b00    00000040                                              : HwiP_c75.obj (.text:Hwi_Params__init__S)
                  0000a3518b40    00000040                                              : HwiP_c75.obj (.text:Hwi_Params_init)
                  0000a3518b80    00000040                                              : HwiP_c75.obj (.text:Hwi_destruct)
                  0000a3518bc0    00000040                                              : Hwi_asm.obj (.text:Hwi_disable)
                  0000a3518c00    00000040                                              : Hwi_asm.obj (.text:Hwi_enable)
                  0000a3518c40    00000040                                              : Hwi_asm.obj (.text:Hwi_getCXM)
                  0000a3518c80    00000040                                              : HwiP_c75.obj (.text:Hwi_getEventId)
                  0000a3518cc0    00000040                                              : HwiP_c75.obj (.text:Hwi_getIsrStackAddress)
                  0000a3518d00    00000040                                              : Startup.obj (.text:Hwi_initStackMin)
                  0000a3518d40    00000040                                              : Hwi_asm.obj (.text:Hwi_restore)
                  0000a3518d80    00000040                                              : Hwi_asm.obj (.text:Hwi_setCOP)
                  0000a3518dc0    00000040                                              : HwiP_c75.obj (.text:Hwi_switchFromBootStack)
                  0000a3518e00    00000040                                              : IntrinsicsSupport.obj (.text:IntrinsicsSupport_maxbit)
                  0000a3518e40    00000040                                              : IntrinsicsSupport.obj (.text:IntrinsicsSupport_mfence)
                  0000a3518e80    00000040     drivers.j722s.c75ss0-0.ti-c7000.release.lib : ipc_notify_v0.obj (.text:IpcNotify_Params_init)
                  0000a3518ec0    00000040     ti_drivers_config.obj (.text:IpcNotify_getConfig)
                  0000a3518f00    00000040     drivers.j722s.c75ss0-0.ti-c7000.release.lib : ipc_notify_v0.obj (.text:IpcNotify_getSelfCoreId)
                  0000a3518f40    00000040                                                 : ipc_notify_v0.obj (.text:IpcNotify_isCoreEnabled)
                  0000a3518f80    00000040                                                 : ipc_notify_v0.obj (.text:IpcNotify_mailboxClearInt)
                  0000a3518fc0    00000040                                                 : ipc_notify_v0.obj (.text:IpcNotify_mailboxEnableInt)
                  0000a3519000    00000040                                                 : ipc_notify_v0.obj (.text:IpcNotify_mailboxGetNumMsg)
                  0000a3519040    00000040                                                 : ipc_notify_v0.obj (.text:IpcNotify_mailboxIsFull)
                  0000a3519080    00000040                                                 : ipc_notify_v0.obj (.text:IpcNotify_mailboxRead)
                  0000a35190c0    00000040                                                 : ipc_notify_v0.obj (.text:IpcNotify_mailboxWrite)
                  0000a3519100    00000040                                                 : ipc_notify_v0.obj (.text:IpcNotify_makeMsg)
                  0000a3519140    00000040                                                 : ipc_notify_v0.obj (.text:IpcNotify_syncCallback)
                  0000a3519180    00000040     freertos.j722s.c75x.ti-c7000.release.lib : MmuP_c75.obj (.text:MmuP_disableI)
                  0000a35191c0    00000040                                              : MmuP_c75.obj (.text:MmuP_enableI)
                  0000a3519200    00000040                                              : MmuP_c75.obj (.text:MmuP_enableI_secure)
                  0000a3519240    00000040                                              : MmuP_c75.obj (.text:MmuP_freeTable)
                  0000a3519280    00000040                                              : Mmu_asm.obj (.text:MmuP_isEnabled)
                  0000a35192c0    00000040                                              : Mmu_asm.obj (.text:MmuP_setMAIRAsm)
                  0000a3519300    00000040                                              : Mmu_asm.obj (.text:MmuP_setTCR)
                  0000a3519340    00000040                                              : Mmu_asm.obj (.text:MmuP_tlbInvAll)
                  0000a3519380    00000040                                              : Mmu_asm.obj (.text:Mmu_init)
                  0000a35193c0    00000040     ti_pinmux_config.obj (.text:Pinmux_init)
                  0000a3519400    00000040     ti_power_clock_config.obj (.text:PowerClock_init)
                  0000a3519440    00000040     drivers.j722s.c75ss0-0.ti-c7000.release.lib : ipc_rpmsg.obj (.text:RPMessage_CreateParams_init)
                  0000a3519480    00000040                                                 : ipc_rpmsg_vring.obj (.text:RPMessage_align)
                  0000a35194c0    00000040                                                 : ipc_rpmsg.obj (.text:RPMessage_isLinuxCore)
                  0000a3519500    00000040                                                 : ipc_rpmsg.obj (.text:RPMessage_queuePut)
                  0000a3519540    00000040                                                 : ipc_rpmsg.obj (.text:RPMessage_queueReset)
                  0000a3519580    00000040                                                 : ipc_rpmsg_vring.obj (.text:RPMessage_vringGetRxBufAddr)
                  0000a35195c0    00000040                                                 : soc.obj (.text:SOC_getCoreName)
                  0000a3519600    00000040                                                 : sciclient.obj (.text:Sciclient_secProxyReadThreadCount)
                  0000a3519640    00000040                                                 : sciclient.obj (.text:Sciclient_secProxyThreadStatusReg)
                  0000a3519680    00000040                                                 : sciclient.obj (.text:Sciclient_secProxyVerifyThread)
                  0000a35196c0    00000040     freertos.j722s.c75x.ti-c7000.release.lib : SemaphoreP_freertos.obj (.text:SemaphoreP_destruct)
                  0000a3519700    00000040                                              : TaskP_freertos.obj (.text:TaskP_calcCounterDiff)
                  0000a3519740    00000040                                              : TaskP_freertos.obj (.text:TaskP_yield)
                  0000a3519780    00000040                                              : TaskSupport.obj (.text:TaskSupport_getStackAlignment)
                  0000a35197c0    00000040                                              : TaskSupport_asm.obj (.text:TaskSupport_glue)
                  0000a3519800    00000040                                              : TaskSupport_asm.obj (.text:TaskSupport_glueUnpriv)
                  0000a3519840    00000040                                              : port.obj (.text:Task_enter)
                  0000a3519880    00000040                                              : TimerP.obj (.text:TimerP_Params_init)
                  0000a35198c0    00000040                                              : TimerP.obj (.text:TimerP_clearOverflowInt)
                  0000a3519900    00000040                                              : TimerP.obj (.text:TimerP_getCount)
                  0000a3519940    00000040                                              : TimerP.obj (.text:TimerP_getReloadCount)
                  0000a3519980    00000040                                              : TimerP.obj (.text:TimerP_start)
                  0000a35199c0    00000040                                              : TimerP.obj (.text:TimerP_stop)
                  0000a3519a00    00000040                                              : DebugP_uartLogWriter.obj (.text:UART_Transaction_init)
                  0000a3519a40    00000040     drivers.j722s.c75ss0-0.ti-c7000.release.lib : uart_v0.obj (.text:UART_breakCtl)
                  0000a3519a80    00000040                                                 : uart_v0.obj (.text:UART_checkTransaction)
                  0000a3519ac0    00000040                                                 : uart_v0.obj (.text:UART_divideRoundCloset)
                  0000a3519b00    00000040                                                 : uart_v0.obj (.text:UART_divisorLatchDisable)
                  0000a3519b40    00000040                                                 : uart_v0.obj (.text:UART_fifoCharGet)
                  0000a3519b80    00000040                                                 : uart_v0.obj (.text:UART_flowCtrlTrigLvlConfig)
                  0000a3519bc0    00000040                                                 : uart_v0.obj (.text:UART_intr2Disable)
                  0000a3519c00    00000040                                                 : uart_v0.obj (.text:UART_modemControlReset)
                  0000a3519c40    00000040                                                 : uart_v0.obj (.text:UART_putChar)
                  0000a3519c80    00000040                                                 : uart_v0.obj (.text:UART_regConfModeRestore)
                  0000a3519cc0    00000040                                                 : uart_v0.obj (.text:UART_writeInterrupt)
                  0000a3519d00    00000040                                                 : utils.obj (.text:Utils_dataAndInstructionBarrier)
                  0000a3519d40    00000040     rts7524_le.lib : fixdull.c.obj (.text:__c7xabi_fixdull)
                  0000a3519d80    00000040                    : fltulld.c.obj (.text:__c7xabi_fltulld)
                  0000a3519dc0    00000040                    : imath64.c.obj (.text:__c7xabi_remull)
                  0000a3519e00    00000040                    : boot.c.obj (.text:_c_int00)
                  0000a3519e40    00000040     freertos.j722s.c75x.ti-c7000.release.lib : printf.obj (.text:_is_digit)
                  0000a3519e80    00000040     rts7524_le.lib : _lock.c.obj (.text:_nop)
                  0000a3519ec0    00000040     freertos.j722s.c75x.ti-c7000.release.lib : printf.obj (.text:_out_buffer)
                  0000a3519f00    00000040                                              : printf.obj (.text:_out_char)
                  0000a3519f40    00000040                                              : printf.obj (.text:_out_null)
                  0000a3519f80    00000040                                              : port.obj (.text:_system_post_cinit)
                  0000a3519fc0    00000040                                              : port.obj (.text:_system_pre_init)
[...]
0000a34f4828  gTscISRLogIdx                             
0000a34f4830  gIpcNotifyInterruptConfigNum_mcu_r5fss0_0 
0000a34f4834  gIpcNotifyInterruptConfigNum_wkup_r5fss0_0
0000a34f4838  gIpcNotifyInterruptConfigNum_main_r5fss0_0
0000a34f483c  gIpcNotifyInterruptConfigNum_c75ss0_0     
0000a34f4840  gIpcNotifyInterruptConfigNum_c75ss1_0     
0000a34f4844  gIpcNotifyInterruptConfigNum_a53ss0_0     
0000a34f4848  gClockConfig                              
0000a34f4890  gSocModulesClockFrequency                 
0000a34f48d4  __TI_ft_end                               
0000a34f48d8  gAddrTranslateConfig                      
0000a34f48e8  gSocModules                               
0000a34f48f8  gUartConfig                               
0000a34f4908  __TI_cleanup_ptr                          
0000a34f4910  __TI_dtors_ptr                            
0000a34f4918  CacheP_Module_state                       
0000a34f4920  _lock                                     
0000a34f4928  _unlock                                   
0000a34f4930  gTscDeltaCalib                            
0000a34f4938  gDebugP_uartDrvIndex                      
0000a34f4940  gOsalHwiAllocCnt                          
0000a34f4944  gOsalHwiPeak                              
0000a34f4950  gMmuConfig                                
0000a34f4968  gUartConfigNum                            
0000a34f496c  gUartDmaConfigNum                         
0000a34f4974  gDebugMemLogSize                          
0000a34f497c  __c_args__                                
0000a3500000  CycleCounterP_Module_startup              
0000a3501e00  Exception_handler                         
0000a35028c0  Hwi_dispatchAlways                        
0000a3503300  Exception_internalHandler                 
0000a35042c0  IpcNotify_init                            
0000a35047c0  Exception_dispatch                        
0000a3505a80  Sciclient_service                         
0000a3505e80  UART_open                                 
0000a35065c0  aligned_alloc                             
0000a35065c0  memalign                                  
0000a3506900  TimerP_setup                              
0000a3506f00  __TI_frcdivd                              
0000a3507500  xQueueSemaphoreTake                       
0000a3507800  SOC_moduleSetClockFrequency               
0000a3507d80  xQueueGenericSend                         
0000a3508040  ClockP_init                               
0000a35082c0  UART_write                                
0000a3508540  __c7xabi_divd                             
0000a35087c0  free                                      
0000a3508a40  xQueueReceive                             
0000a3508cc0  HOSTrename                                
0000a3508f00  MmuP_init                                 
0000a3509140  RPMessage_vringResetInternal              
0000a3509380  UART_close                                
0000a3509800  xQueueGenericSendFromISR                  
0000a3509a40  xTaskIncrementTick                        
0000a3509c80  HwiP_construct                            
0000a3509e80  RPMessage_init                            
0000a350a080  System_init                               
0000a350a480  setvbuf                                   
0000a350a680  xQueueGiveFromISR                         
0000a350a880  xQueueReceiveFromISR                      
0000a350aa80  xTaskResumeAll                            
0000a350ac80  DebugP_memLogWriterPutChar                
0000a350ae40  Hwi_reconfig                              
0000a350b000  RPMessage_vringReset                      
0000a350b1c0  Sciclient_pmQueryModuleClkFreq            
0000a350b700  TaskSupport_setupTaskStack                
0000a350bc40  __TI_readmsg                              
0000a350c180  eTaskGetState                             
0000a350c340  fputc                                     
0000a350c340  putc                                      
0000a350c500  vTaskPriorityDisinheritAfterTimeout       
0000a350c6c0  vTaskSwitchContext                        
0000a350c880  xQueueGenericCreateStatic                 
0000a350ca40  xTaskCreateStatic                         
0000a350cc00  xTaskPriorityDisinherit                   
0000a350cdc0  xTaskPriorityInherit                      
0000a350cf80  CSL_clecConfigEvent                       
0000a350d100  IpcNotify_isr                             
0000a350d280  IpcNotify_sendMsg                         
0000a350d400  MmuP_map                                  
0000a350d580  RPMessage_Params_init                     
0000a350d700  RPMessage_recvHandler                     
0000a350d880  Sciclient_pmGetModuleClkNumParent         
0000a350da00  Sciclient_pmGetModuleClkParent            
0000a350db80  Sciclient_pmGetModuleState                
0000a350dd00  Sciclient_pmModuleGetClkStatus            
0000a350e180  getdevice                                 
0000a350e480  vPortFree                                 
0000a350e600  vTaskDelete                               
0000a350e780  xTaskCheckForTimeOut                      
0000a350e900  xTaskRemoveFromEventList                  
0000a350ea80  DebugP_memTraceLogWriterPutLine           
0000a350ebc0  HOSTlseek                                 
0000a350ed00  HOSTopen                                  
0000a350ee40  Hwi_Module_startup                        
0000a350ef80  RPMessage_coreInit                        
0000a350f0c0  RPMessage_vringGetFullRxBuf               
0000a350f200  RPMessage_vringPutEmptyRxBuf              
0000a350f340  SOC_controlModuleLockMMR                  
0000a350f480  SOC_controlModuleUnlockMMR                
0000a350f5c0  Sciclient_pmSetModuleClkFreq              
0000a350f700  TaskP_loadUpdateAll                       
0000a350f980  UART_flushTxFifo                          
0000a350fac0  UART_init                                 
0000a350fe80  __TI_closefile                            
0000a350ffc0  __TI_writemsg                             
0000a35100cc  C$$IO$$                                   
0000a3510100  __TI_wrt_ok                               
0000a3510240  __c7xabi_divull                           
0000a3510880  vTaskStartScheduler                       
0000a35109c0  xQueueGenericReset                        
0000a3510b00  xTimerGenericCommand                      
0000a3510c40  AddrTranslateP_getLocalAddr               
0000a3510d40  HOSTread                                  
0000a3510e40  HOSTunlink                                
0000a3510f40  HOSTwrite                                 
0000a3511040  HwiP_configClec                           
0000a3511140  Hwi_getStackInfo                          
0000a3511340  Pinmux_unlockMMR                          
0000a3511440  RPMessage_construct                       
0000a3511540  SOC_moduleClockEnable                     
0000a3511640  Sciclient_getContext                      
0000a3511740  Sciclient_init                            
0000a3511840  Sciclient_pmModuleClkRequest              
0000a3511940  Sciclient_pmSetModuleClkParent            
0000a3511a40  Sciclient_pmSetModuleState                
0000a3511b40  SemaphoreP_constructBinary                
0000a3511c40  SemaphoreP_pend                           
0000a3511d40  UART_dmaDisableChannel                    
0000a3512240  _DebugP_assert                            
0000a3512340  __TI_doflush                              
0000a3512440  __c7xabi_fixdul                           
0000a3512540  close                                     
0000a3512640  finddevice                                
0000a3512740  fseek                                     
0000a3512740  fseeko                                    
0000a3512d40  vTaskGetInfo                              
0000a3512e40  xQueueTakeMutexRecursive                  
0000a3512f40  xTimerCreateTimerTask                     
0000a3513040  CSL_clecConfigEventLevel                  
0000a3513100  ClockP_getTimeUsec                        
0000a35131c0  Drivers_open                              
0000a35131c0  Drivers_uartOpen                          
0000a3513280  HOSTclose                                 
0000a3513340  Hwi_Instance_init                         
0000a3513400  Hwi_dispatchCore                          
0000a35134c0  Hwi_setPriority                           
0000a3513580  IpcNotify_registerClient                  
0000a3513700  MmuP_setConfig                            
0000a35137c0  Module_clockEnable                        
0000a3513880  Module_clockSetFrequency                  
0000a3513940  OsalCfgClecAccessCtrl                     
0000a3513a00  Pinmux_config                             
0000a3513ac0  RPMessage_allocEndPtMsg                   
0000a3513b80  RPMessage_notifyCallback                  
0000a3513c40  RPMessage_vringCheckEmptyTxBuf            
0000a3513d00  RPMessage_vringIsFullRxBuf                
0000a3513dc0  Sciclient_getCurrentContext               
0000a3513e80  Sciclient_getDevId                        
0000a3513f40  Sciclient_pmSetModuleRst                  
0000a35140c0  SemaphoreP_constructMutex                 
0000a3514180  SemaphoreP_post                           
0000a3514240  TaskSupport_buildTaskStack                
0000a3514300  TaskSupport_swap                          
0000a3514480  UART_dmaClose                             
0000a3514540  UART_dmaOpen                              
0000a3514900  _DebugP_logZone                           
0000a35149c0  __TI_auto_init_nobinit_nopinit            
0000a3514a80  __TI_cleanup                              
0000a3514b40  __c7xabi_fltuld                           
0000a3514d80  main                                      
0000a3514e40  memcpy                                    
0000a35152c0  vListInsert                               
0000a3515380  vPortYield                                
0000a3515440  vQueueDelete                              
0000a3515500  vQueueWaitForMessageRestricted            
0000a35155c0  vTaskPlaceOnEventList                     
0000a3515680  vTaskPlaceOnEventListRestricted           
0000a3515740  xQueueGiveMutexRecursive                  
0000a3515800  CSL_clecClearEvent                        
0000a3515900  CacheP_disable                            
0000a3515980  CacheP_enable                             
0000a3515a00  CacheP_enableWB                           
0000a3515a80  CacheP_wbInv                              
0000a3515b00  DebugP_logZoneEnable                      
0000a3515b80  DebugP_uartLogWriterPutChar               
0000a3515c00  Dpl_init                                  
0000a3515c80  Drivers_close                             
0000a3515c80  Drivers_uartClose                         
0000a3515d00  Exception_Module_startup                  
0000a3515d80  HwiP_destruct                             
0000a3515e00  HwiP_disable                              
0000a3515e80  HwiP_disableInt                           
0000a3515f00  HwiP_restore                              
0000a3515f80  Hwi_Instance_finalize                     
0000a3516000  Hwi_construct                             
0000a3516080  Hwi_disableIER                            
0000a3516100  Hwi_dispatchC                             
0000a3516180  Hwi_enableIER                             
0000a3516200  Hwi_eventMap                              
0000a3516280  Hwi_postInit                              
0000a3516300  Hwi_secureStart                           
0000a3516380  Hwi_switchAndDispatch                     
0000a3516400  Hwi_switchToNS                            
0000a3516580  IpcNotify_unregisterClient                
0000a3516680  MmuP_disable                              
0000a3516700  MmuP_enable                               
0000a3516780  RPMessage_controlEndPtHandler             
0000a3516800  RPMessage_controlEndPtInit                
0000a3516880  RPMessage_freeEndPtMsg                    
0000a3516900  RPMessage_putEndPtMsg                     
0000a3516a00  RPMessage_vringGetSize                    
0000a3516d80  UART_getHandle                            
0000a3517300  UART_writeInterruptDma                    
0000a3517380  _DebugP_assertNoLog                       
0000a3517400  _args_main                                
0000a3517580  hello_world_main                          
0000a3517600  lseek                                     
0000a3517680  memset                                    
0000a3517a80  Task_exit                                 
0000a3517b00  pxPortInitialiseStack                     
0000a3517b80  snprintf_                                 
0000a3517c00  unlink                                    
0000a3517c80  vApplicationLoadHook                      
0000a3517d00  vApplicationStackOverflowHook             
0000a3517d80  vPortAssertIfInISR                        
0000a3517e00  vPortYieldAsyncFromISR                    
0000a3517e80  vTaskEnterCritical                        
0000a3517f00  vTaskExitCritical                         
0000a3517f80  vprintf_                                  
0000a3518000  write                                     
0000a3518080  xQueueCreateMutexStatic                   
0000a3518100  xTaskGetIdleTaskHandle                    
0000a3518180  Board_driversClose                        
0000a35181c0  Board_driversOpen                         
0000a3518200  Board_init                                
0000a35184c0  CSL_clecGetC7xClusterId                   
0000a3518500  CSL_secProxyGetDataAddr                   
0000a3518540  CacheP_Module_startup                     
0000a3518580  CacheP_getL1DCFG                          
0000a35185c0  CacheP_setL1DCFG                          
0000a3518600  CacheP_wait                               
0000a3518640  ClockP_getTicks                           
0000a3518680  ClockP_getTimerCount                      
0000a35186c0  ClockP_timerClearOverflowInt              
0000a3518700  ClockP_timerTickIsr                       
0000a3518740  ClockP_usecToTicks                        
0000a3518780  DebugP_memLogWriterInit                   
0000a35187c0  DebugP_uartSetDrvIndex                    
0000a3518800  Drivers_uartInit                          
0000a35189c0  HwiP_Params_init                          
0000a3518a00  HwiP_enable                               
0000a3518a40  HwiP_enableInt                            
0000a3518a80  HwiP_inISR                                
0000a3518ac0  HwiP_init                                 
0000a3518b00  Hwi_Params__init__S                       
0000a3518b40  Hwi_Params_init                           
0000a3518b80  Hwi_destruct                              
0000a3518bc0  Hwi_disable                               
0000a3518c00  Hwi_enable                                
0000a3518c40  Hwi_getCXM                                
0000a3518c80  Hwi_getEventId                            
0000a3518cc0  Hwi_getIsrStackAddress                    
0000a3518d40  Hwi_restore                               
0000a3518d80  Hwi_setCOP                                
0000a3518dc0  Hwi_switchFromBootStack                   
0000a3518e00  IntrinsicsSupport_maxbit                  
0000a3518e40  IntrinsicsSupport_mfence                  
0000a3518e80  IpcNotify_Params_init                     
0000a3518ec0  IpcNotify_getConfig                       
0000a3518f00  IpcNotify_getSelfCoreId                   
0000a3518f40  IpcNotify_isCoreEnabled                   
0000a3519140  IpcNotify_syncCallback                    
0000a3519180  MmuP_disableI                             
0000a35191c0  MmuP_enableI                              
0000a3519200  MmuP_enableI_secure                       
0000a3519280  MmuP_isEnabled                            
0000a35192c0  MmuP_setMAIRAsm                           
0000a3519300  MmuP_setTCR                               
0000a3519340  MmuP_tlbInvAll                            
0000a3519380  Mmu_init                                  
0000a35193c0  Pinmux_init                               
0000a3519400  PowerClock_init                           
0000a3519440  RPMessage_CreateParams_init               
0000a35194c0  RPMessage_isLinuxCore                     
0000a3519580  RPMessage_vringGetRxBufAddr               
0000a35195c0  SOC_getCoreName                           
0000a35196c0  SemaphoreP_destruct                       
0000a3519740  TaskP_yield                               
0000a3519780  TaskSupport_getStackAlignment             
0000a35197c0  TaskSupport_glue                          
0000a3519800  TaskSupport_glueUnpriv                    
0000a3519840  Task_enter                                
0000a3519880  TimerP_Params_init                        
0000a35198c0  TimerP_clearOverflowInt                   
0000a3519900  TimerP_getCount                           
0000a3519940  TimerP_getReloadCount                     
0000a3519980  TimerP_start                              
0000a35199c0  TimerP_stop                               
0000a3519d00  Utils_dataAndInstructionBarrier           
0000a3519d40  __c7xabi_fixdull                          
0000a3519d80  __c7xabi_fltulld                          
0000a3519dc0  __c7xabi_remull                           
0000a3519e00  _c_int00                                  
0000a3519e80  _nop                                      
0000a3519f80  _system_post_cinit                        
0000a3519fc0  _system_pre_init                          
0000a351a000  C$$EXIT                                   
0000a351a000  abort                                     
0000a351a040  c7x_startup_init                          
0000a351a080  exit                                      
0000a351a0c0  freertos_main                             
0000a351a100  malloc                                    
0000a351a280  putchar                                   
0000a351a2c0  putchar_                                  
0000a351a300  pvTaskIncrementMutexHeldCount             
0000a351a340  remove                                    
0000a351a380  ti_sysbios_knl_Task_Func                  
0000a351a3c0  uiPortGetRunTimeCounterValue              
0000a351a400  uxListRemove                              
0000a351a440  vApplicationGetIdleTaskMemory             
0000a351a480  vApplicationGetTimerTaskMemory            
0000a351a4c0  vApplicationIdleHook                      
0000a351a500  vListInitialise                           
0000a351a540  vListInitialiseItem                       
0000a351a580  vListInsertEnd                            
0000a351a5c0  vPortConfigTimerForRunTimeStats           
0000a351a600  vPortRestoreTaskContext                   
0000a351a640  vPortTimerTickHandler                     
0000a351a680  vPortValidateInterruptPriority            
0000a351a6c0  vPortYeildFromISR                         
0000a351a700  vQueueAddToRegistry                       
0000a351a740  vQueueUnregisterQueue                     
0000a351a780  vTaskInternalSetTimeOutState              
0000a351a7c0  vTaskMissedYield                          
0000a351a800  vTaskSuspendAll                           
0000a351a840  xPortInIsrContext                         
0000a351a880  xPortStartScheduler                       
0000a351a8c0  xTaskGetCurrentTaskHandle                 
0000a351a900  xTaskGetSchedulerState                    
0000a351a940  xTaskGetTickCount                         
0000a351b000  Mmu_level1Table                           
0000a351c000  gMmu_tableArray_NS                        
0000a352c000  Mmu_tableArraySlot_NS                     
0000a352d000  Mmu_level1Table_NS                        
0000a3600000  _c_int00_secure                           
0000a5000000  gRPMessageVringMem                        
UNDEFED       __TI_CINIT_Base                           
UNDEFED       __TI_CINIT_Limit                          
UNDEFED       __TI_Handler_Table_Base                   
UNDEFED       __TI_Handler_Table_Limit                  

[407 symbols]
